Archive member included to satisfy reference by file (symbol)

c:/altera/14.1/nios2eds/bin/gnu/h-x86_64-mingw32/bin/../lib/gcc/nios2-elf/4.8.3/mno-hw-mul\libgcc.a(_fixunssfsi.o)
                              obj/default/Servo.o (__fixunssfsi)
c:/altera/14.1/nios2eds/bin/gnu/h-x86_64-mingw32/bin/../lib/gcc/nios2-elf/4.8.3/mno-hw-mul\libgcc.a(addsf3.o)
                              obj/default/Servo.o (__addsf3)
c:/altera/14.1/nios2eds/bin/gnu/h-x86_64-mingw32/bin/../lib/gcc/nios2-elf/4.8.3/mno-hw-mul\libgcc.a(gesf2.o)
                              obj/default/Servo.o (__gesf2)
c:/altera/14.1/nios2eds/bin/gnu/h-x86_64-mingw32/bin/../lib/gcc/nios2-elf/4.8.3/mno-hw-mul\libgcc.a(mulsf3.o)
                              obj/default/Servo.o (__mulsf3)
c:/altera/14.1/nios2eds/bin/gnu/h-x86_64-mingw32/bin/../lib/gcc/nios2-elf/4.8.3/mno-hw-mul\libgcc.a(subsf3.o)
                              obj/default/Servo.o (__subsf3)
c:/altera/14.1/nios2eds/bin/gnu/h-x86_64-mingw32/bin/../lib/gcc/nios2-elf/4.8.3/mno-hw-mul\libgcc.a(fixsfsi.o)
                              c:/altera/14.1/nios2eds/bin/gnu/h-x86_64-mingw32/bin/../lib/gcc/nios2-elf/4.8.3/mno-hw-mul\libgcc.a(_fixunssfsi.o) (__fixsfsi)
c:/altera/14.1/nios2eds/bin/gnu/h-x86_64-mingw32/bin/../lib/gcc/nios2-elf/4.8.3/mno-hw-mul\libgcc.a(floatsisf.o)
                              obj/default/Servo.o (__floatsisf)
c:/altera/14.1/nios2eds/bin/gnu/h-x86_64-mingw32/bin/../lib/gcc/nios2-elf/4.8.3/mno-hw-mul\libgcc.a(muldf3.o)
                              obj/default/Servo.o (__muldf3)
c:/altera/14.1/nios2eds/bin/gnu/h-x86_64-mingw32/bin/../lib/gcc/nios2-elf/4.8.3/mno-hw-mul\libgcc.a(floatsidf.o)
                              obj/default/Servo.o (__floatsidf)
c:/altera/14.1/nios2eds/bin/gnu/h-x86_64-mingw32/bin/../lib/gcc/nios2-elf/4.8.3/mno-hw-mul\libgcc.a(truncdfsf2.o)
                              obj/default/Servo.o (__truncdfsf2)
c:/altera/14.1/nios2eds/bin/gnu/h-x86_64-mingw32/bin/../lib/gcc/nios2-elf/4.8.3/mno-hw-mul\libgcc.a(_clzsi2.o)
                              c:/altera/14.1/nios2eds/bin/gnu/h-x86_64-mingw32/bin/../lib/gcc/nios2-elf/4.8.3/mno-hw-mul\libgcc.a(addsf3.o) (__clzsi2)
c:/altera/14.1/nios2eds/bin/gnu/h-x86_64-mingw32/bin/../lib/gcc/nios2-elf/4.8.3/mno-hw-mul\libgcc.a(lib2-mul.o)
                              c:/altera/14.1/nios2eds/bin/gnu/h-x86_64-mingw32/bin/../lib/gcc/nios2-elf/4.8.3/mno-hw-mul\libgcc.a(mulsf3.o) (__mulsi3)
c:/altera/14.1/nios2eds/bin/gnu/h-x86_64-mingw32/bin/../lib/gcc/nios2-elf/4.8.3/mno-hw-mul\libgcc.a(_clz.o)
                              c:/altera/14.1/nios2eds/bin/gnu/h-x86_64-mingw32/bin/../lib/gcc/nios2-elf/4.8.3/mno-hw-mul\libgcc.a(_clzsi2.o) (__clz_tab)
../ServoDrive_bsp/\libhal_bsp.a(alt_load.o)
                              ../ServoDrive_bsp//obj/HAL/src/crt0.o (alt_load)
../ServoDrive_bsp/\libhal_bsp.a(alt_main.o)
                              ../ServoDrive_bsp//obj/HAL/src/crt0.o (alt_main)
../ServoDrive_bsp/\libhal_bsp.a(alt_usleep.o)
                              obj/default/Servo.o (usleep)
../ServoDrive_bsp/\libhal_bsp.a(alt_sys_init.o)
                              ../ServoDrive_bsp/\libhal_bsp.a(alt_main.o) (alt_irq_init)
../ServoDrive_bsp/\libhal_bsp.a(altera_avalon_jtag_uart_fd.o)
                              ../ServoDrive_bsp/\libhal_bsp.a(alt_sys_init.o) (altera_avalon_jtag_uart_read_fd)
../ServoDrive_bsp/\libhal_bsp.a(altera_avalon_jtag_uart_read.o)
                              ../ServoDrive_bsp/\libhal_bsp.a(altera_avalon_jtag_uart_fd.o) (altera_avalon_jtag_uart_read)
../ServoDrive_bsp/\libhal_bsp.a(altera_avalon_jtag_uart_write.o)
                              ../ServoDrive_bsp/\libhal_bsp.a(altera_avalon_jtag_uart_fd.o) (altera_avalon_jtag_uart_write)
../ServoDrive_bsp/\libhal_bsp.a(alt_busy_sleep.o)
                              ../ServoDrive_bsp/\libhal_bsp.a(alt_usleep.o) (alt_busy_sleep)
../ServoDrive_bsp/\libhal_bsp.a(alt_close.o)
                              ../ServoDrive_bsp/\libhal_bsp.a(alt_main.o) (close)
../ServoDrive_bsp/\libhal_bsp.a(alt_dcache_flush_all.o)
                              ../ServoDrive_bsp/\libhal_bsp.a(alt_load.o) (alt_dcache_flush_all)
../ServoDrive_bsp/\libhal_bsp.a(alt_dev.o)
                              ../ServoDrive_bsp/\libhal_bsp.a(alt_sys_init.o) (alt_dev_list)
../ServoDrive_bsp/\libhal_bsp.a(alt_dev_llist_insert.o)
                              ../ServoDrive_bsp/\libhal_bsp.a(alt_sys_init.o) (alt_dev_llist_insert)
../ServoDrive_bsp/\libhal_bsp.a(alt_do_ctors.o)
                              ../ServoDrive_bsp/\libhal_bsp.a(alt_main.o) (_do_ctors)
../ServoDrive_bsp/\libhal_bsp.a(alt_do_dtors.o)
                              ../ServoDrive_bsp/\libhal_bsp.a(alt_main.o) (_do_dtors)
../ServoDrive_bsp/\libhal_bsp.a(alt_errno.o)
                              ../ServoDrive_bsp/\libhal_bsp.a(alt_close.o) (alt_errno)
../ServoDrive_bsp/\libhal_bsp.a(alt_icache_flush_all.o)
                              ../ServoDrive_bsp/\libhal_bsp.a(alt_load.o) (alt_icache_flush_all)
../ServoDrive_bsp/\libhal_bsp.a(alt_io_redirect.o)
                              ../ServoDrive_bsp/\libhal_bsp.a(alt_main.o) (alt_io_redirect)
../ServoDrive_bsp/\libhal_bsp.a(alt_open.o)
                              ../ServoDrive_bsp/\libhal_bsp.a(alt_io_redirect.o) (open)
../ServoDrive_bsp/\libhal_bsp.a(alt_release_fd.o)
                              ../ServoDrive_bsp/\libhal_bsp.a(alt_close.o) (alt_release_fd)
../ServoDrive_bsp/\libhal_bsp.a(altera_nios2_gen2_irq.o)
                              ../ServoDrive_bsp/\libhal_bsp.a(alt_sys_init.o) (altera_nios2_gen2_irq_init)
../ServoDrive_bsp/\libhal_bsp.a(alt_find_dev.o)
                              ../ServoDrive_bsp/\libhal_bsp.a(alt_open.o) (alt_find_dev)
../ServoDrive_bsp/\libhal_bsp.a(alt_find_file.o)
                              ../ServoDrive_bsp/\libhal_bsp.a(alt_open.o) (alt_find_file)
../ServoDrive_bsp/\libhal_bsp.a(alt_get_fd.o)
                              ../ServoDrive_bsp/\libhal_bsp.a(alt_open.o) (alt_get_fd)
c:/altera/14.1/nios2eds/bin/gnu/h-x86_64-mingw32/bin/../lib/gcc/nios2-elf/4.8.3/../../../../../H-x86_64-mingw32/nios2-elf/lib/mno-hw-mul\libc.a(lib_a-atexit.o)
                              ../ServoDrive_bsp/\libhal_bsp.a(alt_main.o) (atexit)
c:/altera/14.1/nios2eds/bin/gnu/h-x86_64-mingw32/bin/../lib/gcc/nios2-elf/4.8.3/../../../../../H-x86_64-mingw32/nios2-elf/lib/mno-hw-mul\libc.a(lib_a-exit.o)
                              ../ServoDrive_bsp/\libhal_bsp.a(alt_main.o) (exit)
c:/altera/14.1/nios2eds/bin/gnu/h-x86_64-mingw32/bin/../lib/gcc/nios2-elf/4.8.3/../../../../../H-x86_64-mingw32/nios2-elf/lib/mno-hw-mul\libc.a(lib_a-impure.o)
                              c:/altera/14.1/nios2eds/bin/gnu/h-x86_64-mingw32/bin/../lib/gcc/nios2-elf/4.8.3/../../../../../H-x86_64-mingw32/nios2-elf/lib/mno-hw-mul\libc.a(lib_a-exit.o) (_global_impure_ptr)
c:/altera/14.1/nios2eds/bin/gnu/h-x86_64-mingw32/bin/../lib/gcc/nios2-elf/4.8.3/../../../../../H-x86_64-mingw32/nios2-elf/lib/mno-hw-mul\libc.a(lib_a-int_errno.o)
                              ../ServoDrive_bsp/\libhal_bsp.a(alt_close.o) (errno)
c:/altera/14.1/nios2eds/bin/gnu/h-x86_64-mingw32/bin/../lib/gcc/nios2-elf/4.8.3/../../../../../H-x86_64-mingw32/nios2-elf/lib/mno-hw-mul\libc.a(lib_a-memcmp.o)
                              ../ServoDrive_bsp/\libhal_bsp.a(alt_find_dev.o) (memcmp)
c:/altera/14.1/nios2eds/bin/gnu/h-x86_64-mingw32/bin/../lib/gcc/nios2-elf/4.8.3/../../../../../H-x86_64-mingw32/nios2-elf/lib/mno-hw-mul\libc.a(lib_a-strlen.o)
                              ../ServoDrive_bsp/\libhal_bsp.a(alt_find_dev.o) (strlen)
c:/altera/14.1/nios2eds/bin/gnu/h-x86_64-mingw32/bin/../lib/gcc/nios2-elf/4.8.3/../../../../../H-x86_64-mingw32/nios2-elf/lib/mno-hw-mul\libc.a(lib_a-__atexit.o)
                              c:/altera/14.1/nios2eds/bin/gnu/h-x86_64-mingw32/bin/../lib/gcc/nios2-elf/4.8.3/../../../../../H-x86_64-mingw32/nios2-elf/lib/mno-hw-mul\libc.a(lib_a-atexit.o) (__register_exitproc)
c:/altera/14.1/nios2eds/bin/gnu/h-x86_64-mingw32/bin/../lib/gcc/nios2-elf/4.8.3/../../../../../H-x86_64-mingw32/nios2-elf/lib/mno-hw-mul\libc.a(lib_a-__call_atexit.o)
                              c:/altera/14.1/nios2eds/bin/gnu/h-x86_64-mingw32/bin/../lib/gcc/nios2-elf/4.8.3/../../../../../H-x86_64-mingw32/nios2-elf/lib/mno-hw-mul\libc.a(lib_a-exit.o) (__call_exitprocs)
c:/altera/14.1/nios2eds/bin/gnu/h-x86_64-mingw32/bin/../lib/gcc/nios2-elf/4.8.3/mno-hw-mul\libgcc.a(lib2-divmod.o)
                              ../ServoDrive_bsp/\libhal_bsp.a(alt_busy_sleep.o) (__udivsi3)
../ServoDrive_bsp/\libhal_bsp.a(alt_exit.o)
                              c:/altera/14.1/nios2eds/bin/gnu/h-x86_64-mingw32/bin/../lib/gcc/nios2-elf/4.8.3/../../../../../H-x86_64-mingw32/nios2-elf/lib/mno-hw-mul\libc.a(lib_a-exit.o) (_exit)

Allocating common symbols
Common symbol       size              file

errno               0x4               c:/altera/14.1/nios2eds/bin/gnu/h-x86_64-mingw32/bin/../lib/gcc/nios2-elf/4.8.3/../../../../../H-x86_64-mingw32/nios2-elf/lib/mno-hw-mul\libc.a(lib_a-int_errno.o)

Memory Configuration

Name             Origin             Length             Attributes
reset            0x0000000000010000 0x0000000000000020
onchip_memory2_0 0x0000000000010020 0x000000000000ffe0
*default*        0x0000000000000000 0xffffffffffffffff

Linker script and memory map

LOAD ../ServoDrive_bsp//obj/HAL/src/crt0.o
LOAD obj/default/Servo.o
LOAD c:/altera/14.1/nios2eds/bin/gnu/h-x86_64-mingw32/bin/../lib/gcc/nios2-elf/4.8.3/../../../../../H-x86_64-mingw32/nios2-elf/lib/mno-hw-mul\libstdc++.a
LOAD c:/altera/14.1/nios2eds/bin/gnu/h-x86_64-mingw32/bin/../lib/gcc/nios2-elf/4.8.3/../../../../../H-x86_64-mingw32/nios2-elf/lib/mno-hw-mul\libm.a
LOAD c:/altera/14.1/nios2eds/bin/gnu/h-x86_64-mingw32/bin/../lib/gcc/nios2-elf/4.8.3/mno-hw-mul\libgcc.a
START GROUP
LOAD c:/altera/14.1/nios2eds/bin/gnu/h-x86_64-mingw32/bin/../lib/gcc/nios2-elf/4.8.3/../../../../../H-x86_64-mingw32/nios2-elf/lib/mno-hw-mul\libc.a
LOAD c:/altera/14.1/nios2eds/bin/gnu/h-x86_64-mingw32/bin/../lib/gcc/nios2-elf/4.8.3/mno-hw-mul\libgcc.a
LOAD ../ServoDrive_bsp/\libhal_bsp.a
END GROUP
LOAD c:/altera/14.1/nios2eds/bin/gnu/h-x86_64-mingw32/bin/../lib/gcc/nios2-elf/4.8.3/mno-hw-mul\libgcc.a
                0x0000000000010000                __alt_mem_onchip_memory2_0 = 0x10000

.entry          0x0000000000010000       0x20
 *(.entry)
 .entry         0x0000000000010000       0x20 ../ServoDrive_bsp//obj/HAL/src/crt0.o
                0x0000000000010000                __reset

.exceptions     0x0000000000010020        0x0
                0x0000000000010020                PROVIDE (__ram_exceptions_start, ABSOLUTE (.))
                0x0000000000010020                . = ALIGN (0x20)
 *(.irq)
 *(.exceptions.entry.label)
 *(.exceptions.entry.user)
 *(.exceptions.entry.ecc_fatal)
 *(.exceptions.entry)
 *(.exceptions.irqtest.user)
 *(.exceptions.irqtest)
 *(.exceptions.irqhandler.user)
 *(.exceptions.irqhandler)
 *(.exceptions.irqreturn.user)
 *(.exceptions.irqreturn)
 *(.exceptions.notirq.label)
 *(.exceptions.notirq.user)
 *(.exceptions.notirq)
 *(.exceptions.soft.user)
 *(.exceptions.soft)
 *(.exceptions.unknown.user)
 *(.exceptions.unknown)
 *(.exceptions.exit.label)
 *(.exceptions.exit.user)
 *(.exceptions.exit)
 *(.exceptions)
                0x0000000000010020                PROVIDE (__ram_exceptions_end, ABSOLUTE (.))
                0x0000000000010020                PROVIDE (__flash_exceptions_start, LOADADDR (.exceptions))

.text           0x0000000000010020     0x3b28
                0x0000000000010020                PROVIDE (stext, ABSOLUTE (.))
 *(.interp)
 *(.hash)
 *(.dynsym)
 *(.dynstr)
 *(.gnu.version)
 *(.gnu.version_d)
 *(.gnu.version_r)
 *(.rel.init)
 *(.rela.init)
 *(.rel.text .rel.text.* .rel.gnu.linkonce.t.*)
 *(.rela.text .rela.text.* .rela.gnu.linkonce.t.*)
 *(.rel.fini)
 *(.rela.fini)
 *(.rel.rodata .rel.rodata.* .rel.gnu.linkonce.r.*)
 *(.rela.rodata .rela.rodata.* .rela.gnu.linkonce.r.*)
 *(.rel.data .rel.data.* .rel.gnu.linkonce.d.*)
 *(.rela.data .rela.data.* .rela.gnu.linkonce.d.*)
 *(.rel.tdata .rel.tdata.* .rel.gnu.linkonce.td.*)
 *(.rela.tdata .rela.tdata.* .rela.gnu.linkonce.td.*)
 *(.rel.tbss .rel.tbss.* .rel.gnu.linkonce.tb.*)
 *(.rela.tbss .rela.tbss.* .rela.gnu.linkonce.tb.*)
 *(.rel.ctors)
 *(.rela.ctors)
 *(.rel.dtors)
 *(.rela.dtors)
 *(.rel.got)
 *(.rela.got)
 *(.rel.sdata .rel.sdata.* .rel.gnu.linkonce.s.*)
 *(.rela.sdata .rela.sdata.* .rela.gnu.linkonce.s.*)
 *(.rel.sbss .rel.sbss.* .rel.gnu.linkonce.sb.*)
 *(.rela.sbss .rela.sbss.* .rela.gnu.linkonce.sb.*)
 *(.rel.sdata2 .rel.sdata2.* .rel.gnu.linkonce.s2.*)
 *(.rela.sdata2 .rela.sdata2.* .rela.gnu.linkonce.s2.*)
 *(.rel.sbss2 .rel.sbss2.* .rel.gnu.linkonce.sb2.*)
 *(.rela.sbss2 .rela.sbss2.* .rela.gnu.linkonce.sb2.*)
 *(.rel.bss .rel.bss.* .rel.gnu.linkonce.b.*)
 *(.rela.bss .rela.bss.* .rela.gnu.linkonce.b.*)
 *(.rel.plt)
 *(.rela.plt)
 *(.rel.dyn)
 *(.init)
 *(.plt)
 *(.text .stub .text.* .gnu.linkonce.t.*)
 .text          0x0000000000010020       0x3c ../ServoDrive_bsp//obj/HAL/src/crt0.o
                0x0000000000010020                _start
 .text          0x000000000001005c      0x95c obj/default/Servo.o
                0x000000000001005c                SVM
                0x0000000000010828                main
 .text          0x00000000000109b8       0x70 c:/altera/14.1/nios2eds/bin/gnu/h-x86_64-mingw32/bin/../lib/gcc/nios2-elf/4.8.3/mno-hw-mul\libgcc.a(_fixunssfsi.o)
                0x00000000000109b8                __fixunssfsi
 .text          0x0000000000010a28      0x4b8 c:/altera/14.1/nios2eds/bin/gnu/h-x86_64-mingw32/bin/../lib/gcc/nios2-elf/4.8.3/mno-hw-mul\libgcc.a(addsf3.o)
                0x0000000000010a28                __addsf3
 .text          0x0000000000010ee0       0xb4 c:/altera/14.1/nios2eds/bin/gnu/h-x86_64-mingw32/bin/../lib/gcc/nios2-elf/4.8.3/mno-hw-mul\libgcc.a(gesf2.o)
                0x0000000000010ee0                __gesf2
                0x0000000000010ee0                __gtsf2
 .text          0x0000000000010f94      0x45c c:/altera/14.1/nios2eds/bin/gnu/h-x86_64-mingw32/bin/../lib/gcc/nios2-elf/4.8.3/mno-hw-mul\libgcc.a(mulsf3.o)
                0x0000000000010f94                __mulsf3
 .text          0x00000000000113f0      0x4c8 c:/altera/14.1/nios2eds/bin/gnu/h-x86_64-mingw32/bin/../lib/gcc/nios2-elf/4.8.3/mno-hw-mul\libgcc.a(subsf3.o)
                0x00000000000113f0                __subsf3
 .text          0x00000000000118b8       0x70 c:/altera/14.1/nios2eds/bin/gnu/h-x86_64-mingw32/bin/../lib/gcc/nios2-elf/4.8.3/mno-hw-mul\libgcc.a(fixsfsi.o)
                0x00000000000118b8                __fixsfsi
 .text          0x0000000000011928      0x170 c:/altera/14.1/nios2eds/bin/gnu/h-x86_64-mingw32/bin/../lib/gcc/nios2-elf/4.8.3/mno-hw-mul\libgcc.a(floatsisf.o)
                0x0000000000011928                __floatsisf
 .text          0x0000000000011a98      0x800 c:/altera/14.1/nios2eds/bin/gnu/h-x86_64-mingw32/bin/../lib/gcc/nios2-elf/4.8.3/mno-hw-mul\libgcc.a(muldf3.o)
                0x0000000000011a98                __muldf3
 .text          0x0000000000012298       0xd0 c:/altera/14.1/nios2eds/bin/gnu/h-x86_64-mingw32/bin/../lib/gcc/nios2-elf/4.8.3/mno-hw-mul\libgcc.a(floatsidf.o)
                0x0000000000012298                __floatsidf
 .text          0x0000000000012368      0x1bc c:/altera/14.1/nios2eds/bin/gnu/h-x86_64-mingw32/bin/../lib/gcc/nios2-elf/4.8.3/mno-hw-mul\libgcc.a(truncdfsf2.o)
                0x0000000000012368                __truncdfsf2
 .text          0x0000000000012524       0xac c:/altera/14.1/nios2eds/bin/gnu/h-x86_64-mingw32/bin/../lib/gcc/nios2-elf/4.8.3/mno-hw-mul\libgcc.a(_clzsi2.o)
                0x0000000000012524                __clzsi2
 .text          0x00000000000125d0       0x28 c:/altera/14.1/nios2eds/bin/gnu/h-x86_64-mingw32/bin/../lib/gcc/nios2-elf/4.8.3/mno-hw-mul\libgcc.a(lib2-mul.o)
                0x00000000000125d0                __mulsi3
 .text          0x00000000000125f8        0x0 c:/altera/14.1/nios2eds/bin/gnu/h-x86_64-mingw32/bin/../lib/gcc/nios2-elf/4.8.3/mno-hw-mul\libgcc.a(_clz.o)
 .text          0x00000000000125f8       0xe4 ../ServoDrive_bsp/\libhal_bsp.a(alt_load.o)
                0x000000000001265c                alt_load
 .text          0x00000000000126dc       0x78 ../ServoDrive_bsp/\libhal_bsp.a(alt_main.o)
                0x00000000000126dc                alt_main
 .text          0x0000000000012754       0x30 ../ServoDrive_bsp/\libhal_bsp.a(alt_usleep.o)
                0x0000000000012754                usleep
 .text          0x0000000000012784       0xa0 ../ServoDrive_bsp/\libhal_bsp.a(alt_sys_init.o)
                0x00000000000127bc                alt_irq_init
                0x00000000000127f0                alt_sys_init
 .text          0x0000000000012824       0xc0 ../ServoDrive_bsp/\libhal_bsp.a(altera_avalon_jtag_uart_fd.o)
                0x0000000000012824                altera_avalon_jtag_uart_read_fd
                0x0000000000012884                altera_avalon_jtag_uart_write_fd
 .text          0x00000000000128e4       0xe4 ../ServoDrive_bsp/\libhal_bsp.a(altera_avalon_jtag_uart_read.o)
                0x00000000000128e4                altera_avalon_jtag_uart_read
 .text          0x00000000000129c8       0x94 ../ServoDrive_bsp/\libhal_bsp.a(altera_avalon_jtag_uart_write.o)
                0x00000000000129c8                altera_avalon_jtag_uart_write
 .text          0x0000000000012a5c      0x154 ../ServoDrive_bsp/\libhal_bsp.a(alt_busy_sleep.o)
                0x0000000000012a5c                alt_busy_sleep
 .text          0x0000000000012bb0      0x120 ../ServoDrive_bsp/\libhal_bsp.a(alt_close.o)
                0x0000000000012c00                close
 .text          0x0000000000012cd0       0x1c ../ServoDrive_bsp/\libhal_bsp.a(alt_dcache_flush_all.o)
                0x0000000000012cd0                alt_dcache_flush_all
 .text          0x0000000000012cec       0x2c ../ServoDrive_bsp/\libhal_bsp.a(alt_dev.o)
 .text          0x0000000000012d18       0xf0 ../ServoDrive_bsp/\libhal_bsp.a(alt_dev_llist_insert.o)
                0x0000000000012d68                alt_dev_llist_insert
 .text          0x0000000000012e08       0x5c ../ServoDrive_bsp/\libhal_bsp.a(alt_do_ctors.o)
                0x0000000000012e08                _do_ctors
 .text          0x0000000000012e64       0x5c ../ServoDrive_bsp/\libhal_bsp.a(alt_do_dtors.o)
                0x0000000000012e64                _do_dtors
 .text          0x0000000000012ec0        0x0 ../ServoDrive_bsp/\libhal_bsp.a(alt_errno.o)
 .text          0x0000000000012ec0       0x1c ../ServoDrive_bsp/\libhal_bsp.a(alt_icache_flush_all.o)
                0x0000000000012ec0                alt_icache_flush_all
 .text          0x0000000000012edc      0x158 ../ServoDrive_bsp/\libhal_bsp.a(alt_io_redirect.o)
                0x0000000000012fbc                alt_io_redirect
 .text          0x0000000000013034      0x2a0 ../ServoDrive_bsp/\libhal_bsp.a(alt_open.o)
                0x0000000000013178                open
 .text          0x00000000000132d4       0x80 ../ServoDrive_bsp/\libhal_bsp.a(alt_release_fd.o)
                0x00000000000132d4                alt_release_fd
 .text          0x0000000000013354       0x20 ../ServoDrive_bsp/\libhal_bsp.a(altera_nios2_gen2_irq.o)
                0x0000000000013354                altera_nios2_gen2_irq_init
 .text          0x0000000000013374       0x90 ../ServoDrive_bsp/\libhal_bsp.a(alt_find_dev.o)
                0x0000000000013374                alt_find_dev
 .text          0x0000000000013404      0x114 ../ServoDrive_bsp/\libhal_bsp.a(alt_find_file.o)
                0x0000000000013404                alt_find_file
 .text          0x0000000000013518       0xd4 ../ServoDrive_bsp/\libhal_bsp.a(alt_get_fd.o)
                0x0000000000013518                alt_get_fd
 .text          0x00000000000135ec       0x14 c:/altera/14.1/nios2eds/bin/gnu/h-x86_64-mingw32/bin/../lib/gcc/nios2-elf/4.8.3/../../../../../H-x86_64-mingw32/nios2-elf/lib/mno-hw-mul\libc.a(lib_a-atexit.o)
                0x00000000000135ec                atexit
 .text          0x0000000000013600       0x38 c:/altera/14.1/nios2eds/bin/gnu/h-x86_64-mingw32/bin/../lib/gcc/nios2-elf/4.8.3/../../../../../H-x86_64-mingw32/nios2-elf/lib/mno-hw-mul\libc.a(lib_a-exit.o)
                0x0000000000013600                exit
 .text          0x0000000000013638        0x0 c:/altera/14.1/nios2eds/bin/gnu/h-x86_64-mingw32/bin/../lib/gcc/nios2-elf/4.8.3/../../../../../H-x86_64-mingw32/nios2-elf/lib/mno-hw-mul\libc.a(lib_a-impure.o)
 .text          0x0000000000013638        0x0 c:/altera/14.1/nios2eds/bin/gnu/h-x86_64-mingw32/bin/../lib/gcc/nios2-elf/4.8.3/../../../../../H-x86_64-mingw32/nios2-elf/lib/mno-hw-mul\libc.a(lib_a-int_errno.o)
 .text          0x0000000000013638       0x7c c:/altera/14.1/nios2eds/bin/gnu/h-x86_64-mingw32/bin/../lib/gcc/nios2-elf/4.8.3/../../../../../H-x86_64-mingw32/nios2-elf/lib/mno-hw-mul\libc.a(lib_a-memcmp.o)
                0x0000000000013638                memcmp
 .text          0x00000000000136b4       0x8c c:/altera/14.1/nios2eds/bin/gnu/h-x86_64-mingw32/bin/../lib/gcc/nios2-elf/4.8.3/../../../../../H-x86_64-mingw32/nios2-elf/lib/mno-hw-mul\libc.a(lib_a-strlen.o)
                0x00000000000136b4                strlen
 .text          0x0000000000013740      0x11c c:/altera/14.1/nios2eds/bin/gnu/h-x86_64-mingw32/bin/../lib/gcc/nios2-elf/4.8.3/../../../../../H-x86_64-mingw32/nios2-elf/lib/mno-hw-mul\libc.a(lib_a-__atexit.o)
                0x0000000000013740                __register_exitproc
 .text          0x000000000001385c      0x1a4 c:/altera/14.1/nios2eds/bin/gnu/h-x86_64-mingw32/bin/../lib/gcc/nios2-elf/4.8.3/../../../../../H-x86_64-mingw32/nios2-elf/lib/mno-hw-mul\libc.a(lib_a-__call_atexit.o)
                0x000000000001385c                __call_exitprocs
 .text          0x0000000000013a00      0x114 c:/altera/14.1/nios2eds/bin/gnu/h-x86_64-mingw32/bin/../lib/gcc/nios2-elf/4.8.3/mno-hw-mul\libgcc.a(lib2-divmod.o)
                0x0000000000013a70                __divsi3
                0x0000000000013ab8                __modsi3
                0x0000000000013b04                __udivsi3
                0x0000000000013b0c                __umodsi3
 .text          0x0000000000013b14       0x34 ../ServoDrive_bsp/\libhal_bsp.a(alt_exit.o)
                0x0000000000013b14                _exit
 *(.gnu.warning.*)
 *(.fini)
                0x0000000000013b48                PROVIDE (__etext, ABSOLUTE (.))
                0x0000000000013b48                PROVIDE (_etext, ABSOLUTE (.))
                0x0000000000013b48                PROVIDE (etext, ABSOLUTE (.))
 *(.eh_frame_hdr)
                0x0000000000013b48                . = ALIGN (0x4)
                0x0000000000013b48                PROVIDE (__preinit_array_start, ABSOLUTE (.))
 *(.preinit_array)
                0x0000000000013b48                PROVIDE (__preinit_array_end, ABSOLUTE (.))
                0x0000000000013b48                PROVIDE (__init_array_start, ABSOLUTE (.))
 *(.init_array)
                0x0000000000013b48                PROVIDE (__init_array_end, ABSOLUTE (.))
                0x0000000000013b48                PROVIDE (__fini_array_start, ABSOLUTE (.))
 *(.fini_array)
                0x0000000000013b48                PROVIDE (__fini_array_end, ABSOLUTE (.))
 *(.eh_frame)
 *(.gcc_except_table .gcc_except_table.*)
 *(.dynamic)
                0x0000000000013b48                PROVIDE (__CTOR_LIST__, ABSOLUTE (.))
 *(.ctors)
 *(SORT(.ctors.*))
                0x0000000000013b48                PROVIDE (__CTOR_END__, ABSOLUTE (.))
                0x0000000000013b48                PROVIDE (__DTOR_LIST__, ABSOLUTE (.))
 *(.dtors)
 *(SORT(.dtors.*))
                0x0000000000013b48                PROVIDE (__DTOR_END__, ABSOLUTE (.))
 *(.jcr)
                0x0000000000013b48                . = ALIGN (0x4)

.rodata         0x0000000000013b48      0x138
                0x0000000000013b48                PROVIDE (__ram_rodata_start, ABSOLUTE (.))
                0x0000000000013b48                . = ALIGN (0x4)
 *(.rodata .rodata.* .gnu.linkonce.r.*)
 .rodata        0x0000000000013b48      0x100 c:/altera/14.1/nios2eds/bin/gnu/h-x86_64-mingw32/bin/../lib/gcc/nios2-elf/4.8.3/mno-hw-mul\libgcc.a(_clz.o)
                0x0000000000013b48                __clz_tab
 .rodata        0x0000000000013c48       0x14 ../ServoDrive_bsp/\libhal_bsp.a(alt_main.o)
 .rodata        0x0000000000013c5c       0x14 ../ServoDrive_bsp/\libhal_bsp.a(alt_sys_init.o)
 .rodata        0x0000000000013c70        0xc ../ServoDrive_bsp/\libhal_bsp.a(alt_dev.o)
 .rodata.str1.4
                0x0000000000013c7c        0x4 c:/altera/14.1/nios2eds/bin/gnu/h-x86_64-mingw32/bin/../lib/gcc/nios2-elf/4.8.3/../../../../../H-x86_64-mingw32/nios2-elf/lib/mno-hw-mul\libc.a(lib_a-impure.o)
 *(.rodata1)
                0x0000000000013c80                . = ALIGN (0x4)
                0x0000000000013c80                PROVIDE (__ram_rodata_end, ABSOLUTE (.))
                0x0000000000013b48                PROVIDE (__flash_rodata_start, LOADADDR (.rodata))

.rwdata         0x0000000000013c80      0x63c load address 0x00000000000142bc
                0x0000000000013c80                PROVIDE (__ram_rwdata_start, ABSOLUTE (.))
                0x0000000000013c80                . = ALIGN (0x4)
 *(.got.plt)
 *(.got)
 *(.data1)
 *(.data .data.* .gnu.linkonce.d.*)
 .data          0x0000000000013c80        0x0 ../ServoDrive_bsp//obj/HAL/src/crt0.o
 .data          0x0000000000013c80        0x0 obj/default/Servo.o
 .data          0x0000000000013c80        0x0 c:/altera/14.1/nios2eds/bin/gnu/h-x86_64-mingw32/bin/../lib/gcc/nios2-elf/4.8.3/mno-hw-mul\libgcc.a(_fixunssfsi.o)
 .data          0x0000000000013c80        0x0 c:/altera/14.1/nios2eds/bin/gnu/h-x86_64-mingw32/bin/../lib/gcc/nios2-elf/4.8.3/mno-hw-mul\libgcc.a(addsf3.o)
 .data          0x0000000000013c80        0x0 c:/altera/14.1/nios2eds/bin/gnu/h-x86_64-mingw32/bin/../lib/gcc/nios2-elf/4.8.3/mno-hw-mul\libgcc.a(gesf2.o)
 .data          0x0000000000013c80        0x0 c:/altera/14.1/nios2eds/bin/gnu/h-x86_64-mingw32/bin/../lib/gcc/nios2-elf/4.8.3/mno-hw-mul\libgcc.a(mulsf3.o)
 .data          0x0000000000013c80        0x0 c:/altera/14.1/nios2eds/bin/gnu/h-x86_64-mingw32/bin/../lib/gcc/nios2-elf/4.8.3/mno-hw-mul\libgcc.a(subsf3.o)
 .data          0x0000000000013c80        0x0 c:/altera/14.1/nios2eds/bin/gnu/h-x86_64-mingw32/bin/../lib/gcc/nios2-elf/4.8.3/mno-hw-mul\libgcc.a(fixsfsi.o)
 .data          0x0000000000013c80        0x0 c:/altera/14.1/nios2eds/bin/gnu/h-x86_64-mingw32/bin/../lib/gcc/nios2-elf/4.8.3/mno-hw-mul\libgcc.a(floatsisf.o)
 .data          0x0000000000013c80        0x0 c:/altera/14.1/nios2eds/bin/gnu/h-x86_64-mingw32/bin/../lib/gcc/nios2-elf/4.8.3/mno-hw-mul\libgcc.a(muldf3.o)
 .data          0x0000000000013c80        0x0 c:/altera/14.1/nios2eds/bin/gnu/h-x86_64-mingw32/bin/../lib/gcc/nios2-elf/4.8.3/mno-hw-mul\libgcc.a(floatsidf.o)
 .data          0x0000000000013c80        0x0 c:/altera/14.1/nios2eds/bin/gnu/h-x86_64-mingw32/bin/../lib/gcc/nios2-elf/4.8.3/mno-hw-mul\libgcc.a(truncdfsf2.o)
 .data          0x0000000000013c80        0x0 c:/altera/14.1/nios2eds/bin/gnu/h-x86_64-mingw32/bin/../lib/gcc/nios2-elf/4.8.3/mno-hw-mul\libgcc.a(_clzsi2.o)
 .data          0x0000000000013c80        0x0 c:/altera/14.1/nios2eds/bin/gnu/h-x86_64-mingw32/bin/../lib/gcc/nios2-elf/4.8.3/mno-hw-mul\libgcc.a(lib2-mul.o)
 .data          0x0000000000013c80        0x0 c:/altera/14.1/nios2eds/bin/gnu/h-x86_64-mingw32/bin/../lib/gcc/nios2-elf/4.8.3/mno-hw-mul\libgcc.a(_clz.o)
 .data          0x0000000000013c80        0x0 ../ServoDrive_bsp/\libhal_bsp.a(alt_load.o)
 .data          0x0000000000013c80        0x0 ../ServoDrive_bsp/\libhal_bsp.a(alt_main.o)
 .data          0x0000000000013c80        0x0 ../ServoDrive_bsp/\libhal_bsp.a(alt_usleep.o)
 .data          0x0000000000013c80       0x2c ../ServoDrive_bsp/\libhal_bsp.a(alt_sys_init.o)
 .data          0x0000000000013cac        0x0 ../ServoDrive_bsp/\libhal_bsp.a(altera_avalon_jtag_uart_fd.o)
 .data          0x0000000000013cac        0x0 ../ServoDrive_bsp/\libhal_bsp.a(altera_avalon_jtag_uart_read.o)
 .data          0x0000000000013cac        0x0 ../ServoDrive_bsp/\libhal_bsp.a(altera_avalon_jtag_uart_write.o)
 .data          0x0000000000013cac        0x0 ../ServoDrive_bsp/\libhal_bsp.a(alt_busy_sleep.o)
 .data          0x0000000000013cac        0x0 ../ServoDrive_bsp/\libhal_bsp.a(alt_close.o)
 .data          0x0000000000013cac        0x0 ../ServoDrive_bsp/\libhal_bsp.a(alt_dcache_flush_all.o)
 .data          0x0000000000013cac      0x1a8 ../ServoDrive_bsp/\libhal_bsp.a(alt_dev.o)
                0x0000000000013cac                alt_dev_null
                0x0000000000013cd4                alt_fd_list
 .data          0x0000000000013e54        0x0 ../ServoDrive_bsp/\libhal_bsp.a(alt_dev_llist_insert.o)
 .data          0x0000000000013e54        0x0 ../ServoDrive_bsp/\libhal_bsp.a(alt_do_ctors.o)
 .data          0x0000000000013e54        0x0 ../ServoDrive_bsp/\libhal_bsp.a(alt_do_dtors.o)
 .data          0x0000000000013e54        0x0 ../ServoDrive_bsp/\libhal_bsp.a(alt_errno.o)
 .data          0x0000000000013e54        0x0 ../ServoDrive_bsp/\libhal_bsp.a(alt_icache_flush_all.o)
 .data          0x0000000000013e54        0x0 ../ServoDrive_bsp/\libhal_bsp.a(alt_io_redirect.o)
 .data          0x0000000000013e54        0x0 ../ServoDrive_bsp/\libhal_bsp.a(alt_open.o)
 .data          0x0000000000013e54        0x0 ../ServoDrive_bsp/\libhal_bsp.a(alt_release_fd.o)
 .data          0x0000000000013e54        0x0 ../ServoDrive_bsp/\libhal_bsp.a(altera_nios2_gen2_irq.o)
 .data          0x0000000000013e54        0x0 ../ServoDrive_bsp/\libhal_bsp.a(alt_find_dev.o)
 .data          0x0000000000013e54        0x0 ../ServoDrive_bsp/\libhal_bsp.a(alt_find_file.o)
 .data          0x0000000000013e54        0x0 ../ServoDrive_bsp/\libhal_bsp.a(alt_get_fd.o)
 .data          0x0000000000013e54        0x0 c:/altera/14.1/nios2eds/bin/gnu/h-x86_64-mingw32/bin/../lib/gcc/nios2-elf/4.8.3/../../../../../H-x86_64-mingw32/nios2-elf/lib/mno-hw-mul\libc.a(lib_a-atexit.o)
 .data          0x0000000000013e54        0x0 c:/altera/14.1/nios2eds/bin/gnu/h-x86_64-mingw32/bin/../lib/gcc/nios2-elf/4.8.3/../../../../../H-x86_64-mingw32/nios2-elf/lib/mno-hw-mul\libc.a(lib_a-exit.o)
 .data          0x0000000000013e54      0x424 c:/altera/14.1/nios2eds/bin/gnu/h-x86_64-mingw32/bin/../lib/gcc/nios2-elf/4.8.3/../../../../../H-x86_64-mingw32/nios2-elf/lib/mno-hw-mul\libc.a(lib_a-impure.o)
 .data          0x0000000000014278        0x0 c:/altera/14.1/nios2eds/bin/gnu/h-x86_64-mingw32/bin/../lib/gcc/nios2-elf/4.8.3/../../../../../H-x86_64-mingw32/nios2-elf/lib/mno-hw-mul\libc.a(lib_a-int_errno.o)
 .data          0x0000000000014278        0x0 c:/altera/14.1/nios2eds/bin/gnu/h-x86_64-mingw32/bin/../lib/gcc/nios2-elf/4.8.3/../../../../../H-x86_64-mingw32/nios2-elf/lib/mno-hw-mul\libc.a(lib_a-memcmp.o)
 .data          0x0000000000014278        0x0 c:/altera/14.1/nios2eds/bin/gnu/h-x86_64-mingw32/bin/../lib/gcc/nios2-elf/4.8.3/../../../../../H-x86_64-mingw32/nios2-elf/lib/mno-hw-mul\libc.a(lib_a-strlen.o)
 .data          0x0000000000014278        0x0 c:/altera/14.1/nios2eds/bin/gnu/h-x86_64-mingw32/bin/../lib/gcc/nios2-elf/4.8.3/../../../../../H-x86_64-mingw32/nios2-elf/lib/mno-hw-mul\libc.a(lib_a-__atexit.o)
 .data          0x0000000000014278        0x0 c:/altera/14.1/nios2eds/bin/gnu/h-x86_64-mingw32/bin/../lib/gcc/nios2-elf/4.8.3/../../../../../H-x86_64-mingw32/nios2-elf/lib/mno-hw-mul\libc.a(lib_a-__call_atexit.o)
 .data          0x0000000000014278        0x0 c:/altera/14.1/nios2eds/bin/gnu/h-x86_64-mingw32/bin/../lib/gcc/nios2-elf/4.8.3/mno-hw-mul\libgcc.a(lib2-divmod.o)
 .data          0x0000000000014278        0x0 ../ServoDrive_bsp/\libhal_bsp.a(alt_exit.o)
                0x000000000001c278                _gp = ABSOLUTE ((. + 0x8000))
                0x000000000001c278                PROVIDE (gp, _gp)
 *(.rwdata .rwdata.*)
 *(.sdata .sdata.* .gnu.linkonce.s.*)
 .sdata         0x0000000000014278       0x24 obj/default/Servo.o
 .sdata         0x000000000001429c       0x14 ../ServoDrive_bsp/\libhal_bsp.a(alt_dev.o)
                0x000000000001429c                alt_fs_list
                0x00000000000142a4                alt_dev_list
                0x00000000000142ac                alt_max_fd
 .sdata         0x00000000000142b0        0x4 ../ServoDrive_bsp/\libhal_bsp.a(alt_errno.o)
                0x00000000000142b0                alt_errno
 .sdata         0x00000000000142b4        0x8 c:/altera/14.1/nios2eds/bin/gnu/h-x86_64-mingw32/bin/../lib/gcc/nios2-elf/4.8.3/../../../../../H-x86_64-mingw32/nios2-elf/lib/mno-hw-mul\libc.a(lib_a-impure.o)
                0x00000000000142b4                _global_impure_ptr
                0x00000000000142b8                _impure_ptr
 *(.sdata2 .sdata2.* .gnu.linkonce.s2.*)
                0x00000000000142bc                . = ALIGN (0x4)
                0x00000000000142bc                _edata = ABSOLUTE (.)
                0x00000000000142bc                PROVIDE (edata, ABSOLUTE (.))
                0x00000000000142bc                PROVIDE (__ram_rwdata_end, ABSOLUTE (.))
                0x00000000000142bc                PROVIDE (__flash_rwdata_start, LOADADDR (.rwdata))

.bss            0x00000000000148f8       0x10
                0x00000000000148f8                __bss_start = ABSOLUTE (.)
                0x00000000000148f8                PROVIDE (__sbss_start, ABSOLUTE (.))
                0x00000000000148f8                PROVIDE (___sbss_start, ABSOLUTE (.))
 *(.dynsbss)
 *(.sbss .sbss.* .gnu.linkonce.sb.*)
 .sbss          0x00000000000148f8        0xc ../ServoDrive_bsp/\libhal_bsp.a(alt_main.o)
                0x00000000000148f8                alt_argc
                0x00000000000148fc                alt_argv
                0x0000000000014900                alt_envp
 .sbss          0x0000000000014904        0x4 c:/altera/14.1/nios2eds/bin/gnu/h-x86_64-mingw32/bin/../lib/gcc/nios2-elf/4.8.3/../../../../../H-x86_64-mingw32/nios2-elf/lib/mno-hw-mul\libc.a(lib_a-int_errno.o)
                0x0000000000014904                errno
 *(.sbss2 .sbss2.* .gnu.linkonce.sb2.*)
 *(.scommon)
                0x0000000000014908                PROVIDE (__sbss_end, ABSOLUTE (.))
                0x0000000000014908                PROVIDE (___sbss_end, ABSOLUTE (.))
 *(.dynbss)
 *(.bss .bss.* .gnu.linkonce.b.*)
 .bss           0x0000000000014908        0x0 ../ServoDrive_bsp//obj/HAL/src/crt0.o
 .bss           0x0000000000014908        0x0 obj/default/Servo.o
 .bss           0x0000000000014908        0x0 c:/altera/14.1/nios2eds/bin/gnu/h-x86_64-mingw32/bin/../lib/gcc/nios2-elf/4.8.3/mno-hw-mul\libgcc.a(_fixunssfsi.o)
 .bss           0x0000000000014908        0x0 c:/altera/14.1/nios2eds/bin/gnu/h-x86_64-mingw32/bin/../lib/gcc/nios2-elf/4.8.3/mno-hw-mul\libgcc.a(addsf3.o)
 .bss           0x0000000000014908        0x0 c:/altera/14.1/nios2eds/bin/gnu/h-x86_64-mingw32/bin/../lib/gcc/nios2-elf/4.8.3/mno-hw-mul\libgcc.a(gesf2.o)
 .bss           0x0000000000014908        0x0 c:/altera/14.1/nios2eds/bin/gnu/h-x86_64-mingw32/bin/../lib/gcc/nios2-elf/4.8.3/mno-hw-mul\libgcc.a(mulsf3.o)
 .bss           0x0000000000014908        0x0 c:/altera/14.1/nios2eds/bin/gnu/h-x86_64-mingw32/bin/../lib/gcc/nios2-elf/4.8.3/mno-hw-mul\libgcc.a(subsf3.o)
 .bss           0x0000000000014908        0x0 c:/altera/14.1/nios2eds/bin/gnu/h-x86_64-mingw32/bin/../lib/gcc/nios2-elf/4.8.3/mno-hw-mul\libgcc.a(fixsfsi.o)
 .bss           0x0000000000014908        0x0 c:/altera/14.1/nios2eds/bin/gnu/h-x86_64-mingw32/bin/../lib/gcc/nios2-elf/4.8.3/mno-hw-mul\libgcc.a(floatsisf.o)
 .bss           0x0000000000014908        0x0 c:/altera/14.1/nios2eds/bin/gnu/h-x86_64-mingw32/bin/../lib/gcc/nios2-elf/4.8.3/mno-hw-mul\libgcc.a(muldf3.o)
 .bss           0x0000000000014908        0x0 c:/altera/14.1/nios2eds/bin/gnu/h-x86_64-mingw32/bin/../lib/gcc/nios2-elf/4.8.3/mno-hw-mul\libgcc.a(floatsidf.o)
 .bss           0x0000000000014908        0x0 c:/altera/14.1/nios2eds/bin/gnu/h-x86_64-mingw32/bin/../lib/gcc/nios2-elf/4.8.3/mno-hw-mul\libgcc.a(truncdfsf2.o)
 .bss           0x0000000000014908        0x0 c:/altera/14.1/nios2eds/bin/gnu/h-x86_64-mingw32/bin/../lib/gcc/nios2-elf/4.8.3/mno-hw-mul\libgcc.a(_clzsi2.o)
 .bss           0x0000000000014908        0x0 c:/altera/14.1/nios2eds/bin/gnu/h-x86_64-mingw32/bin/../lib/gcc/nios2-elf/4.8.3/mno-hw-mul\libgcc.a(lib2-mul.o)
 .bss           0x0000000000014908        0x0 c:/altera/14.1/nios2eds/bin/gnu/h-x86_64-mingw32/bin/../lib/gcc/nios2-elf/4.8.3/mno-hw-mul\libgcc.a(_clz.o)
 .bss           0x0000000000014908        0x0 ../ServoDrive_bsp/\libhal_bsp.a(alt_load.o)
 .bss           0x0000000000014908        0x0 ../ServoDrive_bsp/\libhal_bsp.a(alt_main.o)
 .bss           0x0000000000014908        0x0 ../ServoDrive_bsp/\libhal_bsp.a(alt_usleep.o)
 .bss           0x0000000000014908        0x0 ../ServoDrive_bsp/\libhal_bsp.a(alt_sys_init.o)
 .bss           0x0000000000014908        0x0 ../ServoDrive_bsp/\libhal_bsp.a(altera_avalon_jtag_uart_fd.o)
 .bss           0x0000000000014908        0x0 ../ServoDrive_bsp/\libhal_bsp.a(altera_avalon_jtag_uart_read.o)
 .bss           0x0000000000014908        0x0 ../ServoDrive_bsp/\libhal_bsp.a(altera_avalon_jtag_uart_write.o)
 .bss           0x0000000000014908        0x0 ../ServoDrive_bsp/\libhal_bsp.a(alt_busy_sleep.o)
 .bss           0x0000000000014908        0x0 ../ServoDrive_bsp/\libhal_bsp.a(alt_close.o)
 .bss           0x0000000000014908        0x0 ../ServoDrive_bsp/\libhal_bsp.a(alt_dcache_flush_all.o)
 .bss           0x0000000000014908        0x0 ../ServoDrive_bsp/\libhal_bsp.a(alt_dev.o)
 .bss           0x0000000000014908        0x0 ../ServoDrive_bsp/\libhal_bsp.a(alt_dev_llist_insert.o)
 .bss           0x0000000000014908        0x0 ../ServoDrive_bsp/\libhal_bsp.a(alt_do_ctors.o)
 .bss           0x0000000000014908        0x0 ../ServoDrive_bsp/\libhal_bsp.a(alt_do_dtors.o)
 .bss           0x0000000000014908        0x0 ../ServoDrive_bsp/\libhal_bsp.a(alt_errno.o)
 .bss           0x0000000000014908        0x0 ../ServoDrive_bsp/\libhal_bsp.a(alt_icache_flush_all.o)
 .bss           0x0000000000014908        0x0 ../ServoDrive_bsp/\libhal_bsp.a(alt_io_redirect.o)
 .bss           0x0000000000014908        0x0 ../ServoDrive_bsp/\libhal_bsp.a(alt_open.o)
 .bss           0x0000000000014908        0x0 ../ServoDrive_bsp/\libhal_bsp.a(alt_release_fd.o)
 .bss           0x0000000000014908        0x0 ../ServoDrive_bsp/\libhal_bsp.a(altera_nios2_gen2_irq.o)
 .bss           0x0000000000014908        0x0 ../ServoDrive_bsp/\libhal_bsp.a(alt_find_dev.o)
 .bss           0x0000000000014908        0x0 ../ServoDrive_bsp/\libhal_bsp.a(alt_find_file.o)
 .bss           0x0000000000014908        0x0 ../ServoDrive_bsp/\libhal_bsp.a(alt_get_fd.o)
 .bss           0x0000000000014908        0x0 c:/altera/14.1/nios2eds/bin/gnu/h-x86_64-mingw32/bin/../lib/gcc/nios2-elf/4.8.3/../../../../../H-x86_64-mingw32/nios2-elf/lib/mno-hw-mul\libc.a(lib_a-atexit.o)
 .bss           0x0000000000014908        0x0 c:/altera/14.1/nios2eds/bin/gnu/h-x86_64-mingw32/bin/../lib/gcc/nios2-elf/4.8.3/../../../../../H-x86_64-mingw32/nios2-elf/lib/mno-hw-mul\libc.a(lib_a-exit.o)
 .bss           0x0000000000014908        0x0 c:/altera/14.1/nios2eds/bin/gnu/h-x86_64-mingw32/bin/../lib/gcc/nios2-elf/4.8.3/../../../../../H-x86_64-mingw32/nios2-elf/lib/mno-hw-mul\libc.a(lib_a-impure.o)
 .bss           0x0000000000014908        0x0 c:/altera/14.1/nios2eds/bin/gnu/h-x86_64-mingw32/bin/../lib/gcc/nios2-elf/4.8.3/../../../../../H-x86_64-mingw32/nios2-elf/lib/mno-hw-mul\libc.a(lib_a-int_errno.o)
 .bss           0x0000000000014908        0x0 c:/altera/14.1/nios2eds/bin/gnu/h-x86_64-mingw32/bin/../lib/gcc/nios2-elf/4.8.3/../../../../../H-x86_64-mingw32/nios2-elf/lib/mno-hw-mul\libc.a(lib_a-memcmp.o)
 .bss           0x0000000000014908        0x0 c:/altera/14.1/nios2eds/bin/gnu/h-x86_64-mingw32/bin/../lib/gcc/nios2-elf/4.8.3/../../../../../H-x86_64-mingw32/nios2-elf/lib/mno-hw-mul\libc.a(lib_a-strlen.o)
 .bss           0x0000000000014908        0x0 c:/altera/14.1/nios2eds/bin/gnu/h-x86_64-mingw32/bin/../lib/gcc/nios2-elf/4.8.3/../../../../../H-x86_64-mingw32/nios2-elf/lib/mno-hw-mul\libc.a(lib_a-__atexit.o)
 .bss           0x0000000000014908        0x0 c:/altera/14.1/nios2eds/bin/gnu/h-x86_64-mingw32/bin/../lib/gcc/nios2-elf/4.8.3/../../../../../H-x86_64-mingw32/nios2-elf/lib/mno-hw-mul\libc.a(lib_a-__call_atexit.o)
 .bss           0x0000000000014908        0x0 c:/altera/14.1/nios2eds/bin/gnu/h-x86_64-mingw32/bin/../lib/gcc/nios2-elf/4.8.3/mno-hw-mul\libgcc.a(lib2-divmod.o)
 .bss           0x0000000000014908        0x0 ../ServoDrive_bsp/\libhal_bsp.a(alt_exit.o)
 *(COMMON)
                0x0000000000014908                . = ALIGN (0x4)
                0x0000000000014908                __bss_end = ABSOLUTE (.)

.onchip_memory2_0
                0x0000000000014908        0x0
                0x0000000000014908                PROVIDE (_alt_partition_onchip_memory2_0_start, ABSOLUTE (.))
 *(.onchip_memory2_0 .onchip_memory2_0. onchip_memory2_0.*)
                0x0000000000014908                . = ALIGN (0x4)
                0x0000000000014908                PROVIDE (_alt_partition_onchip_memory2_0_end, ABSOLUTE (.))
                0x0000000000014908                _end = ABSOLUTE (.)
                0x0000000000014908                end = ABSOLUTE (.)
                0x0000000000014908                __alt_stack_base = ABSOLUTE (.)
                0x0000000000014908                PROVIDE (_alt_partition_onchip_memory2_0_load_addr, LOADADDR (.onchip_memory2_0))

.stab
 *(.stab)

.stabstr
 *(.stabstr)

.stab.excl
 *(.stab.excl)

.stab.exclstr
 *(.stab.exclstr)

.stab.index
 *(.stab.index)

.stab.indexstr
 *(.stab.indexstr)

.comment        0x0000000000000000       0x39
 *(.comment)
 .comment       0x0000000000000000       0x39 obj/default/Servo.o
                                         0x3a (size before relaxing)
 .comment       0x0000000000000000       0x3a c:/altera/14.1/nios2eds/bin/gnu/h-x86_64-mingw32/bin/../lib/gcc/nios2-elf/4.8.3/mno-hw-mul\libgcc.a(_fixunssfsi.o)
 .comment       0x0000000000000000       0x3a c:/altera/14.1/nios2eds/bin/gnu/h-x86_64-mingw32/bin/../lib/gcc/nios2-elf/4.8.3/mno-hw-mul\libgcc.a(addsf3.o)
 .comment       0x0000000000000000       0x3a c:/altera/14.1/nios2eds/bin/gnu/h-x86_64-mingw32/bin/../lib/gcc/nios2-elf/4.8.3/mno-hw-mul\libgcc.a(gesf2.o)
 .comment       0x0000000000000000       0x3a c:/altera/14.1/nios2eds/bin/gnu/h-x86_64-mingw32/bin/../lib/gcc/nios2-elf/4.8.3/mno-hw-mul\libgcc.a(mulsf3.o)
 .comment       0x0000000000000000       0x3a c:/altera/14.1/nios2eds/bin/gnu/h-x86_64-mingw32/bin/../lib/gcc/nios2-elf/4.8.3/mno-hw-mul\libgcc.a(subsf3.o)
 .comment       0x0000000000000000       0x3a c:/altera/14.1/nios2eds/bin/gnu/h-x86_64-mingw32/bin/../lib/gcc/nios2-elf/4.8.3/mno-hw-mul\libgcc.a(fixsfsi.o)
 .comment       0x0000000000000000       0x3a c:/altera/14.1/nios2eds/bin/gnu/h-x86_64-mingw32/bin/../lib/gcc/nios2-elf/4.8.3/mno-hw-mul\libgcc.a(floatsisf.o)
 .comment       0x0000000000000000       0x3a c:/altera/14.1/nios2eds/bin/gnu/h-x86_64-mingw32/bin/../lib/gcc/nios2-elf/4.8.3/mno-hw-mul\libgcc.a(muldf3.o)
 .comment       0x0000000000000000       0x3a c:/altera/14.1/nios2eds/bin/gnu/h-x86_64-mingw32/bin/../lib/gcc/nios2-elf/4.8.3/mno-hw-mul\libgcc.a(floatsidf.o)
 .comment       0x0000000000000000       0x3a c:/altera/14.1/nios2eds/bin/gnu/h-x86_64-mingw32/bin/../lib/gcc/nios2-elf/4.8.3/mno-hw-mul\libgcc.a(truncdfsf2.o)
 .comment       0x0000000000000000       0x3a c:/altera/14.1/nios2eds/bin/gnu/h-x86_64-mingw32/bin/../lib/gcc/nios2-elf/4.8.3/mno-hw-mul\libgcc.a(_clzsi2.o)
 .comment       0x0000000000000000       0x3a c:/altera/14.1/nios2eds/bin/gnu/h-x86_64-mingw32/bin/../lib/gcc/nios2-elf/4.8.3/mno-hw-mul\libgcc.a(lib2-mul.o)
 .comment       0x0000000000000000       0x3a c:/altera/14.1/nios2eds/bin/gnu/h-x86_64-mingw32/bin/../lib/gcc/nios2-elf/4.8.3/mno-hw-mul\libgcc.a(_clz.o)
 .comment       0x0000000000000000       0x3a ../ServoDrive_bsp/\libhal_bsp.a(alt_load.o)
 .comment       0x0000000000000000       0x3a ../ServoDrive_bsp/\libhal_bsp.a(alt_main.o)
 .comment       0x0000000000000000       0x3a ../ServoDrive_bsp/\libhal_bsp.a(alt_usleep.o)
 .comment       0x0000000000000000       0x3a ../ServoDrive_bsp/\libhal_bsp.a(alt_sys_init.o)
 .comment       0x0000000000000000       0x3a ../ServoDrive_bsp/\libhal_bsp.a(altera_avalon_jtag_uart_fd.o)
 .comment       0x0000000000000000       0x3a ../ServoDrive_bsp/\libhal_bsp.a(altera_avalon_jtag_uart_read.o)
 .comment       0x0000000000000000       0x3a ../ServoDrive_bsp/\libhal_bsp.a(altera_avalon_jtag_uart_write.o)
 .comment       0x0000000000000000       0x3a ../ServoDrive_bsp/\libhal_bsp.a(alt_busy_sleep.o)
 .comment       0x0000000000000000       0x3a ../ServoDrive_bsp/\libhal_bsp.a(alt_close.o)
 .comment       0x0000000000000000       0x3a ../ServoDrive_bsp/\libhal_bsp.a(alt_dcache_flush_all.o)
 .comment       0x0000000000000000       0x3a ../ServoDrive_bsp/\libhal_bsp.a(alt_dev.o)
 .comment       0x0000000000000000       0x3a ../ServoDrive_bsp/\libhal_bsp.a(alt_dev_llist_insert.o)
 .comment       0x0000000000000000       0x3a ../ServoDrive_bsp/\libhal_bsp.a(alt_do_ctors.o)
 .comment       0x0000000000000000       0x3a ../ServoDrive_bsp/\libhal_bsp.a(alt_do_dtors.o)
 .comment       0x0000000000000000       0x3a ../ServoDrive_bsp/\libhal_bsp.a(alt_errno.o)
 .comment       0x0000000000000000       0x3a ../ServoDrive_bsp/\libhal_bsp.a(alt_icache_flush_all.o)
 .comment       0x0000000000000000       0x3a ../ServoDrive_bsp/\libhal_bsp.a(alt_io_redirect.o)
 .comment       0x0000000000000000       0x3a ../ServoDrive_bsp/\libhal_bsp.a(alt_open.o)
 .comment       0x0000000000000000       0x3a ../ServoDrive_bsp/\libhal_bsp.a(alt_release_fd.o)
 .comment       0x0000000000000000       0x3a ../ServoDrive_bsp/\libhal_bsp.a(altera_nios2_gen2_irq.o)
 .comment       0x0000000000000000       0x3a ../ServoDrive_bsp/\libhal_bsp.a(alt_find_dev.o)
 .comment       0x0000000000000000       0x3a ../ServoDrive_bsp/\libhal_bsp.a(alt_find_file.o)
 .comment       0x0000000000000000       0x3a ../ServoDrive_bsp/\libhal_bsp.a(alt_get_fd.o)
 .comment       0x0000000000000000       0x3a c:/altera/14.1/nios2eds/bin/gnu/h-x86_64-mingw32/bin/../lib/gcc/nios2-elf/4.8.3/../../../../../H-x86_64-mingw32/nios2-elf/lib/mno-hw-mul\libc.a(lib_a-atexit.o)
 .comment       0x0000000000000000       0x3a c:/altera/14.1/nios2eds/bin/gnu/h-x86_64-mingw32/bin/../lib/gcc/nios2-elf/4.8.3/../../../../../H-x86_64-mingw32/nios2-elf/lib/mno-hw-mul\libc.a(lib_a-exit.o)
 .comment       0x0000000000000000       0x3a c:/altera/14.1/nios2eds/bin/gnu/h-x86_64-mingw32/bin/../lib/gcc/nios2-elf/4.8.3/../../../../../H-x86_64-mingw32/nios2-elf/lib/mno-hw-mul\libc.a(lib_a-impure.o)
 .comment       0x0000000000000000       0x3a c:/altera/14.1/nios2eds/bin/gnu/h-x86_64-mingw32/bin/../lib/gcc/nios2-elf/4.8.3/../../../../../H-x86_64-mingw32/nios2-elf/lib/mno-hw-mul\libc.a(lib_a-int_errno.o)
 .comment       0x0000000000000000       0x3a c:/altera/14.1/nios2eds/bin/gnu/h-x86_64-mingw32/bin/../lib/gcc/nios2-elf/4.8.3/../../../../../H-x86_64-mingw32/nios2-elf/lib/mno-hw-mul\libc.a(lib_a-memcmp.o)
 .comment       0x0000000000000000       0x3a c:/altera/14.1/nios2eds/bin/gnu/h-x86_64-mingw32/bin/../lib/gcc/nios2-elf/4.8.3/../../../../../H-x86_64-mingw32/nios2-elf/lib/mno-hw-mul\libc.a(lib_a-strlen.o)
 .comment       0x0000000000000000       0x3a c:/altera/14.1/nios2eds/bin/gnu/h-x86_64-mingw32/bin/../lib/gcc/nios2-elf/4.8.3/../../../../../H-x86_64-mingw32/nios2-elf/lib/mno-hw-mul\libc.a(lib_a-__atexit.o)
 .comment       0x0000000000000000       0x3a c:/altera/14.1/nios2eds/bin/gnu/h-x86_64-mingw32/bin/../lib/gcc/nios2-elf/4.8.3/../../../../../H-x86_64-mingw32/nios2-elf/lib/mno-hw-mul\libc.a(lib_a-__call_atexit.o)
 .comment       0x0000000000000000       0x3a c:/altera/14.1/nios2eds/bin/gnu/h-x86_64-mingw32/bin/../lib/gcc/nios2-elf/4.8.3/mno-hw-mul\libgcc.a(lib2-divmod.o)
 .comment       0x0000000000000000       0x3a ../ServoDrive_bsp/\libhal_bsp.a(alt_exit.o)

.debug
 *(.debug)

.line
 *(.line)

.debug_srcinfo
 *(.debug_srcinfo)

.debug_sfnames
 *(.debug_sfnames)

.debug_aranges  0x0000000000000000      0x5e8
 *(.debug_aranges)
 .debug_aranges
                0x0000000000000000       0x28 ../ServoDrive_bsp//obj/HAL/src/crt0.o
 .debug_aranges
                0x0000000000000028       0x20 obj/default/Servo.o
 .debug_aranges
                0x0000000000000048       0x20 c:/altera/14.1/nios2eds/bin/gnu/h-x86_64-mingw32/bin/../lib/gcc/nios2-elf/4.8.3/mno-hw-mul\libgcc.a(_fixunssfsi.o)
 .debug_aranges
                0x0000000000000068       0x20 c:/altera/14.1/nios2eds/bin/gnu/h-x86_64-mingw32/bin/../lib/gcc/nios2-elf/4.8.3/mno-hw-mul\libgcc.a(addsf3.o)
 .debug_aranges
                0x0000000000000088       0x20 c:/altera/14.1/nios2eds/bin/gnu/h-x86_64-mingw32/bin/../lib/gcc/nios2-elf/4.8.3/mno-hw-mul\libgcc.a(gesf2.o)
 .debug_aranges
                0x00000000000000a8       0x20 c:/altera/14.1/nios2eds/bin/gnu/h-x86_64-mingw32/bin/../lib/gcc/nios2-elf/4.8.3/mno-hw-mul\libgcc.a(mulsf3.o)
 .debug_aranges
                0x00000000000000c8       0x20 c:/altera/14.1/nios2eds/bin/gnu/h-x86_64-mingw32/bin/../lib/gcc/nios2-elf/4.8.3/mno-hw-mul\libgcc.a(subsf3.o)
 .debug_aranges
                0x00000000000000e8       0x20 c:/altera/14.1/nios2eds/bin/gnu/h-x86_64-mingw32/bin/../lib/gcc/nios2-elf/4.8.3/mno-hw-mul\libgcc.a(fixsfsi.o)
 .debug_aranges
                0x0000000000000108       0x20 c:/altera/14.1/nios2eds/bin/gnu/h-x86_64-mingw32/bin/../lib/gcc/nios2-elf/4.8.3/mno-hw-mul\libgcc.a(floatsisf.o)
 .debug_aranges
                0x0000000000000128       0x20 c:/altera/14.1/nios2eds/bin/gnu/h-x86_64-mingw32/bin/../lib/gcc/nios2-elf/4.8.3/mno-hw-mul\libgcc.a(muldf3.o)
 .debug_aranges
                0x0000000000000148       0x20 c:/altera/14.1/nios2eds/bin/gnu/h-x86_64-mingw32/bin/../lib/gcc/nios2-elf/4.8.3/mno-hw-mul\libgcc.a(floatsidf.o)
 .debug_aranges
                0x0000000000000168       0x20 c:/altera/14.1/nios2eds/bin/gnu/h-x86_64-mingw32/bin/../lib/gcc/nios2-elf/4.8.3/mno-hw-mul\libgcc.a(truncdfsf2.o)
 .debug_aranges
                0x0000000000000188       0x20 c:/altera/14.1/nios2eds/bin/gnu/h-x86_64-mingw32/bin/../lib/gcc/nios2-elf/4.8.3/mno-hw-mul\libgcc.a(_clzsi2.o)
 .debug_aranges
                0x00000000000001a8       0x20 c:/altera/14.1/nios2eds/bin/gnu/h-x86_64-mingw32/bin/../lib/gcc/nios2-elf/4.8.3/mno-hw-mul\libgcc.a(lib2-mul.o)
 .debug_aranges
                0x00000000000001c8       0x18 c:/altera/14.1/nios2eds/bin/gnu/h-x86_64-mingw32/bin/../lib/gcc/nios2-elf/4.8.3/mno-hw-mul\libgcc.a(_clz.o)
 .debug_aranges
                0x00000000000001e0       0x20 ../ServoDrive_bsp/\libhal_bsp.a(alt_load.o)
 .debug_aranges
                0x0000000000000200       0x20 ../ServoDrive_bsp/\libhal_bsp.a(alt_main.o)
 .debug_aranges
                0x0000000000000220       0x20 ../ServoDrive_bsp/\libhal_bsp.a(alt_usleep.o)
 .debug_aranges
                0x0000000000000240       0x20 ../ServoDrive_bsp/\libhal_bsp.a(alt_sys_init.o)
 .debug_aranges
                0x0000000000000260       0x20 ../ServoDrive_bsp/\libhal_bsp.a(altera_avalon_jtag_uart_fd.o)
 .debug_aranges
                0x0000000000000280       0x20 ../ServoDrive_bsp/\libhal_bsp.a(altera_avalon_jtag_uart_read.o)
 .debug_aranges
                0x00000000000002a0       0x20 ../ServoDrive_bsp/\libhal_bsp.a(altera_avalon_jtag_uart_write.o)
 .debug_aranges
                0x00000000000002c0       0x20 ../ServoDrive_bsp/\libhal_bsp.a(alt_busy_sleep.o)
 .debug_aranges
                0x00000000000002e0       0x20 ../ServoDrive_bsp/\libhal_bsp.a(alt_close.o)
 .debug_aranges
                0x0000000000000300       0x20 ../ServoDrive_bsp/\libhal_bsp.a(alt_dcache_flush_all.o)
 .debug_aranges
                0x0000000000000320       0x20 ../ServoDrive_bsp/\libhal_bsp.a(alt_dev.o)
 .debug_aranges
                0x0000000000000340       0x20 ../ServoDrive_bsp/\libhal_bsp.a(alt_dev_llist_insert.o)
 .debug_aranges
                0x0000000000000360       0x20 ../ServoDrive_bsp/\libhal_bsp.a(alt_do_ctors.o)
 .debug_aranges
                0x0000000000000380       0x20 ../ServoDrive_bsp/\libhal_bsp.a(alt_do_dtors.o)
 .debug_aranges
                0x00000000000003a0       0x18 ../ServoDrive_bsp/\libhal_bsp.a(alt_errno.o)
 .debug_aranges
                0x00000000000003b8       0x20 ../ServoDrive_bsp/\libhal_bsp.a(alt_icache_flush_all.o)
 .debug_aranges
                0x00000000000003d8       0x20 ../ServoDrive_bsp/\libhal_bsp.a(alt_io_redirect.o)
 .debug_aranges
                0x00000000000003f8       0x20 ../ServoDrive_bsp/\libhal_bsp.a(alt_open.o)
 .debug_aranges
                0x0000000000000418       0x20 ../ServoDrive_bsp/\libhal_bsp.a(alt_release_fd.o)
 .debug_aranges
                0x0000000000000438       0x20 ../ServoDrive_bsp/\libhal_bsp.a(altera_nios2_gen2_irq.o)
 .debug_aranges
                0x0000000000000458       0x20 ../ServoDrive_bsp/\libhal_bsp.a(alt_find_dev.o)
 .debug_aranges
                0x0000000000000478       0x20 ../ServoDrive_bsp/\libhal_bsp.a(alt_find_file.o)
 .debug_aranges
                0x0000000000000498       0x20 ../ServoDrive_bsp/\libhal_bsp.a(alt_get_fd.o)
 .debug_aranges
                0x00000000000004b8       0x20 c:/altera/14.1/nios2eds/bin/gnu/h-x86_64-mingw32/bin/../lib/gcc/nios2-elf/4.8.3/../../../../../H-x86_64-mingw32/nios2-elf/lib/mno-hw-mul\libc.a(lib_a-atexit.o)
 .debug_aranges
                0x00000000000004d8       0x20 c:/altera/14.1/nios2eds/bin/gnu/h-x86_64-mingw32/bin/../lib/gcc/nios2-elf/4.8.3/../../../../../H-x86_64-mingw32/nios2-elf/lib/mno-hw-mul\libc.a(lib_a-exit.o)
 .debug_aranges
                0x00000000000004f8       0x18 c:/altera/14.1/nios2eds/bin/gnu/h-x86_64-mingw32/bin/../lib/gcc/nios2-elf/4.8.3/../../../../../H-x86_64-mingw32/nios2-elf/lib/mno-hw-mul\libc.a(lib_a-impure.o)
 .debug_aranges
                0x0000000000000510       0x18 c:/altera/14.1/nios2eds/bin/gnu/h-x86_64-mingw32/bin/../lib/gcc/nios2-elf/4.8.3/../../../../../H-x86_64-mingw32/nios2-elf/lib/mno-hw-mul\libc.a(lib_a-int_errno.o)
 .debug_aranges
                0x0000000000000528       0x20 c:/altera/14.1/nios2eds/bin/gnu/h-x86_64-mingw32/bin/../lib/gcc/nios2-elf/4.8.3/../../../../../H-x86_64-mingw32/nios2-elf/lib/mno-hw-mul\libc.a(lib_a-memcmp.o)
 .debug_aranges
                0x0000000000000548       0x20 c:/altera/14.1/nios2eds/bin/gnu/h-x86_64-mingw32/bin/../lib/gcc/nios2-elf/4.8.3/../../../../../H-x86_64-mingw32/nios2-elf/lib/mno-hw-mul\libc.a(lib_a-strlen.o)
 .debug_aranges
                0x0000000000000568       0x20 c:/altera/14.1/nios2eds/bin/gnu/h-x86_64-mingw32/bin/../lib/gcc/nios2-elf/4.8.3/../../../../../H-x86_64-mingw32/nios2-elf/lib/mno-hw-mul\libc.a(lib_a-__atexit.o)
 .debug_aranges
                0x0000000000000588       0x20 c:/altera/14.1/nios2eds/bin/gnu/h-x86_64-mingw32/bin/../lib/gcc/nios2-elf/4.8.3/../../../../../H-x86_64-mingw32/nios2-elf/lib/mno-hw-mul\libc.a(lib_a-__call_atexit.o)
 .debug_aranges
                0x00000000000005a8       0x20 c:/altera/14.1/nios2eds/bin/gnu/h-x86_64-mingw32/bin/../lib/gcc/nios2-elf/4.8.3/mno-hw-mul\libgcc.a(lib2-divmod.o)
 .debug_aranges
                0x00000000000005c8       0x20 ../ServoDrive_bsp/\libhal_bsp.a(alt_exit.o)

.debug_pubnames
 *(.debug_pubnames)

.debug_info     0x0000000000000000     0x7813
 *(.debug_info .gnu.linkonce.wi.*)
 .debug_info    0x0000000000000000       0x6e ../ServoDrive_bsp//obj/HAL/src/crt0.o
 .debug_info    0x000000000000006e      0x333 obj/default/Servo.o
 .debug_info    0x00000000000003a1       0xc0 c:/altera/14.1/nios2eds/bin/gnu/h-x86_64-mingw32/bin/../lib/gcc/nios2-elf/4.8.3/mno-hw-mul\libgcc.a(_fixunssfsi.o)
 .debug_info    0x0000000000000461      0x2b7 c:/altera/14.1/nios2eds/bin/gnu/h-x86_64-mingw32/bin/../lib/gcc/nios2-elf/4.8.3/mno-hw-mul\libgcc.a(addsf3.o)
 .debug_info    0x0000000000000718      0x1d1 c:/altera/14.1/nios2eds/bin/gnu/h-x86_64-mingw32/bin/../lib/gcc/nios2-elf/4.8.3/mno-hw-mul\libgcc.a(gesf2.o)
 .debug_info    0x00000000000008e9      0x30c c:/altera/14.1/nios2eds/bin/gnu/h-x86_64-mingw32/bin/../lib/gcc/nios2-elf/4.8.3/mno-hw-mul\libgcc.a(mulsf3.o)
 .debug_info    0x0000000000000bf5      0x2b7 c:/altera/14.1/nios2eds/bin/gnu/h-x86_64-mingw32/bin/../lib/gcc/nios2-elf/4.8.3/mno-hw-mul\libgcc.a(subsf3.o)
 .debug_info    0x0000000000000eac      0x18b c:/altera/14.1/nios2eds/bin/gnu/h-x86_64-mingw32/bin/../lib/gcc/nios2-elf/4.8.3/mno-hw-mul\libgcc.a(fixsfsi.o)
 .debug_info    0x0000000000001037      0x1c5 c:/altera/14.1/nios2eds/bin/gnu/h-x86_64-mingw32/bin/../lib/gcc/nios2-elf/4.8.3/mno-hw-mul\libgcc.a(floatsisf.o)
 .debug_info    0x00000000000011fc      0x5ec c:/altera/14.1/nios2eds/bin/gnu/h-x86_64-mingw32/bin/../lib/gcc/nios2-elf/4.8.3/mno-hw-mul\libgcc.a(muldf3.o)
 .debug_info    0x00000000000017e8      0x1c2 c:/altera/14.1/nios2eds/bin/gnu/h-x86_64-mingw32/bin/../lib/gcc/nios2-elf/4.8.3/mno-hw-mul\libgcc.a(floatsidf.o)
 .debug_info    0x00000000000019aa      0x248 c:/altera/14.1/nios2eds/bin/gnu/h-x86_64-mingw32/bin/../lib/gcc/nios2-elf/4.8.3/mno-hw-mul\libgcc.a(truncdfsf2.o)
 .debug_info    0x0000000000001bf2      0x11d c:/altera/14.1/nios2eds/bin/gnu/h-x86_64-mingw32/bin/../lib/gcc/nios2-elf/4.8.3/mno-hw-mul\libgcc.a(_clzsi2.o)
 .debug_info    0x0000000000001d0f       0xb4 c:/altera/14.1/nios2eds/bin/gnu/h-x86_64-mingw32/bin/../lib/gcc/nios2-elf/4.8.3/mno-hw-mul\libgcc.a(lib2-mul.o)
 .debug_info    0x0000000000001dc3       0xab c:/altera/14.1/nios2eds/bin/gnu/h-x86_64-mingw32/bin/../lib/gcc/nios2-elf/4.8.3/mno-hw-mul\libgcc.a(_clz.o)
 .debug_info    0x0000000000001e6e      0x13e ../ServoDrive_bsp/\libhal_bsp.a(alt_load.o)
 .debug_info    0x0000000000001fac      0x12a ../ServoDrive_bsp/\libhal_bsp.a(alt_main.o)
 .debug_info    0x00000000000020d6       0xa9 ../ServoDrive_bsp/\libhal_bsp.a(alt_usleep.o)
 .debug_info    0x000000000000217f      0x3c2 ../ServoDrive_bsp/\libhal_bsp.a(alt_sys_init.o)
 .debug_info    0x0000000000002541      0x3a0 ../ServoDrive_bsp/\libhal_bsp.a(altera_avalon_jtag_uart_fd.o)
 .debug_info    0x00000000000028e1      0x1af ../ServoDrive_bsp/\libhal_bsp.a(altera_avalon_jtag_uart_read.o)
 .debug_info    0x0000000000002a90      0x18e ../ServoDrive_bsp/\libhal_bsp.a(altera_avalon_jtag_uart_write.o)
 .debug_info    0x0000000000002c1e       0xd0 ../ServoDrive_bsp/\libhal_bsp.a(alt_busy_sleep.o)
 .debug_info    0x0000000000002cee      0x31a ../ServoDrive_bsp/\libhal_bsp.a(alt_close.o)
 .debug_info    0x0000000000003008       0x8b ../ServoDrive_bsp/\libhal_bsp.a(alt_dcache_flush_all.o)
 .debug_info    0x0000000000003093      0x495 ../ServoDrive_bsp/\libhal_bsp.a(alt_dev.o)
 .debug_info    0x0000000000003528      0x1a2 ../ServoDrive_bsp/\libhal_bsp.a(alt_dev_llist_insert.o)
 .debug_info    0x00000000000036ca       0x83 ../ServoDrive_bsp/\libhal_bsp.a(alt_do_ctors.o)
 .debug_info    0x000000000000374d       0x83 ../ServoDrive_bsp/\libhal_bsp.a(alt_do_dtors.o)
 .debug_info    0x00000000000037d0       0x9f ../ServoDrive_bsp/\libhal_bsp.a(alt_errno.o)
 .debug_info    0x000000000000386f       0x8b ../ServoDrive_bsp/\libhal_bsp.a(alt_icache_flush_all.o)
 .debug_info    0x00000000000038fa      0x49e ../ServoDrive_bsp/\libhal_bsp.a(alt_io_redirect.o)
 .debug_info    0x0000000000003d98      0x3b4 ../ServoDrive_bsp/\libhal_bsp.a(alt_open.o)
 .debug_info    0x000000000000414c      0x2b0 ../ServoDrive_bsp/\libhal_bsp.a(alt_release_fd.o)
 .debug_info    0x00000000000043fc       0x8b ../ServoDrive_bsp/\libhal_bsp.a(altera_nios2_gen2_irq.o)
 .debug_info    0x0000000000004487      0x2e2 ../ServoDrive_bsp/\libhal_bsp.a(alt_find_dev.o)
 .debug_info    0x0000000000004769      0x2df ../ServoDrive_bsp/\libhal_bsp.a(alt_find_file.o)
 .debug_info    0x0000000000004a48      0x309 ../ServoDrive_bsp/\libhal_bsp.a(alt_get_fd.o)
 .debug_info    0x0000000000004d51      0x10a c:/altera/14.1/nios2eds/bin/gnu/h-x86_64-mingw32/bin/../lib/gcc/nios2-elf/4.8.3/../../../../../H-x86_64-mingw32/nios2-elf/lib/mno-hw-mul\libc.a(lib_a-atexit.o)
 .debug_info    0x0000000000004e5b      0x8df c:/altera/14.1/nios2eds/bin/gnu/h-x86_64-mingw32/bin/../lib/gcc/nios2-elf/4.8.3/../../../../../H-x86_64-mingw32/nios2-elf/lib/mno-hw-mul\libc.a(lib_a-exit.o)
 .debug_info    0x000000000000573a      0x88f c:/altera/14.1/nios2eds/bin/gnu/h-x86_64-mingw32/bin/../lib/gcc/nios2-elf/4.8.3/../../../../../H-x86_64-mingw32/nios2-elf/lib/mno-hw-mul\libc.a(lib_a-impure.o)
 .debug_info    0x0000000000005fc9       0x83 c:/altera/14.1/nios2eds/bin/gnu/h-x86_64-mingw32/bin/../lib/gcc/nios2-elf/4.8.3/../../../../../H-x86_64-mingw32/nios2-elf/lib/mno-hw-mul\libc.a(lib_a-int_errno.o)
 .debug_info    0x000000000000604c      0x113 c:/altera/14.1/nios2eds/bin/gnu/h-x86_64-mingw32/bin/../lib/gcc/nios2-elf/4.8.3/../../../../../H-x86_64-mingw32/nios2-elf/lib/mno-hw-mul\libc.a(lib_a-memcmp.o)
 .debug_info    0x000000000000615f       0xdb c:/altera/14.1/nios2eds/bin/gnu/h-x86_64-mingw32/bin/../lib/gcc/nios2-elf/4.8.3/../../../../../H-x86_64-mingw32/nios2-elf/lib/mno-hw-mul\libc.a(lib_a-strlen.o)
 .debug_info    0x000000000000623a      0x93b c:/altera/14.1/nios2eds/bin/gnu/h-x86_64-mingw32/bin/../lib/gcc/nios2-elf/4.8.3/../../../../../H-x86_64-mingw32/nios2-elf/lib/mno-hw-mul\libc.a(lib_a-__atexit.o)
 .debug_info    0x0000000000006b75      0x949 c:/altera/14.1/nios2eds/bin/gnu/h-x86_64-mingw32/bin/../lib/gcc/nios2-elf/4.8.3/../../../../../H-x86_64-mingw32/nios2-elf/lib/mno-hw-mul\libc.a(lib_a-__call_atexit.o)
 .debug_info    0x00000000000074be      0x270 c:/altera/14.1/nios2eds/bin/gnu/h-x86_64-mingw32/bin/../lib/gcc/nios2-elf/4.8.3/mno-hw-mul\libgcc.a(lib2-divmod.o)
 .debug_info    0x000000000000772e       0xe5 ../ServoDrive_bsp/\libhal_bsp.a(alt_exit.o)

.debug_abbrev   0x0000000000000000     0x29e1
 *(.debug_abbrev)
 .debug_abbrev  0x0000000000000000       0x12 ../ServoDrive_bsp//obj/HAL/src/crt0.o
 .debug_abbrev  0x0000000000000012       0xce obj/default/Servo.o
 .debug_abbrev  0x00000000000000e0       0x60 c:/altera/14.1/nios2eds/bin/gnu/h-x86_64-mingw32/bin/../lib/gcc/nios2-elf/4.8.3/mno-hw-mul\libgcc.a(_fixunssfsi.o)
 .debug_abbrev  0x0000000000000140      0x13c c:/altera/14.1/nios2eds/bin/gnu/h-x86_64-mingw32/bin/../lib/gcc/nios2-elf/4.8.3/mno-hw-mul\libgcc.a(addsf3.o)
 .debug_abbrev  0x000000000000027c      0x128 c:/altera/14.1/nios2eds/bin/gnu/h-x86_64-mingw32/bin/../lib/gcc/nios2-elf/4.8.3/mno-hw-mul\libgcc.a(gesf2.o)
 .debug_abbrev  0x00000000000003a4      0x117 c:/altera/14.1/nios2eds/bin/gnu/h-x86_64-mingw32/bin/../lib/gcc/nios2-elf/4.8.3/mno-hw-mul\libgcc.a(mulsf3.o)
 .debug_abbrev  0x00000000000004bb      0x13a c:/altera/14.1/nios2eds/bin/gnu/h-x86_64-mingw32/bin/../lib/gcc/nios2-elf/4.8.3/mno-hw-mul\libgcc.a(subsf3.o)
 .debug_abbrev  0x00000000000005f5      0x11b c:/altera/14.1/nios2eds/bin/gnu/h-x86_64-mingw32/bin/../lib/gcc/nios2-elf/4.8.3/mno-hw-mul\libgcc.a(fixsfsi.o)
 .debug_abbrev  0x0000000000000710      0x12b c:/altera/14.1/nios2eds/bin/gnu/h-x86_64-mingw32/bin/../lib/gcc/nios2-elf/4.8.3/mno-hw-mul\libgcc.a(floatsisf.o)
 .debug_abbrev  0x000000000000083b      0x132 c:/altera/14.1/nios2eds/bin/gnu/h-x86_64-mingw32/bin/../lib/gcc/nios2-elf/4.8.3/mno-hw-mul\libgcc.a(muldf3.o)
 .debug_abbrev  0x000000000000096d      0x12d c:/altera/14.1/nios2eds/bin/gnu/h-x86_64-mingw32/bin/../lib/gcc/nios2-elf/4.8.3/mno-hw-mul\libgcc.a(floatsidf.o)
 .debug_abbrev  0x0000000000000a9a      0x11b c:/altera/14.1/nios2eds/bin/gnu/h-x86_64-mingw32/bin/../lib/gcc/nios2-elf/4.8.3/mno-hw-mul\libgcc.a(truncdfsf2.o)
 .debug_abbrev  0x0000000000000bb5       0xbe c:/altera/14.1/nios2eds/bin/gnu/h-x86_64-mingw32/bin/../lib/gcc/nios2-elf/4.8.3/mno-hw-mul\libgcc.a(_clzsi2.o)
 .debug_abbrev  0x0000000000000c73       0x6f c:/altera/14.1/nios2eds/bin/gnu/h-x86_64-mingw32/bin/../lib/gcc/nios2-elf/4.8.3/mno-hw-mul\libgcc.a(lib2-mul.o)
 .debug_abbrev  0x0000000000000ce2       0x5d c:/altera/14.1/nios2eds/bin/gnu/h-x86_64-mingw32/bin/../lib/gcc/nios2-elf/4.8.3/mno-hw-mul\libgcc.a(_clz.o)
 .debug_abbrev  0x0000000000000d3f       0x9f ../ServoDrive_bsp/\libhal_bsp.a(alt_load.o)
 .debug_abbrev  0x0000000000000dde       0xba ../ServoDrive_bsp/\libhal_bsp.a(alt_main.o)
 .debug_abbrev  0x0000000000000e98       0x60 ../ServoDrive_bsp/\libhal_bsp.a(alt_usleep.o)
 .debug_abbrev  0x0000000000000ef8      0x155 ../ServoDrive_bsp/\libhal_bsp.a(alt_sys_init.o)
 .debug_abbrev  0x000000000000104d       0xf7 ../ServoDrive_bsp/\libhal_bsp.a(altera_avalon_jtag_uart_fd.o)
 .debug_abbrev  0x0000000000001144       0xd7 ../ServoDrive_bsp/\libhal_bsp.a(altera_avalon_jtag_uart_read.o)
 .debug_abbrev  0x000000000000121b       0xd5 ../ServoDrive_bsp/\libhal_bsp.a(altera_avalon_jtag_uart_write.o)
 .debug_abbrev  0x00000000000012f0       0x7e ../ServoDrive_bsp/\libhal_bsp.a(alt_busy_sleep.o)
 .debug_abbrev  0x000000000000136e      0x11f ../ServoDrive_bsp/\libhal_bsp.a(alt_close.o)
 .debug_abbrev  0x000000000000148d       0x42 ../ServoDrive_bsp/\libhal_bsp.a(alt_dcache_flush_all.o)
 .debug_abbrev  0x00000000000014cf       0xd9 ../ServoDrive_bsp/\libhal_bsp.a(alt_dev.o)
 .debug_abbrev  0x00000000000015a8      0x114 ../ServoDrive_bsp/\libhal_bsp.a(alt_dev_llist_insert.o)
 .debug_abbrev  0x00000000000016bc       0x79 ../ServoDrive_bsp/\libhal_bsp.a(alt_do_ctors.o)
 .debug_abbrev  0x0000000000001735       0x79 ../ServoDrive_bsp/\libhal_bsp.a(alt_do_dtors.o)
 .debug_abbrev  0x00000000000017ae       0x5a ../ServoDrive_bsp/\libhal_bsp.a(alt_errno.o)
 .debug_abbrev  0x0000000000001808       0x42 ../ServoDrive_bsp/\libhal_bsp.a(alt_icache_flush_all.o)
 .debug_abbrev  0x000000000000184a      0x114 ../ServoDrive_bsp/\libhal_bsp.a(alt_io_redirect.o)
 .debug_abbrev  0x000000000000195e      0x148 ../ServoDrive_bsp/\libhal_bsp.a(alt_open.o)
 .debug_abbrev  0x0000000000001aa6       0xde ../ServoDrive_bsp/\libhal_bsp.a(alt_release_fd.o)
 .debug_abbrev  0x0000000000001b84       0x42 ../ServoDrive_bsp/\libhal_bsp.a(altera_nios2_gen2_irq.o)
 .debug_abbrev  0x0000000000001bc6       0xf0 ../ServoDrive_bsp/\libhal_bsp.a(alt_find_dev.o)
 .debug_abbrev  0x0000000000001cb6       0xf0 ../ServoDrive_bsp/\libhal_bsp.a(alt_find_file.o)
 .debug_abbrev  0x0000000000001da6      0x10d ../ServoDrive_bsp/\libhal_bsp.a(alt_get_fd.o)
 .debug_abbrev  0x0000000000001eb3       0xb8 c:/altera/14.1/nios2eds/bin/gnu/h-x86_64-mingw32/bin/../lib/gcc/nios2-elf/4.8.3/../../../../../H-x86_64-mingw32/nios2-elf/lib/mno-hw-mul\libc.a(lib_a-atexit.o)
 .debug_abbrev  0x0000000000001f6b      0x1e6 c:/altera/14.1/nios2eds/bin/gnu/h-x86_64-mingw32/bin/../lib/gcc/nios2-elf/4.8.3/../../../../../H-x86_64-mingw32/nios2-elf/lib/mno-hw-mul\libc.a(lib_a-exit.o)
 .debug_abbrev  0x0000000000002151      0x180 c:/altera/14.1/nios2eds/bin/gnu/h-x86_64-mingw32/bin/../lib/gcc/nios2-elf/4.8.3/../../../../../H-x86_64-mingw32/nios2-elf/lib/mno-hw-mul\libc.a(lib_a-impure.o)
 .debug_abbrev  0x00000000000022d1       0x37 c:/altera/14.1/nios2eds/bin/gnu/h-x86_64-mingw32/bin/../lib/gcc/nios2-elf/4.8.3/../../../../../H-x86_64-mingw32/nios2-elf/lib/mno-hw-mul\libc.a(lib_a-int_errno.o)
 .debug_abbrev  0x0000000000002308       0x7f c:/altera/14.1/nios2eds/bin/gnu/h-x86_64-mingw32/bin/../lib/gcc/nios2-elf/4.8.3/../../../../../H-x86_64-mingw32/nios2-elf/lib/mno-hw-mul\libc.a(lib_a-memcmp.o)
 .debug_abbrev  0x0000000000002387       0x90 c:/altera/14.1/nios2eds/bin/gnu/h-x86_64-mingw32/bin/../lib/gcc/nios2-elf/4.8.3/../../../../../H-x86_64-mingw32/nios2-elf/lib/mno-hw-mul\libc.a(lib_a-strlen.o)
 .debug_abbrev  0x0000000000002417      0x21e c:/altera/14.1/nios2eds/bin/gnu/h-x86_64-mingw32/bin/../lib/gcc/nios2-elf/4.8.3/../../../../../H-x86_64-mingw32/nios2-elf/lib/mno-hw-mul\libc.a(lib_a-__atexit.o)
 .debug_abbrev  0x0000000000002635      0x210 c:/altera/14.1/nios2eds/bin/gnu/h-x86_64-mingw32/bin/../lib/gcc/nios2-elf/4.8.3/../../../../../H-x86_64-mingw32/nios2-elf/lib/mno-hw-mul\libc.a(lib_a-__call_atexit.o)
 .debug_abbrev  0x0000000000002845       0xf6 c:/altera/14.1/nios2eds/bin/gnu/h-x86_64-mingw32/bin/../lib/gcc/nios2-elf/4.8.3/mno-hw-mul\libgcc.a(lib2-divmod.o)
 .debug_abbrev  0x000000000000293b       0xa6 ../ServoDrive_bsp/\libhal_bsp.a(alt_exit.o)

.debug_line     0x0000000000000000     0x2c34
 *(.debug_line)
 .debug_line    0x0000000000000000       0x66 ../ServoDrive_bsp//obj/HAL/src/crt0.o
 .debug_line    0x0000000000000066      0x13d obj/default/Servo.o
 .debug_line    0x00000000000001a3       0x70 c:/altera/14.1/nios2eds/bin/gnu/h-x86_64-mingw32/bin/../lib/gcc/nios2-elf/4.8.3/mno-hw-mul\libgcc.a(_fixunssfsi.o)
 .debug_line    0x0000000000000213      0x194 c:/altera/14.1/nios2eds/bin/gnu/h-x86_64-mingw32/bin/../lib/gcc/nios2-elf/4.8.3/mno-hw-mul\libgcc.a(addsf3.o)
 .debug_line    0x00000000000003a7       0xb1 c:/altera/14.1/nios2eds/bin/gnu/h-x86_64-mingw32/bin/../lib/gcc/nios2-elf/4.8.3/mno-hw-mul\libgcc.a(gesf2.o)
 .debug_line    0x0000000000000458      0x144 c:/altera/14.1/nios2eds/bin/gnu/h-x86_64-mingw32/bin/../lib/gcc/nios2-elf/4.8.3/mno-hw-mul\libgcc.a(mulsf3.o)
 .debug_line    0x000000000000059c      0x19b c:/altera/14.1/nios2eds/bin/gnu/h-x86_64-mingw32/bin/../lib/gcc/nios2-elf/4.8.3/mno-hw-mul\libgcc.a(subsf3.o)
 .debug_line    0x0000000000000737       0x92 c:/altera/14.1/nios2eds/bin/gnu/h-x86_64-mingw32/bin/../lib/gcc/nios2-elf/4.8.3/mno-hw-mul\libgcc.a(fixsfsi.o)
 .debug_line    0x00000000000007c9       0xd4 c:/altera/14.1/nios2eds/bin/gnu/h-x86_64-mingw32/bin/../lib/gcc/nios2-elf/4.8.3/mno-hw-mul\libgcc.a(floatsisf.o)
 .debug_line    0x000000000000089d      0x1a7 c:/altera/14.1/nios2eds/bin/gnu/h-x86_64-mingw32/bin/../lib/gcc/nios2-elf/4.8.3/mno-hw-mul\libgcc.a(muldf3.o)
 .debug_line    0x0000000000000a44       0x98 c:/altera/14.1/nios2eds/bin/gnu/h-x86_64-mingw32/bin/../lib/gcc/nios2-elf/4.8.3/mno-hw-mul\libgcc.a(floatsidf.o)
 .debug_line    0x0000000000000adc       0xf4 c:/altera/14.1/nios2eds/bin/gnu/h-x86_64-mingw32/bin/../lib/gcc/nios2-elf/4.8.3/mno-hw-mul\libgcc.a(truncdfsf2.o)
 .debug_line    0x0000000000000bd0       0x8f c:/altera/14.1/nios2eds/bin/gnu/h-x86_64-mingw32/bin/../lib/gcc/nios2-elf/4.8.3/mno-hw-mul\libgcc.a(_clzsi2.o)
 .debug_line    0x0000000000000c5f       0x81 c:/altera/14.1/nios2eds/bin/gnu/h-x86_64-mingw32/bin/../lib/gcc/nios2-elf/4.8.3/mno-hw-mul\libgcc.a(lib2-mul.o)
 .debug_line    0x0000000000000ce0       0x56 c:/altera/14.1/nios2eds/bin/gnu/h-x86_64-mingw32/bin/../lib/gcc/nios2-elf/4.8.3/mno-hw-mul\libgcc.a(_clz.o)
 .debug_line    0x0000000000000d36       0x91 ../ServoDrive_bsp/\libhal_bsp.a(alt_load.o)
 .debug_line    0x0000000000000dc7       0xa4 ../ServoDrive_bsp/\libhal_bsp.a(alt_main.o)
 .debug_line    0x0000000000000e6b       0xa5 ../ServoDrive_bsp/\libhal_bsp.a(alt_usleep.o)
 .debug_line    0x0000000000000f10      0x127 ../ServoDrive_bsp/\libhal_bsp.a(alt_sys_init.o)
 .debug_line    0x0000000000001037      0x112 ../ServoDrive_bsp/\libhal_bsp.a(altera_avalon_jtag_uart_fd.o)
 .debug_line    0x0000000000001149      0x103 ../ServoDrive_bsp/\libhal_bsp.a(altera_avalon_jtag_uart_read.o)
 .debug_line    0x000000000000124c       0xf8 ../ServoDrive_bsp/\libhal_bsp.a(altera_avalon_jtag_uart_write.o)
 .debug_line    0x0000000000001344       0xa2 ../ServoDrive_bsp/\libhal_bsp.a(alt_busy_sleep.o)
 .debug_line    0x00000000000013e6      0x15d ../ServoDrive_bsp/\libhal_bsp.a(alt_close.o)
 .debug_line    0x0000000000001543       0x51 ../ServoDrive_bsp/\libhal_bsp.a(alt_dcache_flush_all.o)
 .debug_line    0x0000000000001594       0xf0 ../ServoDrive_bsp/\libhal_bsp.a(alt_dev.o)
 .debug_line    0x0000000000001684       0xd0 ../ServoDrive_bsp/\libhal_bsp.a(alt_dev_llist_insert.o)
 .debug_line    0x0000000000001754       0x59 ../ServoDrive_bsp/\libhal_bsp.a(alt_do_ctors.o)
 .debug_line    0x00000000000017ad       0x59 ../ServoDrive_bsp/\libhal_bsp.a(alt_do_dtors.o)
 .debug_line    0x0000000000001806       0x51 ../ServoDrive_bsp/\libhal_bsp.a(alt_errno.o)
 .debug_line    0x0000000000001857       0x4f ../ServoDrive_bsp/\libhal_bsp.a(alt_icache_flush_all.o)
 .debug_line    0x00000000000018a6      0x12d ../ServoDrive_bsp/\libhal_bsp.a(alt_io_redirect.o)
 .debug_line    0x00000000000019d3      0x128 ../ServoDrive_bsp/\libhal_bsp.a(alt_open.o)
 .debug_line    0x0000000000001afb       0xb0 ../ServoDrive_bsp/\libhal_bsp.a(alt_release_fd.o)
 .debug_line    0x0000000000001bab       0x51 ../ServoDrive_bsp/\libhal_bsp.a(altera_nios2_gen2_irq.o)
 .debug_line    0x0000000000001bfc       0xb9 ../ServoDrive_bsp/\libhal_bsp.a(alt_find_dev.o)
 .debug_line    0x0000000000001cb5       0xd5 ../ServoDrive_bsp/\libhal_bsp.a(alt_find_file.o)
 .debug_line    0x0000000000001d8a       0xd4 ../ServoDrive_bsp/\libhal_bsp.a(alt_get_fd.o)
 .debug_line    0x0000000000001e5e       0xf2 c:/altera/14.1/nios2eds/bin/gnu/h-x86_64-mingw32/bin/../lib/gcc/nios2-elf/4.8.3/../../../../../H-x86_64-mingw32/nios2-elf/lib/mno-hw-mul\libc.a(lib_a-atexit.o)
 .debug_line    0x0000000000001f50      0x218 c:/altera/14.1/nios2eds/bin/gnu/h-x86_64-mingw32/bin/../lib/gcc/nios2-elf/4.8.3/../../../../../H-x86_64-mingw32/nios2-elf/lib/mno-hw-mul\libc.a(lib_a-exit.o)
 .debug_line    0x0000000000002168      0x174 c:/altera/14.1/nios2eds/bin/gnu/h-x86_64-mingw32/bin/../lib/gcc/nios2-elf/4.8.3/../../../../../H-x86_64-mingw32/nios2-elf/lib/mno-hw-mul\libc.a(lib_a-impure.o)
 .debug_line    0x00000000000022dc       0x60 c:/altera/14.1/nios2eds/bin/gnu/h-x86_64-mingw32/bin/../lib/gcc/nios2-elf/4.8.3/../../../../../H-x86_64-mingw32/nios2-elf/lib/mno-hw-mul\libc.a(lib_a-int_errno.o)
 .debug_line    0x000000000000233c      0x18e c:/altera/14.1/nios2eds/bin/gnu/h-x86_64-mingw32/bin/../lib/gcc/nios2-elf/4.8.3/../../../../../H-x86_64-mingw32/nios2-elf/lib/mno-hw-mul\libc.a(lib_a-memcmp.o)
 .debug_line    0x00000000000024ca      0x18e c:/altera/14.1/nios2eds/bin/gnu/h-x86_64-mingw32/bin/../lib/gcc/nios2-elf/4.8.3/../../../../../H-x86_64-mingw32/nios2-elf/lib/mno-hw-mul\libc.a(lib_a-strlen.o)
 .debug_line    0x0000000000002658      0x23d c:/altera/14.1/nios2eds/bin/gnu/h-x86_64-mingw32/bin/../lib/gcc/nios2-elf/4.8.3/../../../../../H-x86_64-mingw32/nios2-elf/lib/mno-hw-mul\libc.a(lib_a-__atexit.o)
 .debug_line    0x0000000000002895      0x260 c:/altera/14.1/nios2eds/bin/gnu/h-x86_64-mingw32/bin/../lib/gcc/nios2-elf/4.8.3/../../../../../H-x86_64-mingw32/nios2-elf/lib/mno-hw-mul\libc.a(lib_a-__call_atexit.o)
 .debug_line    0x0000000000002af5       0xce c:/altera/14.1/nios2eds/bin/gnu/h-x86_64-mingw32/bin/../lib/gcc/nios2-elf/4.8.3/mno-hw-mul\libgcc.a(lib2-divmod.o)
 .debug_line    0x0000000000002bc3       0x71 ../ServoDrive_bsp/\libhal_bsp.a(alt_exit.o)

.debug_frame    0x0000000000000000      0xac0
 *(.debug_frame)
 .debug_frame   0x0000000000000000       0x5c obj/default/Servo.o
 .debug_frame   0x000000000000005c       0x40 c:/altera/14.1/nios2eds/bin/gnu/h-x86_64-mingw32/bin/../lib/gcc/nios2-elf/4.8.3/mno-hw-mul\libgcc.a(_fixunssfsi.o)
 .debug_frame   0x000000000000009c       0x3c c:/altera/14.1/nios2eds/bin/gnu/h-x86_64-mingw32/bin/../lib/gcc/nios2-elf/4.8.3/mno-hw-mul\libgcc.a(addsf3.o)
 .debug_frame   0x00000000000000d8       0x20 c:/altera/14.1/nios2eds/bin/gnu/h-x86_64-mingw32/bin/../lib/gcc/nios2-elf/4.8.3/mno-hw-mul\libgcc.a(gesf2.o)
 .debug_frame   0x00000000000000f8       0x58 c:/altera/14.1/nios2eds/bin/gnu/h-x86_64-mingw32/bin/../lib/gcc/nios2-elf/4.8.3/mno-hw-mul\libgcc.a(mulsf3.o)
 .debug_frame   0x0000000000000150       0x3c c:/altera/14.1/nios2eds/bin/gnu/h-x86_64-mingw32/bin/../lib/gcc/nios2-elf/4.8.3/mno-hw-mul\libgcc.a(subsf3.o)
 .debug_frame   0x000000000000018c       0x20 c:/altera/14.1/nios2eds/bin/gnu/h-x86_64-mingw32/bin/../lib/gcc/nios2-elf/4.8.3/mno-hw-mul\libgcc.a(fixsfsi.o)
 .debug_frame   0x00000000000001ac       0x38 c:/altera/14.1/nios2eds/bin/gnu/h-x86_64-mingw32/bin/../lib/gcc/nios2-elf/4.8.3/mno-hw-mul\libgcc.a(floatsisf.o)
 .debug_frame   0x00000000000001e4       0x58 c:/altera/14.1/nios2eds/bin/gnu/h-x86_64-mingw32/bin/../lib/gcc/nios2-elf/4.8.3/mno-hw-mul\libgcc.a(muldf3.o)
 .debug_frame   0x000000000000023c       0x38 c:/altera/14.1/nios2eds/bin/gnu/h-x86_64-mingw32/bin/../lib/gcc/nios2-elf/4.8.3/mno-hw-mul\libgcc.a(floatsidf.o)
 .debug_frame   0x0000000000000274       0x20 c:/altera/14.1/nios2eds/bin/gnu/h-x86_64-mingw32/bin/../lib/gcc/nios2-elf/4.8.3/mno-hw-mul\libgcc.a(truncdfsf2.o)
 .debug_frame   0x0000000000000294       0x20 c:/altera/14.1/nios2eds/bin/gnu/h-x86_64-mingw32/bin/../lib/gcc/nios2-elf/4.8.3/mno-hw-mul\libgcc.a(_clzsi2.o)
 .debug_frame   0x00000000000002b4       0x20 c:/altera/14.1/nios2eds/bin/gnu/h-x86_64-mingw32/bin/../lib/gcc/nios2-elf/4.8.3/mno-hw-mul\libgcc.a(lib2-mul.o)
 .debug_frame   0x00000000000002d4       0x5c ../ServoDrive_bsp/\libhal_bsp.a(alt_load.o)
 .debug_frame   0x0000000000000330       0x2c ../ServoDrive_bsp/\libhal_bsp.a(alt_main.o)
 .debug_frame   0x000000000000035c       0x38 ../ServoDrive_bsp/\libhal_bsp.a(alt_usleep.o)
 .debug_frame   0x0000000000000394       0x88 ../ServoDrive_bsp/\libhal_bsp.a(alt_sys_init.o)
 .debug_frame   0x000000000000041c       0x60 ../ServoDrive_bsp/\libhal_bsp.a(altera_avalon_jtag_uart_fd.o)
 .debug_frame   0x000000000000047c       0x34 ../ServoDrive_bsp/\libhal_bsp.a(altera_avalon_jtag_uart_read.o)
 .debug_frame   0x00000000000004b0       0x34 ../ServoDrive_bsp/\libhal_bsp.a(altera_avalon_jtag_uart_write.o)
 .debug_frame   0x00000000000004e4       0x38 ../ServoDrive_bsp/\libhal_bsp.a(alt_busy_sleep.o)
 .debug_frame   0x000000000000051c       0x60 ../ServoDrive_bsp/\libhal_bsp.a(alt_close.o)
 .debug_frame   0x000000000000057c       0x34 ../ServoDrive_bsp/\libhal_bsp.a(alt_dcache_flush_all.o)
 .debug_frame   0x00000000000005b0       0x34 ../ServoDrive_bsp/\libhal_bsp.a(alt_dev.o)
 .debug_frame   0x00000000000005e4       0x60 ../ServoDrive_bsp/\libhal_bsp.a(alt_dev_llist_insert.o)
 .debug_frame   0x0000000000000644       0x38 ../ServoDrive_bsp/\libhal_bsp.a(alt_do_ctors.o)
 .debug_frame   0x000000000000067c       0x38 ../ServoDrive_bsp/\libhal_bsp.a(alt_do_dtors.o)
 .debug_frame   0x00000000000006b4       0x34 ../ServoDrive_bsp/\libhal_bsp.a(alt_icache_flush_all.o)
 .debug_frame   0x00000000000006e8       0x64 ../ServoDrive_bsp/\libhal_bsp.a(alt_io_redirect.o)
 .debug_frame   0x000000000000074c       0x8c ../ServoDrive_bsp/\libhal_bsp.a(alt_open.o)
 .debug_frame   0x00000000000007d8       0x3c ../ServoDrive_bsp/\libhal_bsp.a(alt_release_fd.o)
 .debug_frame   0x0000000000000814       0x34 ../ServoDrive_bsp/\libhal_bsp.a(altera_nios2_gen2_irq.o)
 .debug_frame   0x0000000000000848       0x38 ../ServoDrive_bsp/\libhal_bsp.a(alt_find_dev.o)
 .debug_frame   0x0000000000000880       0x38 ../ServoDrive_bsp/\libhal_bsp.a(alt_find_file.o)
 .debug_frame   0x00000000000008b8       0x3c ../ServoDrive_bsp/\libhal_bsp.a(alt_get_fd.o)
 .debug_frame   0x00000000000008f4       0x20 c:/altera/14.1/nios2eds/bin/gnu/h-x86_64-mingw32/bin/../lib/gcc/nios2-elf/4.8.3/../../../../../H-x86_64-mingw32/nios2-elf/lib/mno-hw-mul\libc.a(lib_a-atexit.o)
 .debug_frame   0x0000000000000914       0x28 c:/altera/14.1/nios2eds/bin/gnu/h-x86_64-mingw32/bin/../lib/gcc/nios2-elf/4.8.3/../../../../../H-x86_64-mingw32/nios2-elf/lib/mno-hw-mul\libc.a(lib_a-exit.o)
 .debug_frame   0x000000000000093c       0x20 c:/altera/14.1/nios2eds/bin/gnu/h-x86_64-mingw32/bin/../lib/gcc/nios2-elf/4.8.3/../../../../../H-x86_64-mingw32/nios2-elf/lib/mno-hw-mul\libc.a(lib_a-memcmp.o)
 .debug_frame   0x000000000000095c       0x20 c:/altera/14.1/nios2eds/bin/gnu/h-x86_64-mingw32/bin/../lib/gcc/nios2-elf/4.8.3/../../../../../H-x86_64-mingw32/nios2-elf/lib/mno-hw-mul\libc.a(lib_a-strlen.o)
 .debug_frame   0x000000000000097c       0x44 c:/altera/14.1/nios2eds/bin/gnu/h-x86_64-mingw32/bin/../lib/gcc/nios2-elf/4.8.3/../../../../../H-x86_64-mingw32/nios2-elf/lib/mno-hw-mul\libc.a(lib_a-__atexit.o)
 .debug_frame   0x00000000000009c0       0x54 c:/altera/14.1/nios2eds/bin/gnu/h-x86_64-mingw32/bin/../lib/gcc/nios2-elf/4.8.3/../../../../../H-x86_64-mingw32/nios2-elf/lib/mno-hw-mul\libc.a(lib_a-__call_atexit.o)
 .debug_frame   0x0000000000000a14       0x80 c:/altera/14.1/nios2eds/bin/gnu/h-x86_64-mingw32/bin/../lib/gcc/nios2-elf/4.8.3/mno-hw-mul\libgcc.a(lib2-divmod.o)
 .debug_frame   0x0000000000000a94       0x2c ../ServoDrive_bsp/\libhal_bsp.a(alt_exit.o)

.debug_str      0x0000000000000000     0x1891
 *(.debug_str)
 .debug_str     0x0000000000000000      0x197 obj/default/Servo.o
                                        0x1db (size before relaxing)
 .debug_str     0x0000000000000197      0x174 c:/altera/14.1/nios2eds/bin/gnu/h-x86_64-mingw32/bin/../lib/gcc/nios2-elf/4.8.3/mno-hw-mul\libgcc.a(_fixunssfsi.o)
                                        0x1f1 (size before relaxing)
 .debug_str     0x000000000000030b       0xad c:/altera/14.1/nios2eds/bin/gnu/h-x86_64-mingw32/bin/../lib/gcc/nios2-elf/4.8.3/mno-hw-mul\libgcc.a(addsf3.o)
                                        0x250 (size before relaxing)
 .debug_str     0x00000000000003b8       0x4f c:/altera/14.1/nios2eds/bin/gnu/h-x86_64-mingw32/bin/../lib/gcc/nios2-elf/4.8.3/mno-hw-mul\libgcc.a(gesf2.o)
                                        0x20d (size before relaxing)
 .debug_str     0x0000000000000407       0x97 c:/altera/14.1/nios2eds/bin/gnu/h-x86_64-mingw32/bin/../lib/gcc/nios2-elf/4.8.3/mno-hw-mul\libgcc.a(mulsf3.o)
                                        0x255 (size before relaxing)
 .debug_str     0x000000000000049e       0x39 c:/altera/14.1/nios2eds/bin/gnu/h-x86_64-mingw32/bin/../lib/gcc/nios2-elf/4.8.3/mno-hw-mul\libgcc.a(subsf3.o)
                                        0x250 (size before relaxing)
 .debug_str     0x00000000000004d7       0x43 c:/altera/14.1/nios2eds/bin/gnu/h-x86_64-mingw32/bin/../lib/gcc/nios2-elf/4.8.3/mno-hw-mul\libgcc.a(fixsfsi.o)
                                        0x210 (size before relaxing)
 .debug_str     0x000000000000051a       0x4c c:/altera/14.1/nios2eds/bin/gnu/h-x86_64-mingw32/bin/../lib/gcc/nios2-elf/4.8.3/mno-hw-mul\libgcc.a(floatsisf.o)
                                        0x232 (size before relaxing)
 .debug_str     0x0000000000000566       0xa7 c:/altera/14.1/nios2eds/bin/gnu/h-x86_64-mingw32/bin/../lib/gcc/nios2-elf/4.8.3/mno-hw-mul\libgcc.a(muldf3.o)
                                        0x2a9 (size before relaxing)
 .debug_str     0x000000000000060d       0x3f c:/altera/14.1/nios2eds/bin/gnu/h-x86_64-mingw32/bin/../lib/gcc/nios2-elf/4.8.3/mno-hw-mul\libgcc.a(floatsidf.o)
                                        0x22b (size before relaxing)
 .debug_str     0x000000000000064c       0x41 c:/altera/14.1/nios2eds/bin/gnu/h-x86_64-mingw32/bin/../lib/gcc/nios2-elf/4.8.3/mno-hw-mul\libgcc.a(truncdfsf2.o)
                                        0x248 (size before relaxing)
 .debug_str     0x000000000000068d       0x20 c:/altera/14.1/nios2eds/bin/gnu/h-x86_64-mingw32/bin/../lib/gcc/nios2-elf/4.8.3/mno-hw-mul\libgcc.a(_clzsi2.o)
                                        0x206 (size before relaxing)
 .debug_str     0x00000000000006ad       0x40 c:/altera/14.1/nios2eds/bin/gnu/h-x86_64-mingw32/bin/../lib/gcc/nios2-elf/4.8.3/mno-hw-mul\libgcc.a(lib2-mul.o)
                                        0x1a5 (size before relaxing)
 .debug_str     0x0000000000000000      0x1e9 c:/altera/14.1/nios2eds/bin/gnu/h-x86_64-mingw32/bin/../lib/gcc/nios2-elf/4.8.3/mno-hw-mul\libgcc.a(_clz.o)
 .debug_str     0x00000000000006ed      0x179 ../ServoDrive_bsp/\libhal_bsp.a(alt_load.o)
                                        0x20b (size before relaxing)
 .debug_str     0x0000000000000866       0x70 ../ServoDrive_bsp/\libhal_bsp.a(alt_main.o)
                                        0x196 (size before relaxing)
 .debug_str     0x00000000000008d6       0x27 ../ServoDrive_bsp/\libhal_bsp.a(alt_usleep.o)
                                        0x141 (size before relaxing)
 .debug_str     0x00000000000008fd      0x14c ../ServoDrive_bsp/\libhal_bsp.a(alt_sys_init.o)
                                        0x2cd (size before relaxing)
 .debug_str     0x0000000000000a49       0x77 ../ServoDrive_bsp/\libhal_bsp.a(altera_avalon_jtag_uart_fd.o)
                                        0x2ce (size before relaxing)
 .debug_str     0x0000000000000ac0       0x48 ../ServoDrive_bsp/\libhal_bsp.a(altera_avalon_jtag_uart_read.o)
                                        0x218 (size before relaxing)
 .debug_str     0x0000000000000b08       0x4a ../ServoDrive_bsp/\libhal_bsp.a(altera_avalon_jtag_uart_write.o)
                                        0x20e (size before relaxing)
 .debug_str     0x0000000000000b52       0x42 ../ServoDrive_bsp/\libhal_bsp.a(alt_busy_sleep.o)
                                        0x164 (size before relaxing)
 .debug_str     0x0000000000000b94       0x44 ../ServoDrive_bsp/\libhal_bsp.a(alt_close.o)
                                        0x204 (size before relaxing)
 .debug_str     0x0000000000000bd8       0x34 ../ServoDrive_bsp/\libhal_bsp.a(alt_dcache_flush_all.o)
                                        0x14e (size before relaxing)
 .debug_str     0x0000000000000c0c      0x120 ../ServoDrive_bsp/\libhal_bsp.a(alt_dev.o)
                                        0x2fe (size before relaxing)
 .debug_str     0x0000000000000d2c       0x4b ../ServoDrive_bsp/\libhal_bsp.a(alt_dev_llist_insert.o)
                                        0x1c5 (size before relaxing)
 .debug_str     0x0000000000000d77       0x48 ../ServoDrive_bsp/\libhal_bsp.a(alt_do_ctors.o)
                                         0xd5 (size before relaxing)
 .debug_str     0x0000000000000dbf       0x4c ../ServoDrive_bsp/\libhal_bsp.a(alt_do_dtors.o)
                                         0xd4 (size before relaxing)
 .debug_str     0x0000000000000e0b       0x14 ../ServoDrive_bsp/\libhal_bsp.a(alt_errno.o)
                                        0x13e (size before relaxing)
 .debug_str     0x0000000000000e1f       0x34 ../ServoDrive_bsp/\libhal_bsp.a(alt_icache_flush_all.o)
                                        0x14e (size before relaxing)
 .debug_str     0x0000000000000e53       0x56 ../ServoDrive_bsp/\libhal_bsp.a(alt_io_redirect.o)
                                        0x30f (size before relaxing)
 .debug_str     0x0000000000000ea9       0x36 ../ServoDrive_bsp/\libhal_bsp.a(alt_open.o)
                                        0x244 (size before relaxing)
 .debug_str     0x0000000000000edf       0x28 ../ServoDrive_bsp/\libhal_bsp.a(alt_release_fd.o)
                                        0x1d8 (size before relaxing)
 .debug_str     0x0000000000000f07       0x3b ../ServoDrive_bsp/\libhal_bsp.a(altera_nios2_gen2_irq.o)
                                        0x155 (size before relaxing)
 .debug_str     0x0000000000000f42       0x24 ../ServoDrive_bsp/\libhal_bsp.a(alt_find_dev.o)
                                        0x1e5 (size before relaxing)
 .debug_str     0x0000000000000f66       0x26 ../ServoDrive_bsp/\libhal_bsp.a(alt_find_file.o)
                                        0x1f3 (size before relaxing)
 .debug_str     0x0000000000000f8c       0x30 ../ServoDrive_bsp/\libhal_bsp.a(alt_get_fd.o)
                                        0x215 (size before relaxing)
 .debug_str     0x0000000000000fbc      0x16b c:/altera/14.1/nios2eds/bin/gnu/h-x86_64-mingw32/bin/../lib/gcc/nios2-elf/4.8.3/../../../../../H-x86_64-mingw32/nios2-elf/lib/mno-hw-mul\libc.a(lib_a-atexit.o)
                                        0x204 (size before relaxing)
 .debug_str     0x0000000000001127      0x3c5 c:/altera/14.1/nios2eds/bin/gnu/h-x86_64-mingw32/bin/../lib/gcc/nios2-elf/4.8.3/../../../../../H-x86_64-mingw32/nios2-elf/lib/mno-hw-mul\libc.a(lib_a-exit.o)
                                        0x59a (size before relaxing)
 .debug_str     0x00000000000014ec       0xe0 c:/altera/14.1/nios2eds/bin/gnu/h-x86_64-mingw32/bin/../lib/gcc/nios2-elf/4.8.3/../../../../../H-x86_64-mingw32/nios2-elf/lib/mno-hw-mul\libc.a(lib_a-impure.o)
                                        0x591 (size before relaxing)
 .debug_str     0x00000000000015cc       0x40 c:/altera/14.1/nios2eds/bin/gnu/h-x86_64-mingw32/bin/../lib/gcc/nios2-elf/4.8.3/../../../../../H-x86_64-mingw32/nios2-elf/lib/mno-hw-mul\libc.a(lib_a-int_errno.o)
                                        0x1c0 (size before relaxing)
 .debug_str     0x000000000000160c       0xe4 c:/altera/14.1/nios2eds/bin/gnu/h-x86_64-mingw32/bin/../lib/gcc/nios2-elf/4.8.3/../../../../../H-x86_64-mingw32/nios2-elf/lib/mno-hw-mul\libc.a(lib_a-memcmp.o)
                                        0x1c7 (size before relaxing)
 .debug_str     0x00000000000016f0       0x52 c:/altera/14.1/nios2eds/bin/gnu/h-x86_64-mingw32/bin/../lib/gcc/nios2-elf/4.8.3/../../../../../H-x86_64-mingw32/nios2-elf/lib/mno-hw-mul\libc.a(lib_a-strlen.o)
                                        0x1da (size before relaxing)
 .debug_str     0x0000000000001742       0x4e c:/altera/14.1/nios2eds/bin/gnu/h-x86_64-mingw32/bin/../lib/gcc/nios2-elf/4.8.3/../../../../../H-x86_64-mingw32/nios2-elf/lib/mno-hw-mul\libc.a(lib_a-__atexit.o)
                                        0x5e7 (size before relaxing)
 .debug_str     0x0000000000001790       0x58 c:/altera/14.1/nios2eds/bin/gnu/h-x86_64-mingw32/bin/../lib/gcc/nios2-elf/4.8.3/../../../../../H-x86_64-mingw32/nios2-elf/lib/mno-hw-mul\libc.a(lib_a-__call_atexit.o)
                                        0x5b0 (size before relaxing)
 .debug_str     0x00000000000017e8       0x7f c:/altera/14.1/nios2eds/bin/gnu/h-x86_64-mingw32/bin/../lib/gcc/nios2-elf/4.8.3/mno-hw-mul\libgcc.a(lib2-divmod.o)
                                        0x1e4 (size before relaxing)
 .debug_str     0x0000000000001867       0x2a ../ServoDrive_bsp/\libhal_bsp.a(alt_exit.o)
                                        0x14a (size before relaxing)

.debug_loc      0x0000000000000000     0x411a
 *(.debug_loc)
 .debug_loc     0x0000000000000000       0x23 c:/altera/14.1/nios2eds/bin/gnu/h-x86_64-mingw32/bin/../lib/gcc/nios2-elf/4.8.3/mno-hw-mul\libgcc.a(_fixunssfsi.o)
 .debug_loc     0x0000000000000023      0xc67 c:/altera/14.1/nios2eds/bin/gnu/h-x86_64-mingw32/bin/../lib/gcc/nios2-elf/4.8.3/mno-hw-mul\libgcc.a(addsf3.o)
 .debug_loc     0x0000000000000c8a       0xe1 c:/altera/14.1/nios2eds/bin/gnu/h-x86_64-mingw32/bin/../lib/gcc/nios2-elf/4.8.3/mno-hw-mul\libgcc.a(gesf2.o)
 .debug_loc     0x0000000000000d6b      0x6a4 c:/altera/14.1/nios2eds/bin/gnu/h-x86_64-mingw32/bin/../lib/gcc/nios2-elf/4.8.3/mno-hw-mul\libgcc.a(mulsf3.o)
 .debug_loc     0x000000000000140f      0xa75 c:/altera/14.1/nios2eds/bin/gnu/h-x86_64-mingw32/bin/../lib/gcc/nios2-elf/4.8.3/mno-hw-mul\libgcc.a(subsf3.o)
 .debug_loc     0x0000000000001e84       0xdb c:/altera/14.1/nios2eds/bin/gnu/h-x86_64-mingw32/bin/../lib/gcc/nios2-elf/4.8.3/mno-hw-mul\libgcc.a(fixsfsi.o)
 .debug_loc     0x0000000000001f5f      0x228 c:/altera/14.1/nios2eds/bin/gnu/h-x86_64-mingw32/bin/../lib/gcc/nios2-elf/4.8.3/mno-hw-mul\libgcc.a(floatsisf.o)
 .debug_loc     0x0000000000002187     0x104b c:/altera/14.1/nios2eds/bin/gnu/h-x86_64-mingw32/bin/../lib/gcc/nios2-elf/4.8.3/mno-hw-mul\libgcc.a(muldf3.o)
 .debug_loc     0x00000000000031d2      0x15a c:/altera/14.1/nios2eds/bin/gnu/h-x86_64-mingw32/bin/../lib/gcc/nios2-elf/4.8.3/mno-hw-mul\libgcc.a(floatsidf.o)
 .debug_loc     0x000000000000332c      0x3e7 c:/altera/14.1/nios2eds/bin/gnu/h-x86_64-mingw32/bin/../lib/gcc/nios2-elf/4.8.3/mno-hw-mul\libgcc.a(truncdfsf2.o)
 .debug_loc     0x0000000000003713      0x19a c:/altera/14.1/nios2eds/bin/gnu/h-x86_64-mingw32/bin/../lib/gcc/nios2-elf/4.8.3/mno-hw-mul\libgcc.a(_clzsi2.o)
 .debug_loc     0x00000000000038ad       0x93 c:/altera/14.1/nios2eds/bin/gnu/h-x86_64-mingw32/bin/../lib/gcc/nios2-elf/4.8.3/mno-hw-mul\libgcc.a(lib2-mul.o)
 .debug_loc     0x0000000000003940       0x2c c:/altera/14.1/nios2eds/bin/gnu/h-x86_64-mingw32/bin/../lib/gcc/nios2-elf/4.8.3/../../../../../H-x86_64-mingw32/nios2-elf/lib/mno-hw-mul\libc.a(lib_a-atexit.o)
 .debug_loc     0x000000000000396c       0x1e c:/altera/14.1/nios2eds/bin/gnu/h-x86_64-mingw32/bin/../lib/gcc/nios2-elf/4.8.3/../../../../../H-x86_64-mingw32/nios2-elf/lib/mno-hw-mul\libc.a(lib_a-exit.o)
 .debug_loc     0x000000000000398a      0x126 c:/altera/14.1/nios2eds/bin/gnu/h-x86_64-mingw32/bin/../lib/gcc/nios2-elf/4.8.3/../../../../../H-x86_64-mingw32/nios2-elf/lib/mno-hw-mul\libc.a(lib_a-memcmp.o)
 .debug_loc     0x0000000000003ab0       0x47 c:/altera/14.1/nios2eds/bin/gnu/h-x86_64-mingw32/bin/../lib/gcc/nios2-elf/4.8.3/../../../../../H-x86_64-mingw32/nios2-elf/lib/mno-hw-mul\libc.a(lib_a-strlen.o)
 .debug_loc     0x0000000000003af7      0x174 c:/altera/14.1/nios2eds/bin/gnu/h-x86_64-mingw32/bin/../lib/gcc/nios2-elf/4.8.3/../../../../../H-x86_64-mingw32/nios2-elf/lib/mno-hw-mul\libc.a(lib_a-__atexit.o)
 .debug_loc     0x0000000000003c6b      0x1d8 c:/altera/14.1/nios2eds/bin/gnu/h-x86_64-mingw32/bin/../lib/gcc/nios2-elf/4.8.3/../../../../../H-x86_64-mingw32/nios2-elf/lib/mno-hw-mul\libc.a(lib_a-__call_atexit.o)
 .debug_loc     0x0000000000003e43      0x2d7 c:/altera/14.1/nios2eds/bin/gnu/h-x86_64-mingw32/bin/../lib/gcc/nios2-elf/4.8.3/mno-hw-mul\libgcc.a(lib2-divmod.o)

.debug_macinfo
 *(.debug_macinfo)

.debug_weaknames
 *(.debug_weaknames)

.debug_funcnames
 *(.debug_funcnames)

.debug_typenames
 *(.debug_typenames)

.debug_varnames
 *(.debug_varnames)

.debug_alt_sim_info
                0x0000000000000000       0x40
 *(.debug_alt_sim_info)
 .debug_alt_sim_info
                0x0000000000000000       0x10 ../ServoDrive_bsp//obj/HAL/src/crt0.o
 .debug_alt_sim_info
                0x0000000000000010       0x30 ../ServoDrive_bsp/\libhal_bsp.a(alt_busy_sleep.o)
                0x0000000000020000                __alt_data_end = 0x20000
                0x0000000000020000                PROVIDE (__alt_stack_pointer, __alt_data_end)
                0x0000000000014908                PROVIDE (__alt_stack_limit, __alt_stack_base)
                0x0000000000014908                PROVIDE (__alt_heap_start, end)
                0x0000000000020000                PROVIDE (__alt_heap_limit, 0x20000)
OUTPUT(ServoDrive.elf elf32-littlenios2)

.debug_ranges   0x0000000000000000      0x728
 .debug_ranges  0x0000000000000000       0x20 ../ServoDrive_bsp//obj/HAL/src/crt0.o
 .debug_ranges  0x0000000000000020      0x160 c:/altera/14.1/nios2eds/bin/gnu/h-x86_64-mingw32/bin/../lib/gcc/nios2-elf/4.8.3/mno-hw-mul\libgcc.a(addsf3.o)
 .debug_ranges  0x0000000000000180       0x68 c:/altera/14.1/nios2eds/bin/gnu/h-x86_64-mingw32/bin/../lib/gcc/nios2-elf/4.8.3/mno-hw-mul\libgcc.a(gesf2.o)
 .debug_ranges  0x00000000000001e8       0x98 c:/altera/14.1/nios2eds/bin/gnu/h-x86_64-mingw32/bin/../lib/gcc/nios2-elf/4.8.3/mno-hw-mul\libgcc.a(mulsf3.o)
 .debug_ranges  0x0000000000000280      0x170 c:/altera/14.1/nios2eds/bin/gnu/h-x86_64-mingw32/bin/../lib/gcc/nios2-elf/4.8.3/mno-hw-mul\libgcc.a(subsf3.o)
 .debug_ranges  0x00000000000003f0       0x18 c:/altera/14.1/nios2eds/bin/gnu/h-x86_64-mingw32/bin/../lib/gcc/nios2-elf/4.8.3/mno-hw-mul\libgcc.a(fixsfsi.o)
 .debug_ranges  0x0000000000000408       0x40 c:/altera/14.1/nios2eds/bin/gnu/h-x86_64-mingw32/bin/../lib/gcc/nios2-elf/4.8.3/mno-hw-mul\libgcc.a(floatsisf.o)
 .debug_ranges  0x0000000000000448      0x220 c:/altera/14.1/nios2eds/bin/gnu/h-x86_64-mingw32/bin/../lib/gcc/nios2-elf/4.8.3/mno-hw-mul\libgcc.a(muldf3.o)
 .debug_ranges  0x0000000000000668       0x30 c:/altera/14.1/nios2eds/bin/gnu/h-x86_64-mingw32/bin/../lib/gcc/nios2-elf/4.8.3/mno-hw-mul\libgcc.a(floatsidf.o)
 .debug_ranges  0x0000000000000698       0x50 c:/altera/14.1/nios2eds/bin/gnu/h-x86_64-mingw32/bin/../lib/gcc/nios2-elf/4.8.3/mno-hw-mul\libgcc.a(truncdfsf2.o)
 .debug_ranges  0x00000000000006e8       0x28 c:/altera/14.1/nios2eds/bin/gnu/h-x86_64-mingw32/bin/../lib/gcc/nios2-elf/4.8.3/mno-hw-mul\libgcc.a(_clzsi2.o)
 .debug_ranges  0x0000000000000710       0x18 c:/altera/14.1/nios2eds/bin/gnu/h-x86_64-mingw32/bin/../lib/gcc/nios2-elf/4.8.3/../../../../../H-x86_64-mingw32/nios2-elf/lib/mno-hw-mul\libc.a(lib_a-__call_atexit.o)
