Archive member included because of file (symbol)

/home/icrs/altera/13.1/nios2eds/bin/gnu/H-i686-pc-linux-gnu/bin/../lib/gcc/nios2-elf/4.7.3/mno-hw-mul/libgcc.a(_fixunssfsi.o)
                              obj/default/Servo.o (__fixunssfsi)
/home/icrs/altera/13.1/nios2eds/bin/gnu/H-i686-pc-linux-gnu/bin/../lib/gcc/nios2-elf/4.7.3/mno-hw-mul/libgcc.a(_addsub_sf.o)
                              obj/default/Servo.o (__addsf3)
/home/icrs/altera/13.1/nios2eds/bin/gnu/H-i686-pc-linux-gnu/bin/../lib/gcc/nios2-elf/4.7.3/mno-hw-mul/libgcc.a(_mul_sf.o)
                              obj/default/Servo.o (__mulsf3)
/home/icrs/altera/13.1/nios2eds/bin/gnu/H-i686-pc-linux-gnu/bin/../lib/gcc/nios2-elf/4.7.3/mno-hw-mul/libgcc.a(_gt_sf.o)
                              obj/default/Servo.o (__gtsf2)
/home/icrs/altera/13.1/nios2eds/bin/gnu/H-i686-pc-linux-gnu/bin/../lib/gcc/nios2-elf/4.7.3/mno-hw-mul/libgcc.a(_ge_sf.o)
                              obj/default/Servo.o (__gesf2)
/home/icrs/altera/13.1/nios2eds/bin/gnu/H-i686-pc-linux-gnu/bin/../lib/gcc/nios2-elf/4.7.3/mno-hw-mul/libgcc.a(_si_to_sf.o)
                              obj/default/Servo.o (__floatsisf)
/home/icrs/altera/13.1/nios2eds/bin/gnu/H-i686-pc-linux-gnu/bin/../lib/gcc/nios2-elf/4.7.3/mno-hw-mul/libgcc.a(_sf_to_si.o)
                              /home/icrs/altera/13.1/nios2eds/bin/gnu/H-i686-pc-linux-gnu/bin/../lib/gcc/nios2-elf/4.7.3/mno-hw-mul/libgcc.a(_fixunssfsi.o) (__fixsfsi)
/home/icrs/altera/13.1/nios2eds/bin/gnu/H-i686-pc-linux-gnu/bin/../lib/gcc/nios2-elf/4.7.3/mno-hw-mul/libgcc.a(_thenan_sf.o)
                              /home/icrs/altera/13.1/nios2eds/bin/gnu/H-i686-pc-linux-gnu/bin/../lib/gcc/nios2-elf/4.7.3/mno-hw-mul/libgcc.a(_addsub_sf.o) (__thenan_sf)
/home/icrs/altera/13.1/nios2eds/bin/gnu/H-i686-pc-linux-gnu/bin/../lib/gcc/nios2-elf/4.7.3/mno-hw-mul/libgcc.a(_mul_df.o)
                              obj/default/Servo.o (__muldf3)
/home/icrs/altera/13.1/nios2eds/bin/gnu/H-i686-pc-linux-gnu/bin/../lib/gcc/nios2-elf/4.7.3/mno-hw-mul/libgcc.a(_si_to_df.o)
                              obj/default/Servo.o (__floatsidf)
/home/icrs/altera/13.1/nios2eds/bin/gnu/H-i686-pc-linux-gnu/bin/../lib/gcc/nios2-elf/4.7.3/mno-hw-mul/libgcc.a(_df_to_sf.o)
                              obj/default/Servo.o (__truncdfsf2)
/home/icrs/altera/13.1/nios2eds/bin/gnu/H-i686-pc-linux-gnu/bin/../lib/gcc/nios2-elf/4.7.3/mno-hw-mul/libgcc.a(_thenan_df.o)
                              /home/icrs/altera/13.1/nios2eds/bin/gnu/H-i686-pc-linux-gnu/bin/../lib/gcc/nios2-elf/4.7.3/mno-hw-mul/libgcc.a(_mul_df.o) (__thenan_df)
/home/icrs/altera/13.1/nios2eds/bin/gnu/H-i686-pc-linux-gnu/bin/../lib/gcc/nios2-elf/4.7.3/mno-hw-mul/libgcc.a(_muldi3.o)
                              /home/icrs/altera/13.1/nios2eds/bin/gnu/H-i686-pc-linux-gnu/bin/../lib/gcc/nios2-elf/4.7.3/mno-hw-mul/libgcc.a(_mul_sf.o) (__muldi3)
/home/icrs/altera/13.1/nios2eds/bin/gnu/H-i686-pc-linux-gnu/bin/../lib/gcc/nios2-elf/4.7.3/mno-hw-mul/libgcc.a(_clzsi2.o)
                              /home/icrs/altera/13.1/nios2eds/bin/gnu/H-i686-pc-linux-gnu/bin/../lib/gcc/nios2-elf/4.7.3/mno-hw-mul/libgcc.a(_si_to_sf.o) (__clzsi2)
/home/icrs/altera/13.1/nios2eds/bin/gnu/H-i686-pc-linux-gnu/bin/../lib/gcc/nios2-elf/4.7.3/mno-hw-mul/libgcc.a(_pack_sf.o)
                              /home/icrs/altera/13.1/nios2eds/bin/gnu/H-i686-pc-linux-gnu/bin/../lib/gcc/nios2-elf/4.7.3/mno-hw-mul/libgcc.a(_addsub_sf.o) (__pack_f)
/home/icrs/altera/13.1/nios2eds/bin/gnu/H-i686-pc-linux-gnu/bin/../lib/gcc/nios2-elf/4.7.3/mno-hw-mul/libgcc.a(_unpack_sf.o)
                              /home/icrs/altera/13.1/nios2eds/bin/gnu/H-i686-pc-linux-gnu/bin/../lib/gcc/nios2-elf/4.7.3/mno-hw-mul/libgcc.a(_addsub_sf.o) (__unpack_f)
/home/icrs/altera/13.1/nios2eds/bin/gnu/H-i686-pc-linux-gnu/bin/../lib/gcc/nios2-elf/4.7.3/mno-hw-mul/libgcc.a(_fpcmp_parts_sf.o)
                              /home/icrs/altera/13.1/nios2eds/bin/gnu/H-i686-pc-linux-gnu/bin/../lib/gcc/nios2-elf/4.7.3/mno-hw-mul/libgcc.a(_gt_sf.o) (__fpcmp_parts_f)
/home/icrs/altera/13.1/nios2eds/bin/gnu/H-i686-pc-linux-gnu/bin/../lib/gcc/nios2-elf/4.7.3/mno-hw-mul/libgcc.a(_make_sf.o)
                              /home/icrs/altera/13.1/nios2eds/bin/gnu/H-i686-pc-linux-gnu/bin/../lib/gcc/nios2-elf/4.7.3/mno-hw-mul/libgcc.a(_df_to_sf.o) (__make_fp)
/home/icrs/altera/13.1/nios2eds/bin/gnu/H-i686-pc-linux-gnu/bin/../lib/gcc/nios2-elf/4.7.3/mno-hw-mul/libgcc.a(_pack_df.o)
                              /home/icrs/altera/13.1/nios2eds/bin/gnu/H-i686-pc-linux-gnu/bin/../lib/gcc/nios2-elf/4.7.3/mno-hw-mul/libgcc.a(_mul_df.o) (__pack_d)
/home/icrs/altera/13.1/nios2eds/bin/gnu/H-i686-pc-linux-gnu/bin/../lib/gcc/nios2-elf/4.7.3/mno-hw-mul/libgcc.a(_unpack_df.o)
                              /home/icrs/altera/13.1/nios2eds/bin/gnu/H-i686-pc-linux-gnu/bin/../lib/gcc/nios2-elf/4.7.3/mno-hw-mul/libgcc.a(_mul_df.o) (__unpack_d)
[...]
Memory Configuration

Name             Origin             Length             Attributes
reset            0x00008000         0x00000020
onchip_memory2_0 0x00008020         0x00004fe0
*default*        0x00000000         0xffffffff

Linker script and memory map

LOAD ../ServoDrive_bsp//obj/HAL/src/crt0.o
LOAD obj/default/Servo.o
LOAD /home/icrs/altera/13.1/nios2eds/bin/gnu/H-i686-pc-linux-gnu/bin/../lib/gcc/nios2-elf/4.7.3/../../../../../H-i686-pc-linux-gnu/nios2-elf/lib/mno-hw-mul/libstdc++.a
LOAD /home/icrs/altera/13.1/nios2eds/bin/gnu/H-i686-pc-linux-gnu/bin/../lib/gcc/nios2-elf/4.7.3/../../../../../H-i686-pc-linux-gnu/nios2-elf/lib/mno-hw-mul/libm.a
LOAD /home/icrs/altera/13.1/nios2eds/bin/gnu/H-i686-pc-linux-gnu/bin/../lib/gcc/nios2-elf/4.7.3/mno-hw-mul/libgcc.a
START GROUP
LOAD /home/icrs/altera/13.1/nios2eds/bin/gnu/H-i686-pc-linux-gnu/bin/../lib/gcc/nios2-elf/4.7.3/../../../../../H-i686-pc-linux-gnu/nios2-elf/lib/mno-hw-mul/libsmallc.a
LOAD /home/icrs/altera/13.1/nios2eds/bin/gnu/H-i686-pc-linux-gnu/bin/../lib/gcc/nios2-elf/4.7.3/mno-hw-mul/libgcc.a
LOAD ../ServoDrive_bsp//libhal_bsp.a
END GROUP
LOAD /home/icrs/altera/13.1/nios2eds/bin/gnu/H-i686-pc-linux-gnu/bin/../lib/gcc/nios2-elf/4.7.3/mno-hw-mul/libgcc.a
                0x00008000                __alt_mem_onchip_memory2_0 = 0x8000

.entry          0x00008000       0x20
 *(.entry)
 .entry         0x00008000       0x20 ../ServoDrive_bsp//obj/HAL/src/crt0.o
                0x00008000                __reset

.exceptions     0x00008020        0x0
                0x00008020                PROVIDE (__ram_exceptions_start, ABSOLUTE (.))
                0x00008020                . = ALIGN (0x20)
 *(.irq)
 *(.exceptions.entry.label)
 *(.exceptions.entry.user)
 *(.exceptions.entry.ecc_fatal)
 *(.exceptions.entry)
 *(.exceptions.irqtest.user)
 *(.exceptions.irqtest)
 *(.exceptions.irqhandler.user)
 *(.exceptions.irqhandler)
 *(.exceptions.irqreturn.user)
 *(.exceptions.irqreturn)
 *(.exceptions.notirq.label)
 *(.exceptions.notirq.user)
 *(.exceptions.notirq)
 *(.exceptions.soft.user)
 *(.exceptions.soft)
 *(.exceptions.unknown.user)
 *(.exceptions.unknown)
 *(.exceptions.exit.label)
 *(.exceptions.exit.user)
 *(.exceptions.exit)
 *(.exceptions)
                0x00008020                PROVIDE (__ram_exceptions_end, ABSOLUTE (.))
                0x00008020                PROVIDE (__flash_exceptions_start, LOADADDR (.exceptions))

.text           0x00008020     0x31ec
                0x00008020                PROVIDE (stext, ABSOLUTE (.))
 *(.interp)
 *(.hash)
 *(.dynsym)
 *(.dynstr)
 *(.gnu.version)
 *(.gnu.version_d)
 *(.gnu.version_r)
 *(.rel.init)
 *(.rela.init)
 *(.rel.text .rel.text.* .rel.gnu.linkonce.t.*)
 *(.rela.text .rela.text.* .rela.gnu.linkonce.t.*)
 *(.rel.fini)
 *(.rela.fini)
 *(.rel.rodata .rel.rodata.* .rel.gnu.linkonce.r.*)
 *(.rela.rodata .rela.rodata.* .rela.gnu.linkonce.r.*)
 *(.rel.data .rel.data.* .rel.gnu.linkonce.d.*)
 *(.rela.data .rela.data.* .rela.gnu.linkonce.d.*)
 *(.rel.tdata .rel.tdata.* .rel.gnu.linkonce.td.*)
 *(.rela.tdata .rela.tdata.* .rela.gnu.linkonce.td.*)
 *(.rel.tbss .rel.tbss.* .rel.gnu.linkonce.tb.*)
 *(.rela.tbss .rela.tbss.* .rela.gnu.linkonce.tb.*)
 *(.rel.ctors)
 *(.rela.ctors)
 *(.rel.dtors)
 *(.rela.dtors)
 *(.rel.got)
 *(.rela.got)
 *(.rel.sdata .rel.sdata.* .rel.gnu.linkonce.s.*)
 *(.rela.sdata .rela.sdata.* .rela.gnu.linkonce.s.*)
 *(.rel.sbss .rel.sbss.* .rel.gnu.linkonce.sb.*)
 *(.rela.sbss .rela.sbss.* .rela.gnu.linkonce.sb.*)
 *(.rel.sdata2 .rel.sdata2.* .rel.gnu.linkonce.s2.*)
 *(.rela.sdata2 .rela.sdata2.* .rela.gnu.linkonce.s2.*)
 *(.rel.sbss2 .rel.sbss2.* .rel.gnu.linkonce.sb2.*)
 *(.rela.sbss2 .rela.sbss2.* .rela.gnu.linkonce.sb2.*)
 *(.rel.bss .rel.bss.* .rel.gnu.linkonce.b.*)
 *(.rela.bss .rela.bss.* .rela.gnu.linkonce.b.*)
 *(.rel.plt)
 *(.rela.plt)
 *(.rel.dyn)
 *(.init)
 *(.plt)
 *(.text .stub .text.* .gnu.linkonce.t.*)
 .text          0x00008020       0x3c ../ServoDrive_bsp//obj/HAL/src/crt0.o
                0x00008020                _start
 .text          0x0000805c      0x91c obj/default/Servo.o
                0x0000805c                SVM
                0x000087e8                main
 .text          0x00008978       0x70 /home/icrs/altera/13.1/nios2eds/bin/gnu/H-i686-pc-linux-gnu/bin/../lib/gcc/nios2-elf/4.7.3/mno-hw-mul/libgcc.a(_fixunssfsi.o)
                0x00008978                __fixunssfsi
 .text          0x000089e8      0x298 /home/icrs/altera/13.1/nios2eds/bin/gnu/H-i686-pc-linux-gnu/bin/../lib/gcc/nios2-elf/4.7.3/mno-hw-mul/libgcc.a(_addsub_sf.o)
                0x00008bdc                __addsf3
                0x00008c28                __subsf3
 .text          0x00008c80      0x190 /home/icrs/altera/13.1/nios2eds/bin/gnu/H-i686-pc-linux-gnu/bin/../lib/gcc/nios2-elf/4.7.3/mno-hw-mul/libgcc.a(_mul_sf.o)
                0x00008c80                __mulsf3
 .text          0x00008e10       0x5c /home/icrs/altera/13.1/nios2eds/bin/gnu/H-i686-pc-linux-gnu/bin/../lib/gcc/nios2-elf/4.7.3/mno-hw-mul/libgcc.a(_gt_sf.o)
                0x00008e10                __gtsf2
 .text          0x00008e6c       0x5c /home/icrs/altera/13.1/nios2eds/bin/gnu/H-i686-pc-linux-gnu/bin/../lib/gcc/nios2-elf/4.7.3/mno-hw-mul/libgcc.a(_ge_sf.o)
                0x00008e6c                __gesf2
 .text          0x00008ec8       0xa4 /home/icrs/altera/13.1/nios2eds/bin/gnu/H-i686-pc-linux-gnu/bin/../lib/gcc/nios2-elf/4.7.3/mno-hw-mul/libgcc.a(_si_to_sf.o)
                0x00008ec8                __floatsisf
 .text          0x00008f6c       0xa4 /home/icrs/altera/13.1/nios2eds/bin/gnu/H-i686-pc-linux-gnu/bin/../lib/gcc/nios2-elf/4.7.3/mno-hw-mul/libgcc.a(_sf_to_si.o)
                0x00008f6c                __fixsfsi
 .text          0x00009010        0x0 /home/icrs/altera/13.1/nios2eds/bin/gnu/H-i686-pc-linux-gnu/bin/../lib/gcc/nios2-elf/4.7.3/mno-hw-mul/libgcc.a(_thenan_sf.o)
 .text          0x00009010      0x2e4 /home/icrs/altera/13.1/nios2eds/bin/gnu/H-i686-pc-linux-gnu/bin/../lib/gcc/nios2-elf/4.7.3/mno-hw-mul/libgcc.a(_mul_df.o)
                0x00009010                __muldf3
 .text          0x000092f4       0xd4 /home/icrs/altera/13.1/nios2eds/bin/gnu/H-i686-pc-linux-gnu/bin/../lib/gcc/nios2-elf/4.7.3/mno-hw-mul/libgcc.a(_si_to_df.o)
                0x000092f4                __floatsidf
 .text          0x000093c8       0x60 /home/icrs/altera/13.1/nios2eds/bin/gnu/H-i686-pc-linux-gnu/bin/../lib/gcc/nios2-elf/4.7.3/mno-hw-mul/libgcc.a(_df_to_sf.o)
                0x000093c8                __truncdfsf2
 .text          0x00009428        0x0 /home/icrs/altera/13.1/nios2eds/bin/gnu/H-i686-pc-linux-gnu/bin/../lib/gcc/nios2-elf/4.7.3/mno-hw-mul/libgcc.a(_thenan_df.o)
 .text          0x00009428      0x110 /home/icrs/altera/13.1/nios2eds/bin/gnu/H-i686-pc-linux-gnu/bin/../lib/gcc/nios2-elf/4.7.3/mno-hw-mul/libgcc.a(_muldi3.o)
                0x00009428                __muldi3
 .text          0x00009538       0xac /home/icrs/altera/13.1/nios2eds/bin/gnu/H-i686-pc-linux-gnu/bin/../lib/gcc/nios2-elf/4.7.3/mno-hw-mul/libgcc.a(_clzsi2.o)
                0x00009538                __clzsi2
 .text          0x000095e4      0x12c /home/icrs/altera/13.1/nios2eds/bin/gnu/H-i686-pc-linux-gnu/bin/../lib/gcc/nios2-elf/4.7.3/mno-hw-mul/libgcc.a(_pack_sf.o)
                0x000095e4                __pack_f
 .text          0x00009710       0xc8 /home/icrs/altera/13.1/nios2eds/bin/gnu/H-i686-pc-linux-gnu/bin/../lib/gcc/nios2-elf/4.7.3/mno-hw-mul/libgcc.a(_unpack_sf.o)
                0x00009710                __unpack_f
 .text          0x000097d8       0xbc /home/icrs/altera/13.1/nios2eds/bin/gnu/H-i686-pc-linux-gnu/bin/../lib/gcc/nios2-elf/4.7.3/mno-hw-mul/libgcc.a(_fpcmp_parts_sf.o)
                0x000097d8                __fpcmp_parts_f
 .text          0x00009894       0x2c /home/icrs/altera/13.1/nios2eds/bin/gnu/H-i686-pc-linux-gnu/bin/../lib/gcc/nios2-elf/4.7.3/mno-hw-mul/libgcc.a(_make_sf.o)
                0x00009894                __make_fp
 .text          0x000098c0      0x224 /home/icrs/altera/13.1/nios2eds/bin/gnu/H-i686-pc-linux-gnu/bin/../lib/gcc/nios2-elf/4.7.3/mno-hw-mul/libgcc.a(_pack_df.o)
                0x000098c0                __pack_d
 .text          0x00009ae4      0x104 /home/icrs/altera/13.1/nios2eds/bin/gnu/H-i686-pc-linux-gnu/bin/../lib/gcc/nios2-elf/4.7.3/mno-hw-mul/libgcc.a(_unpack_df.o)
                0x00009ae4                __unpack_d
 .text          0x00009be8       0x28 /home/icrs/altera/13.1/nios2eds/bin/gnu/H-i686-pc-linux-gnu/bin/../lib/gcc/nios2-elf/4.7.3/mno-hw-mul/libgcc.a(lib2-mul.o)
                0x00009be8                __mulsi3
 .text          0x00009c10       0x44 /home/icrs/altera/13.1/nios2eds/bin/gnu/H-i686-pc-linux-gnu/bin/../lib/gcc/nios2-elf/4.7.3/mno-hw-mul/libgcc.a(_lshrdi3.o)
                0x00009c10                __lshrdi3
 .text          0x00009c54       0x44 /home/icrs/altera/13.1/nios2eds/bin/gnu/H-i686-pc-linux-gnu/bin/../lib/gcc/nios2-elf/4.7.3/mno-hw-mul/libgcc.a(_ashldi3.o)
                0x00009c54                __ashldi3
 .text          0x00009c98        0x0 /home/icrs/altera/13.1/nios2eds/bin/gnu/H-i686-pc-linux-gnu/bin/../lib/gcc/nios2-elf/4.7.3/mno-hw-mul/libgcc.a(_clz.o)
 .text          0x00009c98       0xec ../ServoDrive_bsp//libhal_bsp.a(alt_load.o)
                0x00009d04                alt_load
 .text          0x00009d84       0x78 ../ServoDrive_bsp//libhal_bsp.a(alt_main.o)
                0x00009d84                alt_main
 .text          0x00009dfc       0x30 ../ServoDrive_bsp//libhal_bsp.a(alt_usleep.o)
                0x00009dfc                usleep
 .text          0x00009e2c       0xa0 ../ServoDrive_bsp//libhal_bsp.a(alt_sys_init.o)
                0x00009e64                alt_irq_init
                0x00009e98                alt_sys_init
 .text          0x00009ecc       0xc0 ../ServoDrive_bsp//libhal_bsp.a(altera_avalon_jtag_uart_fd.o)
                0x00009ecc                altera_avalon_jtag_uart_read_fd
                0x00009f2c                altera_avalon_jtag_uart_write_fd
 .text          0x00009f8c       0xf4 ../ServoDrive_bsp//libhal_bsp.a(altera_avalon_jtag_uart_read.o)
                0x00009f8c                altera_avalon_jtag_uart_read
 .text          0x0000a080       0x98 ../ServoDrive_bsp//libhal_bsp.a(altera_avalon_jtag_uart_write.o)
                0x0000a080                altera_avalon_jtag_uart_write
 .text          0x0000a118      0x154 ../ServoDrive_bsp//libhal_bsp.a(alt_busy_sleep.o)
                0x0000a118                alt_busy_sleep
 .text          0x0000a26c      0x11c ../ServoDrive_bsp//libhal_bsp.a(alt_close.o)
                0x0000a2bc                close
 .text          0x0000a388       0x1c ../ServoDrive_bsp//libhal_bsp.a(alt_dcache_flush_all.o)
                0x0000a388                alt_dcache_flush_all
 .text          0x0000a3a4       0x2c ../ServoDrive_bsp//libhal_bsp.a(alt_dev.o)
 .text          0x0000a3d0       0xf0 ../ServoDrive_bsp//libhal_bsp.a(alt_dev_llist_insert.o)
                0x0000a420                alt_dev_llist_insert
 .text          0x0000a4c0       0x5c ../ServoDrive_bsp//libhal_bsp.a(alt_do_ctors.o)
                0x0000a4c0                _do_ctors
 .text          0x0000a51c       0x5c ../ServoDrive_bsp//libhal_bsp.a(alt_do_dtors.o)
                0x0000a51c                _do_dtors
 .text          0x0000a578        0x0 ../ServoDrive_bsp//libhal_bsp.a(alt_errno.o)
 .text          0x0000a578       0x1c ../ServoDrive_bsp//libhal_bsp.a(alt_icache_flush_all.o)
                0x0000a578                alt_icache_flush_all
 .text          0x0000a594      0x158 ../ServoDrive_bsp//libhal_bsp.a(alt_io_redirect.o)
                0x0000a674                alt_io_redirect
 .text          0x0000a6ec      0x298 ../ServoDrive_bsp//libhal_bsp.a(alt_open.o)
                0x0000a82c                open
 .text          0x0000a984       0x80 ../ServoDrive_bsp//libhal_bsp.a(alt_release_fd.o)
                0x0000a984                alt_release_fd
 .text          0x0000aa04       0x20 ../ServoDrive_bsp//libhal_bsp.a(altera_nios2_qsys_irq.o)
                0x0000aa04                altera_nios2_qsys_irq_init
 .text          0x0000aa24       0x90 ../ServoDrive_bsp//libhal_bsp.a(alt_find_dev.o)
                0x0000aa24                alt_find_dev
 .text          0x0000aab4      0x114 ../ServoDrive_bsp//libhal_bsp.a(alt_find_file.o)
                0x0000aab4                alt_find_file
 .text          0x0000abc8       0xd4 ../ServoDrive_bsp//libhal_bsp.a(alt_get_fd.o)
                0x0000abc8                alt_get_fd
 .text          0x0000ac9c       0x14 /home/icrs/altera/13.1/nios2eds/bin/gnu/H-i686-pc-linux-gnu/bin/../lib/gcc/nios2-elf/4.7.3/../../../../../H-i686-pc-linux-gnu/nios2-elf/lib/mno-hw-mul/libsmallc.a(lib_a-atexit.o)
                0x0000ac9c                atexit
 .text          0x0000acb0       0x20 /home/icrs/altera/13.1/nios2eds/bin/gnu/H-i686-pc-linux-gnu/bin/../lib/gcc/nios2-elf/4.7.3/../../../../../H-i686-pc-linux-gnu/nios2-elf/lib/mno-hw-mul/libsmallc.a(lib_a-exit.o)
                0x0000acb0                exit
 .text          0x0000acd0        0x0 /home/icrs/altera/13.1/nios2eds/bin/gnu/H-i686-pc-linux-gnu/bin/../lib/gcc/nios2-elf/4.7.3/../../../../../H-i686-pc-linux-gnu/nios2-elf/lib/mno-hw-mul/libsmallc.a(lib_a-int_errno.o)
 .text          0x0000acd0       0x48 /home/icrs/altera/13.1/nios2eds/bin/gnu/H-i686-pc-linux-gnu/bin/../lib/gcc/nios2-elf/4.7.3/../../../../../H-i686-pc-linux-gnu/nios2-elf/lib/mno-hw-mul/libsmallc.a(lib_a-memcmp.o)
                0x0000acd0                memcmp
 .text          0x0000ad18       0x28 /home/icrs/altera/13.1/nios2eds/bin/gnu/H-i686-pc-linux-gnu/bin/../lib/gcc/nios2-elf/4.7.3/../../../../../H-i686-pc-linux-gnu/nios2-elf/lib/mno-hw-mul/libsmallc.a(lib_a-strlen.o)
                0x0000ad18                strlen
 .text          0x0000ad40      0x188 /home/icrs/altera/13.1/nios2eds/bin/gnu/H-i686-pc-linux-gnu/bin/../lib/gcc/nios2-elf/4.7.3/../../../../../H-i686-pc-linux-gnu/nios2-elf/lib/mno-hw-mul/libsmallc.a(lib_a-__atexit.o)
                0x0000ad40                __register_exitproc
 .text          0x0000aec8      0x1d8 /home/icrs/altera/13.1/nios2eds/bin/gnu/H-i686-pc-linux-gnu/bin/../lib/gcc/nios2-elf/4.7.3/../../../../../H-i686-pc-linux-gnu/nios2-elf/lib/mno-hw-mul/libsmallc.a(lib_a-__call_atexit.o)
                0x0000aec8                __call_exitprocs
 .text          0x0000b0a0        0x0 /home/icrs/altera/13.1/nios2eds/bin/gnu/H-i686-pc-linux-gnu/bin/../lib/gcc/nios2-elf/4.7.3/../../../../../H-i686-pc-linux-gnu/nios2-elf/lib/mno-hw-mul/libsmallc.a(lib_a-impure.o)
 .text          0x0000b0a0      0x130 /home/icrs/altera/13.1/nios2eds/bin/gnu/H-i686-pc-linux-gnu/bin/../lib/gcc/nios2-elf/4.7.3/mno-hw-mul/libgcc.a(lib2-divmod.o)
                0x0000b114                __divsi3
                0x0000b164                __modsi3
                0x0000b1c0                __udivsi3
                0x0000b1c8                __umodsi3
 .text          0x0000b1d0       0x3c ../ServoDrive_bsp//libhal_bsp.a(alt_exit.o)
                0x0000b1d0                _exit
 *(.gnu.warning.*)
 *(.fini)
                0x0000b20c                PROVIDE (__etext, ABSOLUTE (.))
                0x0000b20c                PROVIDE (_etext, ABSOLUTE (.))
                0x0000b20c                PROVIDE (etext, ABSOLUTE (.))
 *(.eh_frame_hdr)
                0x0000b20c                . = ALIGN (0x4)
                0x0000b20c                PROVIDE (__preinit_array_start, ABSOLUTE (.))
 *(.preinit_array)
                0x0000b20c                PROVIDE (__preinit_array_end, ABSOLUTE (.))
                0x0000b20c                PROVIDE (__init_array_start, ABSOLUTE (.))
 *(.init_array)
                0x0000b20c                PROVIDE (__init_array_end, ABSOLUTE (.))
                0x0000b20c                PROVIDE (__fini_array_start, ABSOLUTE (.))
 *(.fini_array)
                0x0000b20c                PROVIDE (__fini_array_end, ABSOLUTE (.))
 *(.eh_frame)
 *(.gcc_except_table .gcc_except_table.*)
 *(.dynamic)
                0x0000b20c                PROVIDE (__CTOR_LIST__, ABSOLUTE (.))
 *(.ctors)
 *(SORT(.ctors.*))
                0x0000b20c                PROVIDE (__CTOR_END__, ABSOLUTE (.))
                0x0000b20c                PROVIDE (__DTOR_LIST__, ABSOLUTE (.))
 *(.dtors)
 *(SORT(.dtors.*))
                0x0000b20c                PROVIDE (__DTOR_END__, ABSOLUTE (.))
 *(.jcr)
                0x0000b20c                . = ALIGN (0x4)

.rodata         0x0000b20c      0x158
                0x0000b20c                PROVIDE (__ram_rodata_start, ABSOLUTE (.))
                0x0000b20c                . = ALIGN (0x4)
 *(.rodata .rodata.* .gnu.linkonce.r.*)
 .rodata        0x0000b20c       0x10 /home/icrs/altera/13.1/nios2eds/bin/gnu/H-i686-pc-linux-gnu/bin/../lib/gcc/nios2-elf/4.7.3/mno-hw-mul/libgcc.a(_thenan_sf.o)
                0x0000b20c                __thenan_sf
 .rodata        0x0000b21c       0x14 /home/icrs/altera/13.1/nios2eds/bin/gnu/H-i686-pc-linux-gnu/bin/../lib/gcc/nios2-elf/4.7.3/mno-hw-mul/libgcc.a(_thenan_df.o)
                0x0000b21c                __thenan_df
 .rodata        0x0000b230      0x100 /home/icrs/altera/13.1/nios2eds/bin/gnu/H-i686-pc-linux-gnu/bin/../lib/gcc/nios2-elf/4.7.3/mno-hw-mul/libgcc.a(_clz.o)
                0x0000b230                __clz_tab
 .rodata        0x0000b330       0x14 ../ServoDrive_bsp//libhal_bsp.a(alt_main.o)
 .rodata        0x0000b344       0x14 ../ServoDrive_bsp//libhal_bsp.a(alt_sys_init.o)
 .rodata        0x0000b358        0xc ../ServoDrive_bsp//libhal_bsp.a(alt_dev.o)
 *(.rodata1)
                0x0000b364                . = ALIGN (0x4)
                0x0000b364                PROVIDE (__ram_rodata_end, ABSOLUTE (.))
                0x0000b20c                PROVIDE (__flash_rodata_start, LOADADDR (.rodata))

.rwdata         0x0000b364      0x2f8 load address 0x0000b65c
                0x0000b364                PROVIDE (__ram_rwdata_start, ABSOLUTE (.))
                0x0000b364                . = ALIGN (0x4)
 *(.got.plt)
 *(.got)
 *(.data1)
 *(.data .data.* .gnu.linkonce.d.*)
 .data          0x0000b364        0x0 ../ServoDrive_bsp//obj/HAL/src/crt0.o
 .data          0x0000b364        0x0 obj/default/Servo.o
 .data          0x0000b364        0x0 /home/icrs/altera/13.1/nios2eds/bin/gnu/H-i686-pc-linux-gnu/bin/../lib/gcc/nios2-elf/4.7.3/mno-hw-mul/libgcc.a(_fixunssfsi.o)
 .data          0x0000b364        0x0 /home/icrs/altera/13.1/nios2eds/bin/gnu/H-i686-pc-linux-gnu/bin/../lib/gcc/nios2-elf/4.7.3/mno-hw-mul/libgcc.a(_addsub_sf.o)
 .data          0x0000b364        0x0 /home/icrs/altera/13.1/nios2eds/bin/gnu/H-i686-pc-linux-gnu/bin/../lib/gcc/nios2-elf/4.7.3/mno-hw-mul/libgcc.a(_mul_sf.o)
 .data          0x0000b364        0x0 /home/icrs/altera/13.1/nios2eds/bin/gnu/H-i686-pc-linux-gnu/bin/../lib/gcc/nios2-elf/4.7.3/mno-hw-mul/libgcc.a(_gt_sf.o)
 .data          0x0000b364        0x0 /home/icrs/altera/13.1/nios2eds/bin/gnu/H-i686-pc-linux-gnu/bin/../lib/gcc/nios2-elf/4.7.3/mno-hw-mul/libgcc.a(_ge_sf.o)
 .data          0x0000b364        0x0 /home/icrs/altera/13.1/nios2eds/bin/gnu/H-i686-pc-linux-gnu/bin/../lib/gcc/nios2-elf/4.7.3/mno-hw-mul/libgcc.a(_si_to_sf.o)
 .data          0x0000b364        0x0 /home/icrs/altera/13.1/nios2eds/bin/gnu/H-i686-pc-linux-gnu/bin/../lib/gcc/nios2-elf/4.7.3/mno-hw-mul/libgcc.a(_sf_to_si.o)
 .data          0x0000b364        0x0 /home/icrs/altera/13.1/nios2eds/bin/gnu/H-i686-pc-linux-gnu/bin/../lib/gcc/nios2-elf/4.7.3/mno-hw-mul/libgcc.a(_thenan_sf.o)
 .data          0x0000b364        0x0 /home/icrs/altera/13.1/nios2eds/bin/gnu/H-i686-pc-linux-gnu/bin/../lib/gcc/nios2-elf/4.7.3/mno-hw-mul/libgcc.a(_mul_df.o)
 .data          0x0000b364        0x0 /home/icrs/altera/13.1/nios2eds/bin/gnu/H-i686-pc-linux-gnu/bin/../lib/gcc/nios2-elf/4.7.3/mno-hw-mul/libgcc.a(_si_to_df.o)
 .data          0x0000b364        0x0 /home/icrs/altera/13.1/nios2eds/bin/gnu/H-i686-pc-linux-gnu/bin/../lib/gcc/nios2-elf/4.7.3/mno-hw-mul/libgcc.a(_df_to_sf.o)
 .data          0x0000b364        0x0 /home/icrs/altera/13.1/nios2eds/bin/gnu/H-i686-pc-linux-gnu/bin/../lib/gcc/nios2-elf/4.7.3/mno-hw-mul/libgcc.a(_thenan_df.o)
 .data          0x0000b364        0x0 /home/icrs/altera/13.1/nios2eds/bin/gnu/H-i686-pc-linux-gnu/bin/../lib/gcc/nios2-elf/4.7.3/mno-hw-mul/libgcc.a(_muldi3.o)
 .data          0x0000b364        0x0 /home/icrs/altera/13.1/nios2eds/bin/gnu/H-i686-pc-linux-gnu/bin/../lib/gcc/nios2-elf/4.7.3/mno-hw-mul/libgcc.a(_clzsi2.o)
 .data          0x0000b364        0x0 /home/icrs/altera/13.1/nios2eds/bin/gnu/H-i686-pc-linux-gnu/bin/../lib/gcc/nios2-elf/4.7.3/mno-hw-mul/libgcc.a(_pack_sf.o)
 .data          0x0000b364        0x0 /home/icrs/altera/13.1/nios2eds/bin/gnu/H-i686-pc-linux-gnu/bin/../lib/gcc/nios2-elf/4.7.3/mno-hw-mul/libgcc.a(_unpack_sf.o)
 .data          0x0000b364        0x0 /home/icrs/altera/13.1/nios2eds/bin/gnu/H-i686-pc-linux-gnu/bin/../lib/gcc/nios2-elf/4.7.3/mno-hw-mul/libgcc.a(_fpcmp_parts_sf.o)
 .data          0x0000b364        0x0 /home/icrs/altera/13.1/nios2eds/bin/gnu/H-i686-pc-linux-gnu/bin/../lib/gcc/nios2-elf/4.7.3/mno-hw-mul/libgcc.a(_make_sf.o)
 .data          0x0000b364        0x0 /home/icrs/altera/13.1/nios2eds/bin/gnu/H-i686-pc-linux-gnu/bin/../lib/gcc/nios2-elf/4.7.3/mno-hw-mul/libgcc.a(_pack_df.o)
 .data          0x0000b364        0x0 /home/icrs/altera/13.1/nios2eds/bin/gnu/H-i686-pc-linux-gnu/bin/../lib/gcc/nios2-elf/4.7.3/mno-hw-mul/libgcc.a(_unpack_df.o)
 .data          0x0000b364        0x0 /home/icrs/altera/13.1/nios2eds/bin/gnu/H-i686-pc-linux-gnu/bin/../lib/gcc/nios2-elf/4.7.3/mno-hw-mul/libgcc.a(lib2-mul.o)
 .data          0x0000b364        0x0 /home/icrs/altera/13.1/nios2eds/bin/gnu/H-i686-pc-linux-gnu/bin/../lib/gcc/nios2-elf/4.7.3/mno-hw-mul/libgcc.a(_lshrdi3.o)
 .data          0x0000b364        0x0 /home/icrs/altera/13.1/nios2eds/bin/gnu/H-i686-pc-linux-gnu/bin/../lib/gcc/nios2-elf/4.7.3/mno-hw-mul/libgcc.a(_ashldi3.o)
 .data          0x0000b364        0x0 /home/icrs/altera/13.1/nios2eds/bin/gnu/H-i686-pc-linux-gnu/bin/../lib/gcc/nios2-elf/4.7.3/mno-hw-mul/libgcc.a(_clz.o)
 .data          0x0000b364        0x0 ../ServoDrive_bsp//libhal_bsp.a(alt_load.o)
 .data          0x0000b364        0x0 ../ServoDrive_bsp//libhal_bsp.a(alt_main.o)
 .data          0x0000b364        0x0 ../ServoDrive_bsp//libhal_bsp.a(alt_usleep.o)
 .data          0x0000b364       0x2c ../ServoDrive_bsp//libhal_bsp.a(alt_sys_init.o)
 .data          0x0000b390        0x0 ../ServoDrive_bsp//libhal_bsp.a(altera_avalon_jtag_uart_fd.o)
 .data          0x0000b390        0x0 ../ServoDrive_bsp//libhal_bsp.a(altera_avalon_jtag_uart_read.o)
 .data          0x0000b390        0x0 ../ServoDrive_bsp//libhal_bsp.a(altera_avalon_jtag_uart_write.o)
 .data          0x0000b390        0x0 ../ServoDrive_bsp//libhal_bsp.a(alt_busy_sleep.o)
 .data          0x0000b390        0x0 ../ServoDrive_bsp//libhal_bsp.a(alt_close.o)
 .data          0x0000b390        0x0 ../ServoDrive_bsp//libhal_bsp.a(alt_dcache_flush_all.o)
 .data          0x0000b390      0x1a8 ../ServoDrive_bsp//libhal_bsp.a(alt_dev.o)
                0x0000b390                alt_dev_null
                0x0000b3b8                alt_fd_list
 .data          0x0000b538        0x0 ../ServoDrive_bsp//libhal_bsp.a(alt_dev_llist_insert.o)
 .data          0x0000b538        0x0 ../ServoDrive_bsp//libhal_bsp.a(alt_do_ctors.o)
 .data          0x0000b538        0x0 ../ServoDrive_bsp//libhal_bsp.a(alt_do_dtors.o)
 .data          0x0000b538        0x0 ../ServoDrive_bsp//libhal_bsp.a(alt_errno.o)
 .data          0x0000b538        0x0 ../ServoDrive_bsp//libhal_bsp.a(alt_icache_flush_all.o)
 .data          0x0000b538        0x0 ../ServoDrive_bsp//libhal_bsp.a(alt_io_redirect.o)
 .data          0x0000b538        0x0 ../ServoDrive_bsp//libhal_bsp.a(alt_open.o)
 .data          0x0000b538        0x0 ../ServoDrive_bsp//libhal_bsp.a(alt_release_fd.o)
 .data          0x0000b538        0x0 ../ServoDrive_bsp//libhal_bsp.a(altera_nios2_qsys_irq.o)
 .data          0x0000b538        0x0 ../ServoDrive_bsp//libhal_bsp.a(alt_find_dev.o)
 .data          0x0000b538        0x0 ../ServoDrive_bsp//libhal_bsp.a(alt_find_file.o)
 .data          0x0000b538        0x0 ../ServoDrive_bsp//libhal_bsp.a(alt_get_fd.o)
 .data          0x0000b538        0x0 /home/icrs/altera/13.1/nios2eds/bin/gnu/H-i686-pc-linux-gnu/bin/../lib/gcc/nios2-elf/4.7.3/../../../../../H-i686-pc-linux-gnu/nios2-elf/lib/mno-hw-mul/libsmallc.a(lib_a-atexit.o)
 .data          0x0000b538        0x0 /home/icrs/altera/13.1/nios2eds/bin/gnu/H-i686-pc-linux-gnu/bin/../lib/gcc/nios2-elf/4.7.3/../../../../../H-i686-pc-linux-gnu/nios2-elf/lib/mno-hw-mul/libsmallc.a(lib_a-exit.o)
 .data          0x0000b538        0x0 /home/icrs/altera/13.1/nios2eds/bin/gnu/H-i686-pc-linux-gnu/bin/../lib/gcc/nios2-elf/4.7.3/../../../../../H-i686-pc-linux-gnu/nios2-elf/lib/mno-hw-mul/libsmallc.a(lib_a-int_errno.o)
 .data          0x0000b538        0x0 /home/icrs/altera/13.1/nios2eds/bin/gnu/H-i686-pc-linux-gnu/bin/../lib/gcc/nios2-elf/4.7.3/../../../../../H-i686-pc-linux-gnu/nios2-elf/lib/mno-hw-mul/libsmallc.a(lib_a-memcmp.o)
 .data          0x0000b538        0x0 /home/icrs/altera/13.1/nios2eds/bin/gnu/H-i686-pc-linux-gnu/bin/../lib/gcc/nios2-elf/4.7.3/../../../../../H-i686-pc-linux-gnu/nios2-elf/lib/mno-hw-mul/libsmallc.a(lib_a-strlen.o)
 .data          0x0000b538        0x0 /home/icrs/altera/13.1/nios2eds/bin/gnu/H-i686-pc-linux-gnu/bin/../lib/gcc/nios2-elf/4.7.3/../../../../../H-i686-pc-linux-gnu/nios2-elf/lib/mno-hw-mul/libsmallc.a(lib_a-__atexit.o)
 .data          0x0000b538        0x0 /home/icrs/altera/13.1/nios2eds/bin/gnu/H-i686-pc-linux-gnu/bin/../lib/gcc/nios2-elf/4.7.3/../../../../../H-i686-pc-linux-gnu/nios2-elf/lib/mno-hw-mul/libsmallc.a(lib_a-__call_atexit.o)
 .data          0x0000b538       0xe0 /home/icrs/altera/13.1/nios2eds/bin/gnu/H-i686-pc-linux-gnu/bin/../lib/gcc/nios2-elf/4.7.3/../../../../../H-i686-pc-linux-gnu/nios2-elf/lib/mno-hw-mul/libsmallc.a(lib_a-impure.o)
 .data          0x0000b618        0x0 /home/icrs/altera/13.1/nios2eds/bin/gnu/H-i686-pc-linux-gnu/bin/../lib/gcc/nios2-elf/4.7.3/mno-hw-mul/libgcc.a(lib2-divmod.o)
 .data          0x0000b618        0x0 ../ServoDrive_bsp//libhal_bsp.a(alt_exit.o)
                0x00013618                _gp = ABSOLUTE ((. + 0x8000))
                0x00013618                PROVIDE (gp, _gp)
 *(.rwdata .rwdata.*)
 *(.sdata .sdata.* .gnu.linkonce.s.*)
 .sdata         0x0000b618       0x24 obj/default/Servo.o
 .sdata         0x0000b63c       0x14 ../ServoDrive_bsp//libhal_bsp.a(alt_dev.o)
                0x0000b63c                alt_fs_list
                0x0000b644                alt_dev_list
                0x0000b64c                alt_max_fd
 .sdata         0x0000b650        0x4 ../ServoDrive_bsp//libhal_bsp.a(alt_errno.o)
                0x0000b650                alt_errno
 .sdata         0x0000b654        0x8 /home/icrs/altera/13.1/nios2eds/bin/gnu/H-i686-pc-linux-gnu/bin/../lib/gcc/nios2-elf/4.7.3/../../../../../H-i686-pc-linux-gnu/nios2-elf/lib/mno-hw-mul/libsmallc.a(lib_a-impure.o)
                0x0000b654                _global_impure_ptr
                0x0000b658                _impure_ptr
 *(.sdata2 .sdata2.* .gnu.linkonce.s2.*)
                0x0000b65c                . = ALIGN (0x4)
                0x0000b65c                _edata = ABSOLUTE (.)
                0x0000b65c                PROVIDE (edata, ABSOLUTE (.))
                0x0000b65c                PROVIDE (__ram_rwdata_end, ABSOLUTE (.))
                0x0000b65c                PROVIDE (__flash_rwdata_start, LOADADDR (.rwdata))

.bss            0x0000b954       0x9c
                0x0000b954                __bss_start = ABSOLUTE (.)
                0x0000b954                PROVIDE (__sbss_start, ABSOLUTE (.))
                0x0000b954                PROVIDE (___sbss_start, ABSOLUTE (.))
 *(.dynsbss)
 *(.sbss .sbss.* .gnu.linkonce.sb.*)
 .sbss          0x0000b954        0xc ../ServoDrive_bsp//libhal_bsp.a(alt_main.o)
                0x0000b954                alt_argc
                0x0000b958                alt_argv
                0x0000b95c                alt_envp
 .sbss          0x0000b960        0x4 /home/icrs/altera/13.1/nios2eds/bin/gnu/H-i686-pc-linux-gnu/bin/../lib/gcc/nios2-elf/4.7.3/../../../../../H-i686-pc-linux-gnu/nios2-elf/lib/mno-hw-mul/libsmallc.a(lib_a-int_errno.o)
                0x0000b960                errno
 *(.sbss2 .sbss2.* .gnu.linkonce.sb2.*)
 *(.scommon)
                0x0000b964                PROVIDE (__sbss_end, ABSOLUTE (.))
                0x0000b964                PROVIDE (___sbss_end, ABSOLUTE (.))
 *(.dynbss)
 *(.bss .bss.* .gnu.linkonce.b.*)
 .bss           0x0000b964        0x0 ../ServoDrive_bsp//obj/HAL/src/crt0.o
 .bss           0x0000b964        0x0 obj/default/Servo.o
 .bss           0x0000b964        0x0 /home/icrs/altera/13.1/nios2eds/bin/gnu/H-i686-pc-linux-gnu/bin/../lib/gcc/nios2-elf/4.7.3/mno-hw-mul/libgcc.a(_fixunssfsi.o)
 .bss           0x0000b964        0x0 /home/icrs/altera/13.1/nios2eds/bin/gnu/H-i686-pc-linux-gnu/bin/../lib/gcc/nios2-elf/4.7.3/mno-hw-mul/libgcc.a(_addsub_sf.o)
 .bss           0x0000b964        0x0 /home/icrs/altera/13.1/nios2eds/bin/gnu/H-i686-pc-linux-gnu/bin/../lib/gcc/nios2-elf/4.7.3/mno-hw-mul/libgcc.a(_mul_sf.o)
 .bss           0x0000b964        0x0 /home/icrs/altera/13.1/nios2eds/bin/gnu/H-i686-pc-linux-gnu/bin/../lib/gcc/nios2-elf/4.7.3/mno-hw-mul/libgcc.a(_gt_sf.o)
 .bss           0x0000b964        0x0 /home/icrs/altera/13.1/nios2eds/bin/gnu/H-i686-pc-linux-gnu/bin/../lib/gcc/nios2-elf/4.7.3/mno-hw-mul/libgcc.a(_ge_sf.o)
 .bss           0x0000b964        0x0 /home/icrs/altera/13.1/nios2eds/bin/gnu/H-i686-pc-linux-gnu/bin/../lib/gcc/nios2-elf/4.7.3/mno-hw-mul/libgcc.a(_si_to_sf.o)
 .bss           0x0000b964        0x0 /home/icrs/altera/13.1/nios2eds/bin/gnu/H-i686-pc-linux-gnu/bin/../lib/gcc/nios2-elf/4.7.3/mno-hw-mul/libgcc.a(_sf_to_si.o)
 .bss           0x0000b964        0x0 /home/icrs/altera/13.1/nios2eds/bin/gnu/H-i686-pc-linux-gnu/bin/../lib/gcc/nios2-elf/4.7.3/mno-hw-mul/libgcc.a(_thenan_sf.o)
 .bss           0x0000b964        0x0 /home/icrs/altera/13.1/nios2eds/bin/gnu/H-i686-pc-linux-gnu/bin/../lib/gcc/nios2-elf/4.7.3/mno-hw-mul/libgcc.a(_mul_df.o)
 .bss           0x0000b964        0x0 /home/icrs/altera/13.1/nios2eds/bin/gnu/H-i686-pc-linux-gnu/bin/../lib/gcc/nios2-elf/4.7.3/mno-hw-mul/libgcc.a(_si_to_df.o)
 .bss           0x0000b964        0x0 /home/icrs/altera/13.1/nios2eds/bin/gnu/H-i686-pc-linux-gnu/bin/../lib/gcc/nios2-elf/4.7.3/mno-hw-mul/libgcc.a(_df_to_sf.o)
 .bss           0x0000b964        0x0 /home/icrs/altera/13.1/nios2eds/bin/gnu/H-i686-pc-linux-gnu/bin/../lib/gcc/nios2-elf/4.7.3/mno-hw-mul/libgcc.a(_thenan_df.o)
 .bss           0x0000b964        0x0 /home/icrs/altera/13.1/nios2eds/bin/gnu/H-i686-pc-linux-gnu/bin/../lib/gcc/nios2-elf/4.7.3/mno-hw-mul/libgcc.a(_muldi3.o)
 .bss           0x0000b964        0x0 /home/icrs/altera/13.1/nios2eds/bin/gnu/H-i686-pc-linux-gnu/bin/../lib/gcc/nios2-elf/4.7.3/mno-hw-mul/libgcc.a(_clzsi2.o)
 .bss           0x0000b964        0x0 /home/icrs/altera/13.1/nios2eds/bin/gnu/H-i686-pc-linux-gnu/bin/../lib/gcc/nios2-elf/4.7.3/mno-hw-mul/libgcc.a(_pack_sf.o)
 .bss           0x0000b964        0x0 /home/icrs/altera/13.1/nios2eds/bin/gnu/H-i686-pc-linux-gnu/bin/../lib/gcc/nios2-elf/4.7.3/mno-hw-mul/libgcc.a(_unpack_sf.o)
 .bss           0x0000b964        0x0 /home/icrs/altera/13.1/nios2eds/bin/gnu/H-i686-pc-linux-gnu/bin/../lib/gcc/nios2-elf/4.7.3/mno-hw-mul/libgcc.a(_fpcmp_parts_sf.o)
 .bss           0x0000b964        0x0 /home/icrs/altera/13.1/nios2eds/bin/gnu/H-i686-pc-linux-gnu/bin/../lib/gcc/nios2-elf/4.7.3/mno-hw-mul/libgcc.a(_make_sf.o)
 .bss           0x0000b964        0x0 /home/icrs/altera/13.1/nios2eds/bin/gnu/H-i686-pc-linux-gnu/bin/../lib/gcc/nios2-elf/4.7.3/mno-hw-mul/libgcc.a(_pack_df.o)
 .bss           0x0000b964        0x0 /home/icrs/altera/13.1/nios2eds/bin/gnu/H-i686-pc-linux-gnu/bin/../lib/gcc/nios2-elf/4.7.3/mno-hw-mul/libgcc.a(_unpack_df.o)
 .bss           0x0000b964        0x0 /home/icrs/altera/13.1/nios2eds/bin/gnu/H-i686-pc-linux-gnu/bin/../lib/gcc/nios2-elf/4.7.3/mno-hw-mul/libgcc.a(lib2-mul.o)
 .bss           0x0000b964        0x0 /home/icrs/altera/13.1/nios2eds/bin/gnu/H-i686-pc-linux-gnu/bin/../lib/gcc/nios2-elf/4.7.3/mno-hw-mul/libgcc.a(_lshrdi3.o)
 .bss           0x0000b964        0x0 /home/icrs/altera/13.1/nios2eds/bin/gnu/H-i686-pc-linux-gnu/bin/../lib/gcc/nios2-elf/4.7.3/mno-hw-mul/libgcc.a(_ashldi3.o)
 .bss           0x0000b964        0x0 /home/icrs/altera/13.1/nios2eds/bin/gnu/H-i686-pc-linux-gnu/bin/../lib/gcc/nios2-elf/4.7.3/mno-hw-mul/libgcc.a(_clz.o)
 .bss           0x0000b964        0x0 ../ServoDrive_bsp//libhal_bsp.a(alt_load.o)
 .bss           0x0000b964        0x0 ../ServoDrive_bsp//libhal_bsp.a(alt_main.o)
 .bss           0x0000b964        0x0 ../ServoDrive_bsp//libhal_bsp.a(alt_usleep.o)
 .bss           0x0000b964        0x0 ../ServoDrive_bsp//libhal_bsp.a(alt_sys_init.o)
 .bss           0x0000b964        0x0 ../ServoDrive_bsp//libhal_bsp.a(altera_avalon_jtag_uart_fd.o)
 .bss           0x0000b964        0x0 ../ServoDrive_bsp//libhal_bsp.a(altera_avalon_jtag_uart_read.o)
 .bss           0x0000b964        0x0 ../ServoDrive_bsp//libhal_bsp.a(altera_avalon_jtag_uart_write.o)
 .bss           0x0000b964        0x0 ../ServoDrive_bsp//libhal_bsp.a(alt_busy_sleep.o)
 .bss           0x0000b964        0x0 ../ServoDrive_bsp//libhal_bsp.a(alt_close.o)
 .bss           0x0000b964        0x0 ../ServoDrive_bsp//libhal_bsp.a(alt_dcache_flush_all.o)
 .bss           0x0000b964        0x0 ../ServoDrive_bsp//libhal_bsp.a(alt_dev.o)
 .bss           0x0000b964        0x0 ../ServoDrive_bsp//libhal_bsp.a(alt_dev_llist_insert.o)
 .bss           0x0000b964        0x0 ../ServoDrive_bsp//libhal_bsp.a(alt_do_ctors.o)
 .bss           0x0000b964        0x0 ../ServoDrive_bsp//libhal_bsp.a(alt_do_dtors.o)
 .bss           0x0000b964        0x0 ../ServoDrive_bsp//libhal_bsp.a(alt_errno.o)
 .bss           0x0000b964        0x0 ../ServoDrive_bsp//libhal_bsp.a(alt_icache_flush_all.o)
 .bss           0x0000b964        0x0 ../ServoDrive_bsp//libhal_bsp.a(alt_io_redirect.o)
 .bss           0x0000b964        0x0 ../ServoDrive_bsp//libhal_bsp.a(alt_open.o)
 .bss           0x0000b964        0x0 ../ServoDrive_bsp//libhal_bsp.a(alt_release_fd.o)
 .bss           0x0000b964        0x0 ../ServoDrive_bsp//libhal_bsp.a(altera_nios2_qsys_irq.o)
 .bss           0x0000b964        0x0 ../ServoDrive_bsp//libhal_bsp.a(alt_find_dev.o)
 .bss           0x0000b964        0x0 ../ServoDrive_bsp//libhal_bsp.a(alt_find_file.o)
 .bss           0x0000b964        0x0 ../ServoDrive_bsp//libhal_bsp.a(alt_get_fd.o)
 .bss           0x0000b964        0x0 /home/icrs/altera/13.1/nios2eds/bin/gnu/H-i686-pc-linux-gnu/bin/../lib/gcc/nios2-elf/4.7.3/../../../../../H-i686-pc-linux-gnu/nios2-elf/lib/mno-hw-mul/libsmallc.a(lib_a-atexit.o)
 .bss           0x0000b964        0x0 /home/icrs/altera/13.1/nios2eds/bin/gnu/H-i686-pc-linux-gnu/bin/../lib/gcc/nios2-elf/4.7.3/../../../../../H-i686-pc-linux-gnu/nios2-elf/lib/mno-hw-mul/libsmallc.a(lib_a-exit.o)
 .bss           0x0000b964        0x0 /home/icrs/altera/13.1/nios2eds/bin/gnu/H-i686-pc-linux-gnu/bin/../lib/gcc/nios2-elf/4.7.3/../../../../../H-i686-pc-linux-gnu/nios2-elf/lib/mno-hw-mul/libsmallc.a(lib_a-int_errno.o)
 .bss           0x0000b964        0x0 /home/icrs/altera/13.1/nios2eds/bin/gnu/H-i686-pc-linux-gnu/bin/../lib/gcc/nios2-elf/4.7.3/../../../../../H-i686-pc-linux-gnu/nios2-elf/lib/mno-hw-mul/libsmallc.a(lib_a-memcmp.o)
 .bss           0x0000b964        0x0 /home/icrs/altera/13.1/nios2eds/bin/gnu/H-i686-pc-linux-gnu/bin/../lib/gcc/nios2-elf/4.7.3/../../../../../H-i686-pc-linux-gnu/nios2-elf/lib/mno-hw-mul/libsmallc.a(lib_a-strlen.o)
 .bss           0x0000b964        0x0 /home/icrs/altera/13.1/nios2eds/bin/gnu/H-i686-pc-linux-gnu/bin/../lib/gcc/nios2-elf/4.7.3/../../../../../H-i686-pc-linux-gnu/nios2-elf/lib/mno-hw-mul/libsmallc.a(lib_a-__atexit.o)
 .bss           0x0000b964        0x0 /home/icrs/altera/13.1/nios2eds/bin/gnu/H-i686-pc-linux-gnu/bin/../lib/gcc/nios2-elf/4.7.3/../../../../../H-i686-pc-linux-gnu/nios2-elf/lib/mno-hw-mul/libsmallc.a(lib_a-__call_atexit.o)
 .bss           0x0000b964        0x0 /home/icrs/altera/13.1/nios2eds/bin/gnu/H-i686-pc-linux-gnu/bin/../lib/gcc/nios2-elf/4.7.3/../../../../../H-i686-pc-linux-gnu/nios2-elf/lib/mno-hw-mul/libsmallc.a(lib_a-impure.o)
 .bss           0x0000b964        0x0 /home/icrs/altera/13.1/nios2eds/bin/gnu/H-i686-pc-linux-gnu/bin/../lib/gcc/nios2-elf/4.7.3/mno-hw-mul/libgcc.a(lib2-divmod.o)
 .bss           0x0000b964        0x0 ../ServoDrive_bsp//libhal_bsp.a(alt_exit.o)
 *(COMMON)
 COMMON         0x0000b964       0x8c /home/icrs/altera/13.1/nios2eds/bin/gnu/H-i686-pc-linux-gnu/bin/../lib/gcc/nios2-elf/4.7.3/../../../../../H-i686-pc-linux-gnu/nios2-elf/lib/mno-hw-mul/libsmallc.a(lib_a-atexit.o)
                0x0000b964                _atexit0
                0x0000b9f0                . = ALIGN (0x4)
                0x0000b9f0                __bss_end = ABSOLUTE (.)

.onchip_memory2_0
                0x0000b9f0        0x0
                0x0000b9f0                PROVIDE (_alt_partition_onchip_memory2_0_start, ABSOLUTE (.))
 *(.onchip_memory2_0 .onchip_memory2_0. onchip_memory2_0.*)
                0x0000b9f0                . = ALIGN (0x4)
                0x0000b9f0                PROVIDE (_alt_partition_onchip_memory2_0_end, ABSOLUTE (.))
                0x0000b9f0                _end = ABSOLUTE (.)
                0x0000b9f0                end = ABSOLUTE (.)
                0x0000b9f0                __alt_stack_base = ABSOLUTE (.)
                0x0000b9f0                PROVIDE (_alt_partition_onchip_memory2_0_load_addr, LOADADDR (.onchip_memory2_0))

.stab
 *(.stab)

.stabstr
 *(.stabstr)

.stab.excl
 *(.stab.excl)

.stab.exclstr
 *(.stab.exclstr)

.stab.index
 *(.stab.index)

.stab.indexstr
 *(.stab.indexstr)

.comment        0x00000000       0x23
 *(.comment)
 .comment       0x00000000       0x23 obj/default/Servo.o
                                 0x24 (size before relaxing)
 .comment       0x00000000       0x24 /home/icrs/altera/13.1/nios2eds/bin/gnu/H-i686-pc-linux-gnu/bin/../lib/gcc/nios2-elf/4.7.3/mno-hw-mul/libgcc.a(_fixunssfsi.o)
 .comment       0x00000000       0x24 /home/icrs/altera/13.1/nios2eds/bin/gnu/H-i686-pc-linux-gnu/bin/../lib/gcc/nios2-elf/4.7.3/mno-hw-mul/libgcc.a(_addsub_sf.o)
 .comment       0x00000000       0x24 /home/icrs/altera/13.1/nios2eds/bin/gnu/H-i686-pc-linux-gnu/bin/../lib/gcc/nios2-elf/4.7.3/mno-hw-mul/libgcc.a(_mul_sf.o)
 .comment       0x00000000       0x24 /home/icrs/altera/13.1/nios2eds/bin/gnu/H-i686-pc-linux-gnu/bin/../lib/gcc/nios2-elf/4.7.3/mno-hw-mul/libgcc.a(_gt_sf.o)
 .comment       0x00000000       0x24 /home/icrs/altera/13.1/nios2eds/bin/gnu/H-i686-pc-linux-gnu/bin/../lib/gcc/nios2-elf/4.7.3/mno-hw-mul/libgcc.a(_ge_sf.o)
 .comment       0x00000000       0x24 /home/icrs/altera/13.1/nios2eds/bin/gnu/H-i686-pc-linux-gnu/bin/../lib/gcc/nios2-elf/4.7.3/mno-hw-mul/libgcc.a(_si_to_sf.o)
 .comment       0x00000000       0x24 /home/icrs/altera/13.1/nios2eds/bin/gnu/H-i686-pc-linux-gnu/bin/../lib/gcc/nios2-elf/4.7.3/mno-hw-mul/libgcc.a(_sf_to_si.o)
 .comment       0x00000000       0x24 /home/icrs/altera/13.1/nios2eds/bin/gnu/H-i686-pc-linux-gnu/bin/../lib/gcc/nios2-elf/4.7.3/mno-hw-mul/libgcc.a(_thenan_sf.o)
 .comment       0x00000000       0x24 /home/icrs/altera/13.1/nios2eds/bin/gnu/H-i686-pc-linux-gnu/bin/../lib/gcc/nios2-elf/4.7.3/mno-hw-mul/libgcc.a(_mul_df.o)
 .comment       0x00000000       0x24 /home/icrs/altera/13.1/nios2eds/bin/gnu/H-i686-pc-linux-gnu/bin/../lib/gcc/nios2-elf/4.7.3/mno-hw-mul/libgcc.a(_si_to_df.o)
 .comment       0x00000000       0x24 /home/icrs/altera/13.1/nios2eds/bin/gnu/H-i686-pc-linux-gnu/bin/../lib/gcc/nios2-elf/4.7.3/mno-hw-mul/libgcc.a(_df_to_sf.o)
 .comment       0x00000000       0x24 /home/icrs/altera/13.1/nios2eds/bin/gnu/H-i686-pc-linux-gnu/bin/../lib/gcc/nios2-elf/4.7.3/mno-hw-mul/libgcc.a(_thenan_df.o)
 .comment       0x00000000       0x24 /home/icrs/altera/13.1/nios2eds/bin/gnu/H-i686-pc-linux-gnu/bin/../lib/gcc/nios2-elf/4.7.3/mno-hw-mul/libgcc.a(_muldi3.o)
 .comment       0x00000000       0x24 /home/icrs/altera/13.1/nios2eds/bin/gnu/H-i686-pc-linux-gnu/bin/../lib/gcc/nios2-elf/4.7.3/mno-hw-mul/libgcc.a(_clzsi2.o)
 .comment       0x00000000       0x24 /home/icrs/altera/13.1/nios2eds/bin/gnu/H-i686-pc-linux-gnu/bin/../lib/gcc/nios2-elf/4.7.3/mno-hw-mul/libgcc.a(_pack_sf.o)
 .comment       0x00000000       0x24 /home/icrs/altera/13.1/nios2eds/bin/gnu/H-i686-pc-linux-gnu/bin/../lib/gcc/nios2-elf/4.7.3/mno-hw-mul/libgcc.a(_unpack_sf.o)
 .comment       0x00000000       0x24 /home/icrs/altera/13.1/nios2eds/bin/gnu/H-i686-pc-linux-gnu/bin/../lib/gcc/nios2-elf/4.7.3/mno-hw-mul/libgcc.a(_fpcmp_parts_sf.o)
 .comment       0x00000000       0x24 /home/icrs/altera/13.1/nios2eds/bin/gnu/H-i686-pc-linux-gnu/bin/../lib/gcc/nios2-elf/4.7.3/mno-hw-mul/libgcc.a(_make_sf.o)
 .comment       0x00000000       0x24 /home/icrs/altera/13.1/nios2eds/bin/gnu/H-i686-pc-linux-gnu/bin/../lib/gcc/nios2-elf/4.7.3/mno-hw-mul/libgcc.a(_pack_df.o)
 .comment       0x00000000       0x24 /home/icrs/altera/13.1/nios2eds/bin/gnu/H-i686-pc-linux-gnu/bin/../lib/gcc/nios2-elf/4.7.3/mno-hw-mul/libgcc.a(_unpack_df.o)
 .comment       0x00000000       0x24 /home/icrs/altera/13.1/nios2eds/bin/gnu/H-i686-pc-linux-gnu/bin/../lib/gcc/nios2-elf/4.7.3/mno-hw-mul/libgcc.a(lib2-mul.o)
 .comment       0x00000000       0x24 /home/icrs/altera/13.1/nios2eds/bin/gnu/H-i686-pc-linux-gnu/bin/../lib/gcc/nios2-elf/4.7.3/mno-hw-mul/libgcc.a(_lshrdi3.o)
 .comment       0x00000000       0x24 /home/icrs/altera/13.1/nios2eds/bin/gnu/H-i686-pc-linux-gnu/bin/../lib/gcc/nios2-elf/4.7.3/mno-hw-mul/libgcc.a(_ashldi3.o)
 .comment       0x00000000       0x24 /home/icrs/altera/13.1/nios2eds/bin/gnu/H-i686-pc-linux-gnu/bin/../lib/gcc/nios2-elf/4.7.3/mno-hw-mul/libgcc.a(_clz.o)
 .comment       0x00000000       0x24 ../ServoDrive_bsp//libhal_bsp.a(alt_load.o)
 .comment       0x00000000       0x24 ../ServoDrive_bsp//libhal_bsp.a(alt_main.o)
 .comment       0x00000000       0x24 ../ServoDrive_bsp//libhal_bsp.a(alt_usleep.o)
 .comment       0x00000000       0x24 ../ServoDrive_bsp//libhal_bsp.a(alt_sys_init.o)
 .comment       0x00000000       0x24 ../ServoDrive_bsp//libhal_bsp.a(altera_avalon_jtag_uart_fd.o)
 .comment       0x00000000       0x24 ../ServoDrive_bsp//libhal_bsp.a(altera_avalon_jtag_uart_read.o)
 .comment       0x00000000       0x24 ../ServoDrive_bsp//libhal_bsp.a(altera_avalon_jtag_uart_write.o)
 .comment       0x00000000       0x24 ../ServoDrive_bsp//libhal_bsp.a(alt_busy_sleep.o)
 .comment       0x00000000       0x24 ../ServoDrive_bsp//libhal_bsp.a(alt_close.o)
 .comment       0x00000000       0x24 ../ServoDrive_bsp//libhal_bsp.a(alt_dcache_flush_all.o)
 .comment       0x00000000       0x24 ../ServoDrive_bsp//libhal_bsp.a(alt_dev.o)
 .comment       0x00000000       0x24 ../ServoDrive_bsp//libhal_bsp.a(alt_dev_llist_insert.o)
 .comment       0x00000000       0x24 ../ServoDrive_bsp//libhal_bsp.a(alt_do_ctors.o)
 .comment       0x00000000       0x24 ../ServoDrive_bsp//libhal_bsp.a(alt_do_dtors.o)
 .comment       0x00000000       0x24 ../ServoDrive_bsp//libhal_bsp.a(alt_errno.o)
 .comment       0x00000000       0x24 ../ServoDrive_bsp//libhal_bsp.a(alt_icache_flush_all.o)
 .comment       0x00000000       0x24 ../ServoDrive_bsp//libhal_bsp.a(alt_io_redirect.o)
 .comment       0x00000000       0x24 ../ServoDrive_bsp//libhal_bsp.a(alt_open.o)
 .comment       0x00000000       0x24 ../ServoDrive_bsp//libhal_bsp.a(alt_release_fd.o)
 .comment       0x00000000       0x24 ../ServoDrive_bsp//libhal_bsp.a(altera_nios2_qsys_irq.o)
 .comment       0x00000000       0x24 ../ServoDrive_bsp//libhal_bsp.a(alt_find_dev.o)
 .comment       0x00000000       0x24 ../ServoDrive_bsp//libhal_bsp.a(alt_find_file.o)
 .comment       0x00000000       0x24 ../ServoDrive_bsp//libhal_bsp.a(alt_get_fd.o)
 .comment       0x00000000       0x24 /home/icrs/altera/13.1/nios2eds/bin/gnu/H-i686-pc-linux-gnu/bin/../lib/gcc/nios2-elf/4.7.3/../../../../../H-i686-pc-linux-gnu/nios2-elf/lib/mno-hw-mul/libsmallc.a(lib_a-atexit.o)
 .comment       0x00000000       0x24 /home/icrs/altera/13.1/nios2eds/bin/gnu/H-i686-pc-linux-gnu/bin/../lib/gcc/nios2-elf/4.7.3/../../../../../H-i686-pc-linux-gnu/nios2-elf/lib/mno-hw-mul/libsmallc.a(lib_a-exit.o)
 .comment       0x00000000       0x24 /home/icrs/altera/13.1/nios2eds/bin/gnu/H-i686-pc-linux-gnu/bin/../lib/gcc/nios2-elf/4.7.3/../../../../../H-i686-pc-linux-gnu/nios2-elf/lib/mno-hw-mul/libsmallc.a(lib_a-int_errno.o)
 .comment       0x00000000       0x24 /home/icrs/altera/13.1/nios2eds/bin/gnu/H-i686-pc-linux-gnu/bin/../lib/gcc/nios2-elf/4.7.3/../../../../../H-i686-pc-linux-gnu/nios2-elf/lib/mno-hw-mul/libsmallc.a(lib_a-memcmp.o)
 .comment       0x00000000       0x24 /home/icrs/altera/13.1/nios2eds/bin/gnu/H-i686-pc-linux-gnu/bin/../lib/gcc/nios2-elf/4.7.3/../../../../../H-i686-pc-linux-gnu/nios2-elf/lib/mno-hw-mul/libsmallc.a(lib_a-strlen.o)
 .comment       0x00000000       0x24 /home/icrs/altera/13.1/nios2eds/bin/gnu/H-i686-pc-linux-gnu/bin/../lib/gcc/nios2-elf/4.7.3/../../../../../H-i686-pc-linux-gnu/nios2-elf/lib/mno-hw-mul/libsmallc.a(lib_a-__atexit.o)
 .comment       0x00000000       0x24 /home/icrs/altera/13.1/nios2eds/bin/gnu/H-i686-pc-linux-gnu/bin/../lib/gcc/nios2-elf/4.7.3/../../../../../H-i686-pc-linux-gnu/nios2-elf/lib/mno-hw-mul/libsmallc.a(lib_a-__call_atexit.o)
 .comment       0x00000000       0x24 /home/icrs/altera/13.1/nios2eds/bin/gnu/H-i686-pc-linux-gnu/bin/../lib/gcc/nios2-elf/4.7.3/../../../../../H-i686-pc-linux-gnu/nios2-elf/lib/mno-hw-mul/libsmallc.a(lib_a-impure.o)
 .comment       0x00000000       0x24 /home/icrs/altera/13.1/nios2eds/bin/gnu/H-i686-pc-linux-gnu/bin/../lib/gcc/nios2-elf/4.7.3/mno-hw-mul/libgcc.a(lib2-divmod.o)
 .comment       0x00000000       0x24 ../ServoDrive_bsp//libhal_bsp.a(alt_exit.o)

.debug
 *(.debug)

.line
 *(.line)

.debug_srcinfo
 *(.debug_srcinfo)

.debug_sfnames
 *(.debug_sfnames)

.debug_aranges  0x00000000      0x738
 *(.debug_aranges)
 .debug_aranges
                0x00000000       0x28 ../ServoDrive_bsp//obj/HAL/src/crt0.o
 .debug_aranges
                0x00000028       0x20 obj/default/Servo.o
 .debug_aranges
                0x00000048       0x20 /home/icrs/altera/13.1/nios2eds/bin/gnu/H-i686-pc-linux-gnu/bin/../lib/gcc/nios2-elf/4.7.3/mno-hw-mul/libgcc.a(_fixunssfsi.o)
 .debug_aranges
                0x00000068       0x20 /home/icrs/altera/13.1/nios2eds/bin/gnu/H-i686-pc-linux-gnu/bin/../lib/gcc/nios2-elf/4.7.3/mno-hw-mul/libgcc.a(_addsub_sf.o)
 .debug_aranges
                0x00000088       0x20 /home/icrs/altera/13.1/nios2eds/bin/gnu/H-i686-pc-linux-gnu/bin/../lib/gcc/nios2-elf/4.7.3/mno-hw-mul/libgcc.a(_mul_sf.o)
 .debug_aranges
                0x000000a8       0x20 /home/icrs/altera/13.1/nios2eds/bin/gnu/H-i686-pc-linux-gnu/bin/../lib/gcc/nios2-elf/4.7.3/mno-hw-mul/libgcc.a(_gt_sf.o)
 .debug_aranges
                0x000000c8       0x20 /home/icrs/altera/13.1/nios2eds/bin/gnu/H-i686-pc-linux-gnu/bin/../lib/gcc/nios2-elf/4.7.3/mno-hw-mul/libgcc.a(_ge_sf.o)
 .debug_aranges
                0x000000e8       0x20 /home/icrs/altera/13.1/nios2eds/bin/gnu/H-i686-pc-linux-gnu/bin/../lib/gcc/nios2-elf/4.7.3/mno-hw-mul/libgcc.a(_si_to_sf.o)
 .debug_aranges
                0x00000108       0x20 /home/icrs/altera/13.1/nios2eds/bin/gnu/H-i686-pc-linux-gnu/bin/../lib/gcc/nios2-elf/4.7.3/mno-hw-mul/libgcc.a(_sf_to_si.o)
 .debug_aranges
                0x00000128       0x18 /home/icrs/altera/13.1/nios2eds/bin/gnu/H-i686-pc-linux-gnu/bin/../lib/gcc/nios2-elf/4.7.3/mno-hw-mul/libgcc.a(_thenan_sf.o)
 .debug_aranges
                0x00000140       0x20 /home/icrs/altera/13.1/nios2eds/bin/gnu/H-i686-pc-linux-gnu/bin/../lib/gcc/nios2-elf/4.7.3/mno-hw-mul/libgcc.a(_mul_df.o)
 .debug_aranges
                0x00000160       0x20 /home/icrs/altera/13.1/nios2eds/bin/gnu/H-i686-pc-linux-gnu/bin/../lib/gcc/nios2-elf/4.7.3/mno-hw-mul/libgcc.a(_si_to_df.o)
 .debug_aranges
                0x00000180       0x20 /home/icrs/altera/13.1/nios2eds/bin/gnu/H-i686-pc-linux-gnu/bin/../lib/gcc/nios2-elf/4.7.3/mno-hw-mul/libgcc.a(_df_to_sf.o)
 .debug_aranges
                0x000001a0       0x18 /home/icrs/altera/13.1/nios2eds/bin/gnu/H-i686-pc-linux-gnu/bin/../lib/gcc/nios2-elf/4.7.3/mno-hw-mul/libgcc.a(_thenan_df.o)
 .debug_aranges
                0x000001b8       0x20 /home/icrs/altera/13.1/nios2eds/bin/gnu/H-i686-pc-linux-gnu/bin/../lib/gcc/nios2-elf/4.7.3/mno-hw-mul/libgcc.a(_muldi3.o)
 .debug_aranges
                0x000001d8       0x20 /home/icrs/altera/13.1/nios2eds/bin/gnu/H-i686-pc-linux-gnu/bin/../lib/gcc/nios2-elf/4.7.3/mno-hw-mul/libgcc.a(_clzsi2.o)
 .debug_aranges
                0x000001f8       0x20 /home/icrs/altera/13.1/nios2eds/bin/gnu/H-i686-pc-linux-gnu/bin/../lib/gcc/nios2-elf/4.7.3/mno-hw-mul/libgcc.a(_pack_sf.o)
 .debug_aranges
                0x00000218       0x20 /home/icrs/altera/13.1/nios2eds/bin/gnu/H-i686-pc-linux-gnu/bin/../lib/gcc/nios2-elf/4.7.3/mno-hw-mul/libgcc.a(_unpack_sf.o)
 .debug_aranges
                0x00000238       0x20 /home/icrs/altera/13.1/nios2eds/bin/gnu/H-i686-pc-linux-gnu/bin/../lib/gcc/nios2-elf/4.7.3/mno-hw-mul/libgcc.a(_fpcmp_parts_sf.o)
 .debug_aranges
                0x00000258       0x20 /home/icrs/altera/13.1/nios2eds/bin/gnu/H-i686-pc-linux-gnu/bin/../lib/gcc/nios2-elf/4.7.3/mno-hw-mul/libgcc.a(_make_sf.o)
 .debug_aranges
                0x00000278       0x20 /home/icrs/altera/13.1/nios2eds/bin/gnu/H-i686-pc-linux-gnu/bin/../lib/gcc/nios2-elf/4.7.3/mno-hw-mul/libgcc.a(_pack_df.o)
 .debug_aranges
                0x00000298       0x20 /home/icrs/altera/13.1/nios2eds/bin/gnu/H-i686-pc-linux-gnu/bin/../lib/gcc/nios2-elf/4.7.3/mno-hw-mul/libgcc.a(_unpack_df.o)
 .debug_aranges
                0x000002b8       0x20 /home/icrs/altera/13.1/nios2eds/bin/gnu/H-i686-pc-linux-gnu/bin/../lib/gcc/nios2-elf/4.7.3/mno-hw-mul/libgcc.a(lib2-mul.o)
 .debug_aranges
                0x000002d8       0x20 /home/icrs/altera/13.1/nios2eds/bin/gnu/H-i686-pc-linux-gnu/bin/../lib/gcc/nios2-elf/4.7.3/mno-hw-mul/libgcc.a(_lshrdi3.o)
 .debug_aranges
                0x000002f8       0x20 /home/icrs/altera/13.1/nios2eds/bin/gnu/H-i686-pc-linux-gnu/bin/../lib/gcc/nios2-elf/4.7.3/mno-hw-mul/libgcc.a(_ashldi3.o)
 .debug_aranges
                0x00000318       0x18 /home/icrs/altera/13.1/nios2eds/bin/gnu/H-i686-pc-linux-gnu/bin/../lib/gcc/nios2-elf/4.7.3/mno-hw-mul/libgcc.a(_clz.o)
 .debug_aranges
                0x00000330       0x20 ../ServoDrive_bsp//libhal_bsp.a(alt_load.o)
 .debug_aranges
                0x00000350       0x20 ../ServoDrive_bsp//libhal_bsp.a(alt_main.o)
 .debug_aranges
                0x00000370       0x20 ../ServoDrive_bsp//libhal_bsp.a(alt_usleep.o)
 .debug_aranges
                0x00000390       0x20 ../ServoDrive_bsp//libhal_bsp.a(alt_sys_init.o)
 .debug_aranges
                0x000003b0       0x20 ../ServoDrive_bsp//libhal_bsp.a(altera_avalon_jtag_uart_fd.o)
 .debug_aranges
                0x000003d0       0x20 ../ServoDrive_bsp//libhal_bsp.a(altera_avalon_jtag_uart_read.o)
 .debug_aranges
                0x000003f0       0x20 ../ServoDrive_bsp//libhal_bsp.a(altera_avalon_jtag_uart_write.o)
 .debug_aranges
                0x00000410       0x20 ../ServoDrive_bsp//libhal_bsp.a(alt_busy_sleep.o)
 .debug_aranges
                0x00000430       0x20 ../ServoDrive_bsp//libhal_bsp.a(alt_close.o)
 .debug_aranges
                0x00000450       0x20 ../ServoDrive_bsp//libhal_bsp.a(alt_dcache_flush_all.o)
 .debug_aranges
                0x00000470       0x20 ../ServoDrive_bsp//libhal_bsp.a(alt_dev.o)
 .debug_aranges
                0x00000490       0x20 ../ServoDrive_bsp//libhal_bsp.a(alt_dev_llist_insert.o)
 .debug_aranges
                0x000004b0       0x20 ../ServoDrive_bsp//libhal_bsp.a(alt_do_ctors.o)
 .debug_aranges
                0x000004d0       0x20 ../ServoDrive_bsp//libhal_bsp.a(alt_do_dtors.o)
 .debug_aranges
                0x000004f0       0x18 ../ServoDrive_bsp//libhal_bsp.a(alt_errno.o)
 .debug_aranges
                0x00000508       0x20 ../ServoDrive_bsp//libhal_bsp.a(alt_icache_flush_all.o)
 .debug_aranges
                0x00000528       0x20 ../ServoDrive_bsp//libhal_bsp.a(alt_io_redirect.o)
 .debug_aranges
                0x00000548       0x20 ../ServoDrive_bsp//libhal_bsp.a(alt_open.o)
 .debug_aranges
                0x00000568       0x20 ../ServoDrive_bsp//libhal_bsp.a(alt_release_fd.o)
 .debug_aranges
                0x00000588       0x20 ../ServoDrive_bsp//libhal_bsp.a(altera_nios2_qsys_irq.o)
 .debug_aranges
                0x000005a8       0x20 ../ServoDrive_bsp//libhal_bsp.a(alt_find_dev.o)
 .debug_aranges
                0x000005c8       0x20 ../ServoDrive_bsp//libhal_bsp.a(alt_find_file.o)
 .debug_aranges
                0x000005e8       0x20 ../ServoDrive_bsp//libhal_bsp.a(alt_get_fd.o)
 .debug_aranges
                0x00000608       0x20 /home/icrs/altera/13.1/nios2eds/bin/gnu/H-i686-pc-linux-gnu/bin/../lib/gcc/nios2-elf/4.7.3/../../../../../H-i686-pc-linux-gnu/nios2-elf/lib/mno-hw-mul/libsmallc.a(lib_a-atexit.o)
 .debug_aranges
                0x00000628       0x20 /home/icrs/altera/13.1/nios2eds/bin/gnu/H-i686-pc-linux-gnu/bin/../lib/gcc/nios2-elf/4.7.3/../../../../../H-i686-pc-linux-gnu/nios2-elf/lib/mno-hw-mul/libsmallc.a(lib_a-exit.o)
 .debug_aranges
                0x00000648       0x18 /home/icrs/altera/13.1/nios2eds/bin/gnu/H-i686-pc-linux-gnu/bin/../lib/gcc/nios2-elf/4.7.3/../../../../../H-i686-pc-linux-gnu/nios2-elf/lib/mno-hw-mul/libsmallc.a(lib_a-int_errno.o)
 .debug_aranges
                0x00000660       0x20 /home/icrs/altera/13.1/nios2eds/bin/gnu/H-i686-pc-linux-gnu/bin/../lib/gcc/nios2-elf/4.7.3/../../../../../H-i686-pc-linux-gnu/nios2-elf/lib/mno-hw-mul/libsmallc.a(lib_a-memcmp.o)
 .debug_aranges
                0x00000680       0x20 /home/icrs/altera/13.1/nios2eds/bin/gnu/H-i686-pc-linux-gnu/bin/../lib/gcc/nios2-elf/4.7.3/../../../../../H-i686-pc-linux-gnu/nios2-elf/lib/mno-hw-mul/libsmallc.a(lib_a-strlen.o)
 .debug_aranges
                0x000006a0       0x20 /home/icrs/altera/13.1/nios2eds/bin/gnu/H-i686-pc-linux-gnu/bin/../lib/gcc/nios2-elf/4.7.3/../../../../../H-i686-pc-linux-gnu/nios2-elf/lib/mno-hw-mul/libsmallc.a(lib_a-__atexit.o)
 .debug_aranges
                0x000006c0       0x20 /home/icrs/altera/13.1/nios2eds/bin/gnu/H-i686-pc-linux-gnu/bin/../lib/gcc/nios2-elf/4.7.3/../../../../../H-i686-pc-linux-gnu/nios2-elf/lib/mno-hw-mul/libsmallc.a(lib_a-__call_atexit.o)
 .debug_aranges
                0x000006e0       0x18 /home/icrs/altera/13.1/nios2eds/bin/gnu/H-i686-pc-linux-gnu/bin/../lib/gcc/nios2-elf/4.7.3/../../../../../H-i686-pc-linux-gnu/nios2-elf/lib/mno-hw-mul/libsmallc.a(lib_a-impure.o)
 .debug_aranges
                0x000006f8       0x20 /home/icrs/altera/13.1/nios2eds/bin/gnu/H-i686-pc-linux-gnu/bin/../lib/gcc/nios2-elf/4.7.3/mno-hw-mul/libgcc.a(lib2-divmod.o)
 .debug_aranges
                0x00000718       0x20 ../ServoDrive_bsp//libhal_bsp.a(alt_exit.o)

.debug_pubnames
 *(.debug_pubnames)

.debug_info     0x00000000     0x8c43
 *(.debug_info .gnu.linkonce.wi.*)
 .debug_info    0x00000000       0x62 ../ServoDrive_bsp//obj/HAL/src/crt0.o
 .debug_info    0x00000062      0x33c obj/default/Servo.o
 .debug_info    0x0000039e       0xc5 /home/icrs/altera/13.1/nios2eds/bin/gnu/H-i686-pc-linux-gnu/bin/../lib/gcc/nios2-elf/4.7.3/mno-hw-mul/libgcc.a(_fixunssfsi.o)
 .debug_info    0x00000463      0x57a /home/icrs/altera/13.1/nios2eds/bin/gnu/H-i686-pc-linux-gnu/bin/../lib/gcc/nios2-elf/4.7.3/mno-hw-mul/libgcc.a(_addsub_sf.o)
 .debug_info    0x000009dd      0x45d /home/icrs/altera/13.1/nios2eds/bin/gnu/H-i686-pc-linux-gnu/bin/../lib/gcc/nios2-elf/4.7.3/mno-hw-mul/libgcc.a(_mul_sf.o)
 .debug_info    0x00000e3a      0x314 /home/icrs/altera/13.1/nios2eds/bin/gnu/H-i686-pc-linux-gnu/bin/../lib/gcc/nios2-elf/4.7.3/mno-hw-mul/libgcc.a(_gt_sf.o)
 .debug_info    0x0000114e      0x314 /home/icrs/altera/13.1/nios2eds/bin/gnu/H-i686-pc-linux-gnu/bin/../lib/gcc/nios2-elf/4.7.3/mno-hw-mul/libgcc.a(_ge_sf.o)
 .debug_info    0x00001462      0x261 /home/icrs/altera/13.1/nios2eds/bin/gnu/H-i686-pc-linux-gnu/bin/../lib/gcc/nios2-elf/4.7.3/mno-hw-mul/libgcc.a(_si_to_sf.o)
 .debug_info    0x000016c3      0x2ff /home/icrs/altera/13.1/nios2eds/bin/gnu/H-i686-pc-linux-gnu/bin/../lib/gcc/nios2-elf/4.7.3/mno-hw-mul/libgcc.a(_sf_to_si.o)
 .debug_info    0x000019c2      0x155 /home/icrs/altera/13.1/nios2eds/bin/gnu/H-i686-pc-linux-gnu/bin/../lib/gcc/nios2-elf/4.7.3/mno-hw-mul/libgcc.a(_thenan_sf.o)
 .debug_info    0x00001b17      0x519 /home/icrs/altera/13.1/nios2eds/bin/gnu/H-i686-pc-linux-gnu/bin/../lib/gcc/nios2-elf/4.7.3/mno-hw-mul/libgcc.a(_mul_df.o)
 .debug_info    0x00002030      0x261 /home/icrs/altera/13.1/nios2eds/bin/gnu/H-i686-pc-linux-gnu/bin/../lib/gcc/nios2-elf/4.7.3/mno-hw-mul/libgcc.a(_si_to_df.o)
 .debug_info    0x00002291      0x2c8 /home/icrs/altera/13.1/nios2eds/bin/gnu/H-i686-pc-linux-gnu/bin/../lib/gcc/nios2-elf/4.7.3/mno-hw-mul/libgcc.a(_df_to_sf.o)
 .debug_info    0x00002559      0x155 /home/icrs/altera/13.1/nios2eds/bin/gnu/H-i686-pc-linux-gnu/bin/../lib/gcc/nios2-elf/4.7.3/mno-hw-mul/libgcc.a(_thenan_df.o)
 .debug_info    0x000026ae      0x1eb /home/icrs/altera/13.1/nios2eds/bin/gnu/H-i686-pc-linux-gnu/bin/../lib/gcc/nios2-elf/4.7.3/mno-hw-mul/libgcc.a(_muldi3.o)
 .debug_info    0x00002899      0x123 /home/icrs/altera/13.1/nios2eds/bin/gnu/H-i686-pc-linux-gnu/bin/../lib/gcc/nios2-elf/4.7.3/mno-hw-mul/libgcc.a(_clzsi2.o)
 .debug_info    0x000029bc      0x2f2 /home/icrs/altera/13.1/nios2eds/bin/gnu/H-i686-pc-linux-gnu/bin/../lib/gcc/nios2-elf/4.7.3/mno-hw-mul/libgcc.a(_pack_sf.o)
 .debug_info    0x00002cae      0x26a /home/icrs/altera/13.1/nios2eds/bin/gnu/H-i686-pc-linux-gnu/bin/../lib/gcc/nios2-elf/4.7.3/mno-hw-mul/libgcc.a(_unpack_sf.o)
 .debug_info    0x00002f18      0x226 /home/icrs/altera/13.1/nios2eds/bin/gnu/H-i686-pc-linux-gnu/bin/../lib/gcc/nios2-elf/4.7.3/mno-hw-mul/libgcc.a(_fpcmp_parts_sf.o)
 .debug_info    0x0000313e      0x20a /home/icrs/altera/13.1/nios2eds/bin/gnu/H-i686-pc-linux-gnu/bin/../lib/gcc/nios2-elf/4.7.3/mno-hw-mul/libgcc.a(_make_sf.o)
 .debug_info    0x00003348      0x2f7 /home/icrs/altera/13.1/nios2eds/bin/gnu/H-i686-pc-linux-gnu/bin/../lib/gcc/nios2-elf/4.7.3/mno-hw-mul/libgcc.a(_pack_df.o)
 .debug_info    0x0000363f      0x265 /home/icrs/altera/13.1/nios2eds/bin/gnu/H-i686-pc-linux-gnu/bin/../lib/gcc/nios2-elf/4.7.3/mno-hw-mul/libgcc.a(_unpack_df.o)
 .debug_info    0x000038a4       0xb8 /home/icrs/altera/13.1/nios2eds/bin/gnu/H-i686-pc-linux-gnu/bin/../lib/gcc/nios2-elf/4.7.3/mno-hw-mul/libgcc.a(lib2-mul.o)
 .debug_info    0x0000395c      0x185 /home/icrs/altera/13.1/nios2eds/bin/gnu/H-i686-pc-linux-gnu/bin/../lib/gcc/nios2-elf/4.7.3/mno-hw-mul/libgcc.a(_lshrdi3.o)
 .debug_info    0x00003ae1      0x185 /home/icrs/altera/13.1/nios2eds/bin/gnu/H-i686-pc-linux-gnu/bin/../lib/gcc/nios2-elf/4.7.3/mno-hw-mul/libgcc.a(_ashldi3.o)
 .debug_info    0x00003c66       0xac /home/icrs/altera/13.1/nios2eds/bin/gnu/H-i686-pc-linux-gnu/bin/../lib/gcc/nios2-elf/4.7.3/mno-hw-mul/libgcc.a(_clz.o)
 .debug_info    0x00003d12      0x135 ../ServoDrive_bsp//libhal_bsp.a(alt_load.o)
 .debug_info    0x00003e47      0x163 ../ServoDrive_bsp//libhal_bsp.a(alt_main.o)
 .debug_info    0x00003faa       0xad ../ServoDrive_bsp//libhal_bsp.a(alt_usleep.o)
 .debug_info    0x00004057      0x420 ../ServoDrive_bsp//libhal_bsp.a(alt_sys_init.o)
 .debug_info    0x00004477      0x3da ../ServoDrive_bsp//libhal_bsp.a(altera_avalon_jtag_uart_fd.o)
 .debug_info    0x00004851      0x1d6 ../ServoDrive_bsp//libhal_bsp.a(altera_avalon_jtag_uart_read.o)
 .debug_info    0x00004a27      0x1b9 ../ServoDrive_bsp//libhal_bsp.a(altera_avalon_jtag_uart_write.o)
 .debug_info    0x00004be0       0xd5 ../ServoDrive_bsp//libhal_bsp.a(alt_busy_sleep.o)
 .debug_info    0x00004cb5      0x350 ../ServoDrive_bsp//libhal_bsp.a(alt_close.o)
 .debug_info    0x00005005       0x90 ../ServoDrive_bsp//libhal_bsp.a(alt_dcache_flush_all.o)
 .debug_info    0x00005095      0x4e3 ../ServoDrive_bsp//libhal_bsp.a(alt_dev.o)
 .debug_info    0x00005578      0x1b9 ../ServoDrive_bsp//libhal_bsp.a(alt_dev_llist_insert.o)
 .debug_info    0x00005731       0x8d ../ServoDrive_bsp//libhal_bsp.a(alt_do_ctors.o)
 .debug_info    0x000057be       0x8d ../ServoDrive_bsp//libhal_bsp.a(alt_do_dtors.o)
 .debug_info    0x0000584b       0xa3 ../ServoDrive_bsp//libhal_bsp.a(alt_errno.o)
 .debug_info    0x000058ee       0x90 ../ServoDrive_bsp//libhal_bsp.a(alt_icache_flush_all.o)
 .debug_info    0x0000597e      0x4f0 ../ServoDrive_bsp//libhal_bsp.a(alt_io_redirect.o)
 .debug_info    0x00005e6e      0x3f0 ../ServoDrive_bsp//libhal_bsp.a(alt_open.o)
 .debug_info    0x0000625e      0x2dd ../ServoDrive_bsp//libhal_bsp.a(alt_release_fd.o)
 .debug_info    0x0000653b       0xba ../ServoDrive_bsp//libhal_bsp.a(altera_nios2_qsys_irq.o)
 .debug_info    0x000065f5      0x30d ../ServoDrive_bsp//libhal_bsp.a(alt_find_dev.o)
 .debug_info    0x00006902      0x30c ../ServoDrive_bsp//libhal_bsp.a(alt_find_file.o)
 .debug_info    0x00006c0e      0x339 ../ServoDrive_bsp//libhal_bsp.a(alt_get_fd.o)
 .debug_info    0x00006f47      0x1eb /home/icrs/altera/13.1/nios2eds/bin/gnu/H-i686-pc-linux-gnu/bin/../lib/gcc/nios2-elf/4.7.3/../../../../../H-i686-pc-linux-gnu/nios2-elf/lib/mno-hw-mul/libsmallc.a(lib_a-atexit.o)
 .debug_info    0x00007132       0xf8 /home/icrs/altera/13.1/nios2eds/bin/gnu/H-i686-pc-linux-gnu/bin/../lib/gcc/nios2-elf/4.7.3/../../../../../H-i686-pc-linux-gnu/nios2-elf/lib/mno-hw-mul/libsmallc.a(lib_a-exit.o)
 .debug_info    0x0000722a       0x84 /home/icrs/altera/13.1/nios2eds/bin/gnu/H-i686-pc-linux-gnu/bin/../lib/gcc/nios2-elf/4.7.3/../../../../../H-i686-pc-linux-gnu/nios2-elf/lib/mno-hw-mul/libsmallc.a(lib_a-int_errno.o)
 .debug_info    0x000072ae       0xf1 /home/icrs/altera/13.1/nios2eds/bin/gnu/H-i686-pc-linux-gnu/bin/../lib/gcc/nios2-elf/4.7.3/../../../../../H-i686-pc-linux-gnu/nios2-elf/lib/mno-hw-mul/libsmallc.a(lib_a-memcmp.o)
 .debug_info    0x0000739f       0xc6 /home/icrs/altera/13.1/nios2eds/bin/gnu/H-i686-pc-linux-gnu/bin/../lib/gcc/nios2-elf/4.7.3/../../../../../H-i686-pc-linux-gnu/nios2-elf/lib/mno-hw-mul/libsmallc.a(lib_a-strlen.o)
 .debug_info    0x00007465      0x6fc /home/icrs/altera/13.1/nios2eds/bin/gnu/H-i686-pc-linux-gnu/bin/../lib/gcc/nios2-elf/4.7.3/../../../../../H-i686-pc-linux-gnu/nios2-elf/lib/mno-hw-mul/libsmallc.a(lib_a-__atexit.o)
 .debug_info    0x00007b61      0x70e /home/icrs/altera/13.1/nios2eds/bin/gnu/H-i686-pc-linux-gnu/bin/../lib/gcc/nios2-elf/4.7.3/../../../../../H-i686-pc-linux-gnu/nios2-elf/lib/mno-hw-mul/libsmallc.a(lib_a-__call_atexit.o)
 .debug_info    0x0000826f      0x631 /home/icrs/altera/13.1/nios2eds/bin/gnu/H-i686-pc-linux-gnu/bin/../lib/gcc/nios2-elf/4.7.3/../../../../../H-i686-pc-linux-gnu/nios2-elf/lib/mno-hw-mul/libsmallc.a(lib_a-impure.o)
 .debug_info    0x000088a0      0x289 /home/icrs/altera/13.1/nios2eds/bin/gnu/H-i686-pc-linux-gnu/bin/../lib/gcc/nios2-elf/4.7.3/mno-hw-mul/libgcc.a(lib2-divmod.o)
 .debug_info    0x00008b29      0x11a ../ServoDrive_bsp//libhal_bsp.a(alt_exit.o)

.debug_abbrev   0x00000000     0x3b93
 *(.debug_abbrev)
 .debug_abbrev  0x00000000       0x12 ../ServoDrive_bsp//obj/HAL/src/crt0.o
 .debug_abbrev  0x00000012       0xce obj/default/Servo.o
 .debug_abbrev  0x000000e0       0x60 /home/icrs/altera/13.1/nios2eds/bin/gnu/H-i686-pc-linux-gnu/bin/../lib/gcc/nios2-elf/4.7.3/mno-hw-mul/libgcc.a(_fixunssfsi.o)
 .debug_abbrev  0x00000140      0x22d /home/icrs/altera/13.1/nios2eds/bin/gnu/H-i686-pc-linux-gnu/bin/../lib/gcc/nios2-elf/4.7.3/mno-hw-mul/libgcc.a(_addsub_sf.o)
 .debug_abbrev  0x0000036d      0x23b /home/icrs/altera/13.1/nios2eds/bin/gnu/H-i686-pc-linux-gnu/bin/../lib/gcc/nios2-elf/4.7.3/mno-hw-mul/libgcc.a(_mul_sf.o)
 .debug_abbrev  0x000005a8      0x1a5 /home/icrs/altera/13.1/nios2eds/bin/gnu/H-i686-pc-linux-gnu/bin/../lib/gcc/nios2-elf/4.7.3/mno-hw-mul/libgcc.a(_gt_sf.o)
 .debug_abbrev  0x0000074d      0x1a5 /home/icrs/altera/13.1/nios2eds/bin/gnu/H-i686-pc-linux-gnu/bin/../lib/gcc/nios2-elf/4.7.3/mno-hw-mul/libgcc.a(_ge_sf.o)
 .debug_abbrev  0x000008f2      0x19c /home/icrs/altera/13.1/nios2eds/bin/gnu/H-i686-pc-linux-gnu/bin/../lib/gcc/nios2-elf/4.7.3/mno-hw-mul/libgcc.a(_si_to_sf.o)
 .debug_abbrev  0x00000a8e      0x1ae /home/icrs/altera/13.1/nios2eds/bin/gnu/H-i686-pc-linux-gnu/bin/../lib/gcc/nios2-elf/4.7.3/mno-hw-mul/libgcc.a(_sf_to_si.o)
 .debug_abbrev  0x00000c3c       0xb6 /home/icrs/altera/13.1/nios2eds/bin/gnu/H-i686-pc-linux-gnu/bin/../lib/gcc/nios2-elf/4.7.3/mno-hw-mul/libgcc.a(_thenan_sf.o)
 .debug_abbrev  0x00000cf2      0x240 /home/icrs/altera/13.1/nios2eds/bin/gnu/H-i686-pc-linux-gnu/bin/../lib/gcc/nios2-elf/4.7.3/mno-hw-mul/libgcc.a(_mul_df.o)
 .debug_abbrev  0x00000f32      0x19c /home/icrs/altera/13.1/nios2eds/bin/gnu/H-i686-pc-linux-gnu/bin/../lib/gcc/nios2-elf/4.7.3/mno-hw-mul/libgcc.a(_si_to_df.o)
 .debug_abbrev  0x000010ce      0x194 /home/icrs/altera/13.1/nios2eds/bin/gnu/H-i686-pc-linux-gnu/bin/../lib/gcc/nios2-elf/4.7.3/mno-hw-mul/libgcc.a(_df_to_sf.o)
 .debug_abbrev  0x00001262       0xb6 /home/icrs/altera/13.1/nios2eds/bin/gnu/H-i686-pc-linux-gnu/bin/../lib/gcc/nios2-elf/4.7.3/mno-hw-mul/libgcc.a(_thenan_df.o)
 .debug_abbrev  0x00001318       0xe0 /home/icrs/altera/13.1/nios2eds/bin/gnu/H-i686-pc-linux-gnu/bin/../lib/gcc/nios2-elf/4.7.3/mno-hw-mul/libgcc.a(_muldi3.o)
 .debug_abbrev  0x000013f8       0xbe /home/icrs/altera/13.1/nios2eds/bin/gnu/H-i686-pc-linux-gnu/bin/../lib/gcc/nios2-elf/4.7.3/mno-hw-mul/libgcc.a(_clzsi2.o)
 .debug_abbrev  0x000014b6      0x1b1 /home/icrs/altera/13.1/nios2eds/bin/gnu/H-i686-pc-linux-gnu/bin/../lib/gcc/nios2-elf/4.7.3/mno-hw-mul/libgcc.a(_pack_sf.o)
 .debug_abbrev  0x00001667      0x15f /home/icrs/altera/13.1/nios2eds/bin/gnu/H-i686-pc-linux-gnu/bin/../lib/gcc/nios2-elf/4.7.3/mno-hw-mul/libgcc.a(_unpack_sf.o)
 .debug_abbrev  0x000017c6      0x146 /home/icrs/altera/13.1/nios2eds/bin/gnu/H-i686-pc-linux-gnu/bin/../lib/gcc/nios2-elf/4.7.3/mno-hw-mul/libgcc.a(_fpcmp_parts_sf.o)
 .debug_abbrev  0x0000190c      0x13f /home/icrs/altera/13.1/nios2eds/bin/gnu/H-i686-pc-linux-gnu/bin/../lib/gcc/nios2-elf/4.7.3/mno-hw-mul/libgcc.a(_make_sf.o)
 .debug_abbrev  0x00001a4b      0x1b6 /home/icrs/altera/13.1/nios2eds/bin/gnu/H-i686-pc-linux-gnu/bin/../lib/gcc/nios2-elf/4.7.3/mno-hw-mul/libgcc.a(_pack_df.o)
 .debug_abbrev  0x00001c01      0x15d /home/icrs/altera/13.1/nios2eds/bin/gnu/H-i686-pc-linux-gnu/bin/../lib/gcc/nios2-elf/4.7.3/mno-hw-mul/libgcc.a(_unpack_df.o)
 .debug_abbrev  0x00001d5e       0x6f /home/icrs/altera/13.1/nios2eds/bin/gnu/H-i686-pc-linux-gnu/bin/../lib/gcc/nios2-elf/4.7.3/mno-hw-mul/libgcc.a(lib2-mul.o)
 .debug_abbrev  0x00001dcd       0xf1 /home/icrs/altera/13.1/nios2eds/bin/gnu/H-i686-pc-linux-gnu/bin/../lib/gcc/nios2-elf/4.7.3/mno-hw-mul/libgcc.a(_lshrdi3.o)
 .debug_abbrev  0x00001ebe       0xf1 /home/icrs/altera/13.1/nios2eds/bin/gnu/H-i686-pc-linux-gnu/bin/../lib/gcc/nios2-elf/4.7.3/mno-hw-mul/libgcc.a(_ashldi3.o)
 .debug_abbrev  0x00001faf       0x5d /home/icrs/altera/13.1/nios2eds/bin/gnu/H-i686-pc-linux-gnu/bin/../lib/gcc/nios2-elf/4.7.3/mno-hw-mul/libgcc.a(_clz.o)
 .debug_abbrev  0x0000200c       0x9d ../ServoDrive_bsp//libhal_bsp.a(alt_load.o)
 .debug_abbrev  0x000020a9       0xc1 ../ServoDrive_bsp//libhal_bsp.a(alt_main.o)
 .debug_abbrev  0x0000216a       0x60 ../ServoDrive_bsp//libhal_bsp.a(alt_usleep.o)
 .debug_abbrev  0x000021ca      0x155 ../ServoDrive_bsp//libhal_bsp.a(alt_sys_init.o)
 .debug_abbrev  0x0000231f       0xf7 ../ServoDrive_bsp//libhal_bsp.a(altera_avalon_jtag_uart_fd.o)
 .debug_abbrev  0x00002416       0xd5 ../ServoDrive_bsp//libhal_bsp.a(altera_avalon_jtag_uart_read.o)
 .debug_abbrev  0x000024eb       0xd5 ../ServoDrive_bsp//libhal_bsp.a(altera_avalon_jtag_uart_write.o)
 .debug_abbrev  0x000025c0       0x7e ../ServoDrive_bsp//libhal_bsp.a(alt_busy_sleep.o)
 .debug_abbrev  0x0000263e      0x11f ../ServoDrive_bsp//libhal_bsp.a(alt_close.o)
 .debug_abbrev  0x0000275d       0x42 ../ServoDrive_bsp//libhal_bsp.a(alt_dcache_flush_all.o)
 .debug_abbrev  0x0000279f       0xd9 ../ServoDrive_bsp//libhal_bsp.a(alt_dev.o)
 .debug_abbrev  0x00002878      0x114 ../ServoDrive_bsp//libhal_bsp.a(alt_dev_llist_insert.o)
 .debug_abbrev  0x0000298c       0x79 ../ServoDrive_bsp//libhal_bsp.a(alt_do_ctors.o)
 .debug_abbrev  0x00002a05       0x79 ../ServoDrive_bsp//libhal_bsp.a(alt_do_dtors.o)
 .debug_abbrev  0x00002a7e       0x5a ../ServoDrive_bsp//libhal_bsp.a(alt_errno.o)
 .debug_abbrev  0x00002ad8       0x42 ../ServoDrive_bsp//libhal_bsp.a(alt_icache_flush_all.o)
 .debug_abbrev  0x00002b1a      0x114 ../ServoDrive_bsp//libhal_bsp.a(alt_io_redirect.o)
 .debug_abbrev  0x00002c2e      0x148 ../ServoDrive_bsp//libhal_bsp.a(alt_open.o)
 .debug_abbrev  0x00002d76       0xde ../ServoDrive_bsp//libhal_bsp.a(alt_release_fd.o)
 .debug_abbrev  0x00002e54       0x67 ../ServoDrive_bsp//libhal_bsp.a(altera_nios2_qsys_irq.o)
 .debug_abbrev  0x00002ebb       0xf0 ../ServoDrive_bsp//libhal_bsp.a(alt_find_dev.o)
 .debug_abbrev  0x00002fab       0xf0 ../ServoDrive_bsp//libhal_bsp.a(alt_find_file.o)
 .debug_abbrev  0x0000309b      0x10d ../ServoDrive_bsp//libhal_bsp.a(alt_get_fd.o)
 .debug_abbrev  0x000031a8      0x115 /home/icrs/altera/13.1/nios2eds/bin/gnu/H-i686-pc-linux-gnu/bin/../lib/gcc/nios2-elf/4.7.3/../../../../../H-i686-pc-linux-gnu/nios2-elf/lib/mno-hw-mul/libsmallc.a(lib_a-atexit.o)
 .debug_abbrev  0x000032bd       0xa9 /home/icrs/altera/13.1/nios2eds/bin/gnu/H-i686-pc-linux-gnu/bin/../lib/gcc/nios2-elf/4.7.3/../../../../../H-i686-pc-linux-gnu/nios2-elf/lib/mno-hw-mul/libsmallc.a(lib_a-exit.o)
 .debug_abbrev  0x00003366       0x37 /home/icrs/altera/13.1/nios2eds/bin/gnu/H-i686-pc-linux-gnu/bin/../lib/gcc/nios2-elf/4.7.3/../../../../../H-i686-pc-linux-gnu/nios2-elf/lib/mno-hw-mul/libsmallc.a(lib_a-int_errno.o)
 .debug_abbrev  0x0000339d       0x7f /home/icrs/altera/13.1/nios2eds/bin/gnu/H-i686-pc-linux-gnu/bin/../lib/gcc/nios2-elf/4.7.3/../../../../../H-i686-pc-linux-gnu/nios2-elf/lib/mno-hw-mul/libsmallc.a(lib_a-memcmp.o)
 .debug_abbrev  0x0000341c       0x7f /home/icrs/altera/13.1/nios2eds/bin/gnu/H-i686-pc-linux-gnu/bin/../lib/gcc/nios2-elf/4.7.3/../../../../../H-i686-pc-linux-gnu/nios2-elf/lib/mno-hw-mul/libsmallc.a(lib_a-strlen.o)
 .debug_abbrev  0x0000349b      0x1f5 /home/icrs/altera/13.1/nios2eds/bin/gnu/H-i686-pc-linux-gnu/bin/../lib/gcc/nios2-elf/4.7.3/../../../../../H-i686-pc-linux-gnu/nios2-elf/lib/mno-hw-mul/libsmallc.a(lib_a-__atexit.o)
 .debug_abbrev  0x00003690      0x1e9 /home/icrs/altera/13.1/nios2eds/bin/gnu/H-i686-pc-linux-gnu/bin/../lib/gcc/nios2-elf/4.7.3/../../../../../H-i686-pc-linux-gnu/nios2-elf/lib/mno-hw-mul/libsmallc.a(lib_a-__call_atexit.o)
 .debug_abbrev  0x00003879      0x13b /home/icrs/altera/13.1/nios2eds/bin/gnu/H-i686-pc-linux-gnu/bin/../lib/gcc/nios2-elf/4.7.3/../../../../../H-i686-pc-linux-gnu/nios2-elf/lib/mno-hw-mul/libsmallc.a(lib_a-impure.o)
 .debug_abbrev  0x000039b4      0x112 /home/icrs/altera/13.1/nios2eds/bin/gnu/H-i686-pc-linux-gnu/bin/../lib/gcc/nios2-elf/4.7.3/mno-hw-mul/libgcc.a(lib2-divmod.o)
 .debug_abbrev  0x00003ac6       0xcd ../ServoDrive_bsp//libhal_bsp.a(alt_exit.o)

.debug_line     0x00000000     0x304f
 *(.debug_line)
 .debug_line    0x00000000       0x66 ../ServoDrive_bsp//obj/HAL/src/crt0.o
 .debug_line    0x00000066      0x173 obj/default/Servo.o
 .debug_line    0x000001d9       0x70 /home/icrs/altera/13.1/nios2eds/bin/gnu/H-i686-pc-linux-gnu/bin/../lib/gcc/nios2-elf/4.7.3/mno-hw-mul/libgcc.a(_fixunssfsi.o)
 .debug_line    0x00000249      0x112 /home/icrs/altera/13.1/nios2eds/bin/gnu/H-i686-pc-linux-gnu/bin/../lib/gcc/nios2-elf/4.7.3/mno-hw-mul/libgcc.a(_addsub_sf.o)
 .debug_line    0x0000035b       0xe2 /home/icrs/altera/13.1/nios2eds/bin/gnu/H-i686-pc-linux-gnu/bin/../lib/gcc/nios2-elf/4.7.3/mno-hw-mul/libgcc.a(_mul_sf.o)
 .debug_line    0x0000043d       0x71 /home/icrs/altera/13.1/nios2eds/bin/gnu/H-i686-pc-linux-gnu/bin/../lib/gcc/nios2-elf/4.7.3/mno-hw-mul/libgcc.a(_gt_sf.o)
 .debug_line    0x000004ae       0x71 /home/icrs/altera/13.1/nios2eds/bin/gnu/H-i686-pc-linux-gnu/bin/../lib/gcc/nios2-elf/4.7.3/mno-hw-mul/libgcc.a(_ge_sf.o)
 .debug_line    0x0000051f       0x95 /home/icrs/altera/13.1/nios2eds/bin/gnu/H-i686-pc-linux-gnu/bin/../lib/gcc/nios2-elf/4.7.3/mno-hw-mul/libgcc.a(_si_to_sf.o)
 .debug_line    0x000005b4       0x90 /home/icrs/altera/13.1/nios2eds/bin/gnu/H-i686-pc-linux-gnu/bin/../lib/gcc/nios2-elf/4.7.3/mno-hw-mul/libgcc.a(_sf_to_si.o)
 .debug_line    0x00000644       0x54 /home/icrs/altera/13.1/nios2eds/bin/gnu/H-i686-pc-linux-gnu/bin/../lib/gcc/nios2-elf/4.7.3/mno-hw-mul/libgcc.a(_thenan_sf.o)
 .debug_line    0x00000698      0x117 /home/icrs/altera/13.1/nios2eds/bin/gnu/H-i686-pc-linux-gnu/bin/../lib/gcc/nios2-elf/4.7.3/mno-hw-mul/libgcc.a(_mul_df.o)
 .debug_line    0x000007af       0x97 /home/icrs/altera/13.1/nios2eds/bin/gnu/H-i686-pc-linux-gnu/bin/../lib/gcc/nios2-elf/4.7.3/mno-hw-mul/libgcc.a(_si_to_df.o)
 .debug_line    0x00000846       0x73 /home/icrs/altera/13.1/nios2eds/bin/gnu/H-i686-pc-linux-gnu/bin/../lib/gcc/nios2-elf/4.7.3/mno-hw-mul/libgcc.a(_df_to_sf.o)
 .debug_line    0x000008b9       0x54 /home/icrs/altera/13.1/nios2eds/bin/gnu/H-i686-pc-linux-gnu/bin/../lib/gcc/nios2-elf/4.7.3/mno-hw-mul/libgcc.a(_thenan_df.o)
 .debug_line    0x0000090d       0xa2 /home/icrs/altera/13.1/nios2eds/bin/gnu/H-i686-pc-linux-gnu/bin/../lib/gcc/nios2-elf/4.7.3/mno-hw-mul/libgcc.a(_muldi3.o)
 .debug_line    0x000009af       0x8f /home/icrs/altera/13.1/nios2eds/bin/gnu/H-i686-pc-linux-gnu/bin/../lib/gcc/nios2-elf/4.7.3/mno-hw-mul/libgcc.a(_clzsi2.o)
 .debug_line    0x00000a3e       0xb5 /home/icrs/altera/13.1/nios2eds/bin/gnu/H-i686-pc-linux-gnu/bin/../lib/gcc/nios2-elf/4.7.3/mno-hw-mul/libgcc.a(_pack_sf.o)
 .debug_line    0x00000af3       0x9d /home/icrs/altera/13.1/nios2eds/bin/gnu/H-i686-pc-linux-gnu/bin/../lib/gcc/nios2-elf/4.7.3/mno-hw-mul/libgcc.a(_unpack_sf.o)
 .debug_line    0x00000b90       0x9d /home/icrs/altera/13.1/nios2eds/bin/gnu/H-i686-pc-linux-gnu/bin/../lib/gcc/nios2-elf/4.7.3/mno-hw-mul/libgcc.a(_fpcmp_parts_sf.o)
 .debug_line    0x00000c2d       0x6e /home/icrs/altera/13.1/nios2eds/bin/gnu/H-i686-pc-linux-gnu/bin/../lib/gcc/nios2-elf/4.7.3/mno-hw-mul/libgcc.a(_make_sf.o)
 .debug_line    0x00000c9b       0xca /home/icrs/altera/13.1/nios2eds/bin/gnu/H-i686-pc-linux-gnu/bin/../lib/gcc/nios2-elf/4.7.3/mno-hw-mul/libgcc.a(_pack_df.o)
 .debug_line    0x00000d65       0xa5 /home/icrs/altera/13.1/nios2eds/bin/gnu/H-i686-pc-linux-gnu/bin/../lib/gcc/nios2-elf/4.7.3/mno-hw-mul/libgcc.a(_unpack_df.o)
 .debug_line    0x00000e0a       0x80 /home/icrs/altera/13.1/nios2eds/bin/gnu/H-i686-pc-linux-gnu/bin/../lib/gcc/nios2-elf/4.7.3/mno-hw-mul/libgcc.a(lib2-mul.o)
 .debug_line    0x00000e8a       0x7a /home/icrs/altera/13.1/nios2eds/bin/gnu/H-i686-pc-linux-gnu/bin/../lib/gcc/nios2-elf/4.7.3/mno-hw-mul/libgcc.a(_lshrdi3.o)
 .debug_line    0x00000f04       0x78 /home/icrs/altera/13.1/nios2eds/bin/gnu/H-i686-pc-linux-gnu/bin/../lib/gcc/nios2-elf/4.7.3/mno-hw-mul/libgcc.a(_ashldi3.o)
 .debug_line    0x00000f7c       0x56 /home/icrs/altera/13.1/nios2eds/bin/gnu/H-i686-pc-linux-gnu/bin/../lib/gcc/nios2-elf/4.7.3/mno-hw-mul/libgcc.a(_clz.o)
 .debug_line    0x00000fd2       0x92 ../ServoDrive_bsp//libhal_bsp.a(alt_load.o)
 .debug_line    0x00001064       0xd1 ../ServoDrive_bsp//libhal_bsp.a(alt_main.o)
 .debug_line    0x00001135       0xdb ../ServoDrive_bsp//libhal_bsp.a(alt_usleep.o)
 .debug_line    0x00001210      0x13b ../ServoDrive_bsp//libhal_bsp.a(alt_sys_init.o)
 .debug_line    0x0000134b      0x114 ../ServoDrive_bsp//libhal_bsp.a(altera_avalon_jtag_uart_fd.o)
 .debug_line    0x0000145f      0x115 ../ServoDrive_bsp//libhal_bsp.a(altera_avalon_jtag_uart_read.o)
 .debug_line    0x00001574      0x10c ../ServoDrive_bsp//libhal_bsp.a(altera_avalon_jtag_uart_write.o)
 .debug_line    0x00001680       0xa2 ../ServoDrive_bsp//libhal_bsp.a(alt_busy_sleep.o)
 .debug_line    0x00001722      0x193 ../ServoDrive_bsp//libhal_bsp.a(alt_close.o)
 .debug_line    0x000018b5       0x51 ../ServoDrive_bsp//libhal_bsp.a(alt_dcache_flush_all.o)
 .debug_line    0x00001906      0x126 ../ServoDrive_bsp//libhal_bsp.a(alt_dev.o)
 .debug_line    0x00001a2c       0xd0 ../ServoDrive_bsp//libhal_bsp.a(alt_dev_llist_insert.o)
 .debug_line    0x00001afc       0x59 ../ServoDrive_bsp//libhal_bsp.a(alt_do_ctors.o)
 .debug_line    0x00001b55       0x59 ../ServoDrive_bsp//libhal_bsp.a(alt_do_dtors.o)
 .debug_line    0x00001bae       0x51 ../ServoDrive_bsp//libhal_bsp.a(alt_errno.o)
 .debug_line    0x00001bff       0x4f ../ServoDrive_bsp//libhal_bsp.a(alt_icache_flush_all.o)
 .debug_line    0x00001c4e      0x163 ../ServoDrive_bsp//libhal_bsp.a(alt_io_redirect.o)
 .debug_line    0x00001db1      0x128 ../ServoDrive_bsp//libhal_bsp.a(alt_open.o)
 .debug_line    0x00001ed9       0xb0 ../ServoDrive_bsp//libhal_bsp.a(alt_release_fd.o)
 .debug_line    0x00001f89       0x8d ../ServoDrive_bsp//libhal_bsp.a(altera_nios2_qsys_irq.o)
 .debug_line    0x00002016       0xb9 ../ServoDrive_bsp//libhal_bsp.a(alt_find_dev.o)
 .debug_line    0x000020cf       0xd5 ../ServoDrive_bsp//libhal_bsp.a(alt_find_file.o)
 .debug_line    0x000021a4       0xd4 ../ServoDrive_bsp//libhal_bsp.a(alt_get_fd.o)
 .debug_line    0x00002278      0x170 /home/icrs/altera/13.1/nios2eds/bin/gnu/H-i686-pc-linux-gnu/bin/../lib/gcc/nios2-elf/4.7.3/../../../../../H-i686-pc-linux-gnu/nios2-elf/lib/mno-hw-mul/libsmallc.a(lib_a-atexit.o)
 .debug_line    0x000023e8      0x170 /home/icrs/altera/13.1/nios2eds/bin/gnu/H-i686-pc-linux-gnu/bin/../lib/gcc/nios2-elf/4.7.3/../../../../../H-i686-pc-linux-gnu/nios2-elf/lib/mno-hw-mul/libsmallc.a(lib_a-exit.o)
 .debug_line    0x00002558       0x60 /home/icrs/altera/13.1/nios2eds/bin/gnu/H-i686-pc-linux-gnu/bin/../lib/gcc/nios2-elf/4.7.3/../../../../../H-i686-pc-linux-gnu/nios2-elf/lib/mno-hw-mul/libsmallc.a(lib_a-int_errno.o)
 .debug_line    0x000025b8      0x17f /home/icrs/altera/13.1/nios2eds/bin/gnu/H-i686-pc-linux-gnu/bin/../lib/gcc/nios2-elf/4.7.3/../../../../../H-i686-pc-linux-gnu/nios2-elf/lib/mno-hw-mul/libsmallc.a(lib_a-memcmp.o)
 .debug_line    0x00002737      0x174 /home/icrs/altera/13.1/nios2eds/bin/gnu/H-i686-pc-linux-gnu/bin/../lib/gcc/nios2-elf/4.7.3/../../../../../H-i686-pc-linux-gnu/nios2-elf/lib/mno-hw-mul/libsmallc.a(lib_a-strlen.o)
 .debug_line    0x000028ab      0x24e /home/icrs/altera/13.1/nios2eds/bin/gnu/H-i686-pc-linux-gnu/bin/../lib/gcc/nios2-elf/4.7.3/../../../../../H-i686-pc-linux-gnu/nios2-elf/lib/mno-hw-mul/libsmallc.a(lib_a-__atexit.o)
 .debug_line    0x00002af9      0x267 /home/icrs/altera/13.1/nios2eds/bin/gnu/H-i686-pc-linux-gnu/bin/../lib/gcc/nios2-elf/4.7.3/../../../../../H-i686-pc-linux-gnu/nios2-elf/lib/mno-hw-mul/libsmallc.a(lib_a-__call_atexit.o)
 .debug_line    0x00002d60      0x16c /home/icrs/altera/13.1/nios2eds/bin/gnu/H-i686-pc-linux-gnu/bin/../lib/gcc/nios2-elf/4.7.3/../../../../../H-i686-pc-linux-gnu/nios2-elf/lib/mno-hw-mul/libsmallc.a(lib_a-impure.o)
 .debug_line    0x00002ecc       0xd6 /home/icrs/altera/13.1/nios2eds/bin/gnu/H-i686-pc-linux-gnu/bin/../lib/gcc/nios2-elf/4.7.3/mno-hw-mul/libgcc.a(lib2-divmod.o)
 .debug_line    0x00002fa2       0xad ../ServoDrive_bsp//libhal_bsp.a(alt_exit.o)

.debug_frame    0x00000000      0xa10
 *(.debug_frame)
 .debug_frame   0x00000000       0x4c obj/default/Servo.o
 .debug_frame   0x0000004c       0x2c /home/icrs/altera/13.1/nios2eds/bin/gnu/H-i686-pc-linux-gnu/bin/../lib/gcc/nios2-elf/4.7.3/mno-hw-mul/libgcc.a(_fixunssfsi.o)
 .debug_frame   0x00000078       0x50 /home/icrs/altera/13.1/nios2eds/bin/gnu/H-i686-pc-linux-gnu/bin/../lib/gcc/nios2-elf/4.7.3/mno-hw-mul/libgcc.a(_addsub_sf.o)
 .debug_frame   0x000000c8       0x28 /home/icrs/altera/13.1/nios2eds/bin/gnu/H-i686-pc-linux-gnu/bin/../lib/gcc/nios2-elf/4.7.3/mno-hw-mul/libgcc.a(_mul_sf.o)
 .debug_frame   0x000000f0       0x28 /home/icrs/altera/13.1/nios2eds/bin/gnu/H-i686-pc-linux-gnu/bin/../lib/gcc/nios2-elf/4.7.3/mno-hw-mul/libgcc.a(_gt_sf.o)
 .debug_frame   0x00000118       0x28 /home/icrs/altera/13.1/nios2eds/bin/gnu/H-i686-pc-linux-gnu/bin/../lib/gcc/nios2-elf/4.7.3/mno-hw-mul/libgcc.a(_ge_sf.o)
 .debug_frame   0x00000140       0x28 /home/icrs/altera/13.1/nios2eds/bin/gnu/H-i686-pc-linux-gnu/bin/../lib/gcc/nios2-elf/4.7.3/mno-hw-mul/libgcc.a(_si_to_sf.o)
 .debug_frame   0x00000168       0x28 /home/icrs/altera/13.1/nios2eds/bin/gnu/H-i686-pc-linux-gnu/bin/../lib/gcc/nios2-elf/4.7.3/mno-hw-mul/libgcc.a(_sf_to_si.o)
 .debug_frame   0x00000190       0x38 /home/icrs/altera/13.1/nios2eds/bin/gnu/H-i686-pc-linux-gnu/bin/../lib/gcc/nios2-elf/4.7.3/mno-hw-mul/libgcc.a(_mul_df.o)
 .debug_frame   0x000001c8       0x28 /home/icrs/altera/13.1/nios2eds/bin/gnu/H-i686-pc-linux-gnu/bin/../lib/gcc/nios2-elf/4.7.3/mno-hw-mul/libgcc.a(_si_to_df.o)
 .debug_frame   0x000001f0       0x28 /home/icrs/altera/13.1/nios2eds/bin/gnu/H-i686-pc-linux-gnu/bin/../lib/gcc/nios2-elf/4.7.3/mno-hw-mul/libgcc.a(_df_to_sf.o)
 .debug_frame   0x00000218       0x3c /home/icrs/altera/13.1/nios2eds/bin/gnu/H-i686-pc-linux-gnu/bin/../lib/gcc/nios2-elf/4.7.3/mno-hw-mul/libgcc.a(_muldi3.o)
 .debug_frame   0x00000254       0x20 /home/icrs/altera/13.1/nios2eds/bin/gnu/H-i686-pc-linux-gnu/bin/../lib/gcc/nios2-elf/4.7.3/mno-hw-mul/libgcc.a(_clzsi2.o)
 .debug_frame   0x00000274       0x20 /home/icrs/altera/13.1/nios2eds/bin/gnu/H-i686-pc-linux-gnu/bin/../lib/gcc/nios2-elf/4.7.3/mno-hw-mul/libgcc.a(_pack_sf.o)
 .debug_frame   0x00000294       0x20 /home/icrs/altera/13.1/nios2eds/bin/gnu/H-i686-pc-linux-gnu/bin/../lib/gcc/nios2-elf/4.7.3/mno-hw-mul/libgcc.a(_unpack_sf.o)
 .debug_frame   0x000002b4       0x20 /home/icrs/altera/13.1/nios2eds/bin/gnu/H-i686-pc-linux-gnu/bin/../lib/gcc/nios2-elf/4.7.3/mno-hw-mul/libgcc.a(_fpcmp_parts_sf.o)
 .debug_frame   0x000002d4       0x28 /home/icrs/altera/13.1/nios2eds/bin/gnu/H-i686-pc-linux-gnu/bin/../lib/gcc/nios2-elf/4.7.3/mno-hw-mul/libgcc.a(_make_sf.o)
 .debug_frame   0x000002fc       0x34 /home/icrs/altera/13.1/nios2eds/bin/gnu/H-i686-pc-linux-gnu/bin/../lib/gcc/nios2-elf/4.7.3/mno-hw-mul/libgcc.a(_pack_df.o)
 .debug_frame   0x00000330       0x20 /home/icrs/altera/13.1/nios2eds/bin/gnu/H-i686-pc-linux-gnu/bin/../lib/gcc/nios2-elf/4.7.3/mno-hw-mul/libgcc.a(_unpack_df.o)
 .debug_frame   0x00000350       0x20 /home/icrs/altera/13.1/nios2eds/bin/gnu/H-i686-pc-linux-gnu/bin/../lib/gcc/nios2-elf/4.7.3/mno-hw-mul/libgcc.a(lib2-mul.o)
 .debug_frame   0x00000370       0x20 /home/icrs/altera/13.1/nios2eds/bin/gnu/H-i686-pc-linux-gnu/bin/../lib/gcc/nios2-elf/4.7.3/mno-hw-mul/libgcc.a(_lshrdi3.o)
 .debug_frame   0x00000390       0x20 /home/icrs/altera/13.1/nios2eds/bin/gnu/H-i686-pc-linux-gnu/bin/../lib/gcc/nios2-elf/4.7.3/mno-hw-mul/libgcc.a(_ashldi3.o)
 .debug_frame   0x000003b0       0x48 ../ServoDrive_bsp//libhal_bsp.a(alt_load.o)
 .debug_frame   0x000003f8       0x2c ../ServoDrive_bsp//libhal_bsp.a(alt_main.o)
 .debug_frame   0x00000424       0x2c ../ServoDrive_bsp//libhal_bsp.a(alt_usleep.o)
 .debug_frame   0x00000450       0x64 ../ServoDrive_bsp//libhal_bsp.a(alt_sys_init.o)
 .debug_frame   0x000004b4       0x48 ../ServoDrive_bsp//libhal_bsp.a(altera_avalon_jtag_uart_fd.o)
 .debug_frame   0x000004fc       0x2c ../ServoDrive_bsp//libhal_bsp.a(altera_avalon_jtag_uart_read.o)
 .debug_frame   0x00000528       0x2c ../ServoDrive_bsp//libhal_bsp.a(altera_avalon_jtag_uart_write.o)
 .debug_frame   0x00000554       0x2c ../ServoDrive_bsp//libhal_bsp.a(alt_busy_sleep.o)
 .debug_frame   0x00000580       0x48 ../ServoDrive_bsp//libhal_bsp.a(alt_close.o)
 .debug_frame   0x000005c8       0x2c ../ServoDrive_bsp//libhal_bsp.a(alt_dcache_flush_all.o)
 .debug_frame   0x000005f4       0x2c ../ServoDrive_bsp//libhal_bsp.a(alt_dev.o)
 .debug_frame   0x00000620       0x48 ../ServoDrive_bsp//libhal_bsp.a(alt_dev_llist_insert.o)
 .debug_frame   0x00000668       0x2c ../ServoDrive_bsp//libhal_bsp.a(alt_do_ctors.o)
 .debug_frame   0x00000694       0x2c ../ServoDrive_bsp//libhal_bsp.a(alt_do_dtors.o)
 .debug_frame   0x000006c0       0x2c ../ServoDrive_bsp//libhal_bsp.a(alt_icache_flush_all.o)
 .debug_frame   0x000006ec       0x4c ../ServoDrive_bsp//libhal_bsp.a(alt_io_redirect.o)
 .debug_frame   0x00000738       0x68 ../ServoDrive_bsp//libhal_bsp.a(alt_open.o)
 .debug_frame   0x000007a0       0x30 ../ServoDrive_bsp//libhal_bsp.a(alt_release_fd.o)
 .debug_frame   0x000007d0       0x2c ../ServoDrive_bsp//libhal_bsp.a(altera_nios2_qsys_irq.o)
 .debug_frame   0x000007fc       0x2c ../ServoDrive_bsp//libhal_bsp.a(alt_find_dev.o)
 .debug_frame   0x00000828       0x2c ../ServoDrive_bsp//libhal_bsp.a(alt_find_file.o)
 .debug_frame   0x00000854       0x30 ../ServoDrive_bsp//libhal_bsp.a(alt_get_fd.o)
 .debug_frame   0x00000884       0x20 /home/icrs/altera/13.1/nios2eds/bin/gnu/H-i686-pc-linux-gnu/bin/../lib/gcc/nios2-elf/4.7.3/../../../../../H-i686-pc-linux-gnu/nios2-elf/lib/mno-hw-mul/libsmallc.a(lib_a-atexit.o)
 .debug_frame   0x000008a4       0x28 /home/icrs/altera/13.1/nios2eds/bin/gnu/H-i686-pc-linux-gnu/bin/../lib/gcc/nios2-elf/4.7.3/../../../../../H-i686-pc-linux-gnu/nios2-elf/lib/mno-hw-mul/libsmallc.a(lib_a-exit.o)
 .debug_frame   0x000008cc       0x20 /home/icrs/altera/13.1/nios2eds/bin/gnu/H-i686-pc-linux-gnu/bin/../lib/gcc/nios2-elf/4.7.3/../../../../../H-i686-pc-linux-gnu/nios2-elf/lib/mno-hw-mul/libsmallc.a(lib_a-memcmp.o)
 .debug_frame   0x000008ec       0x20 /home/icrs/altera/13.1/nios2eds/bin/gnu/H-i686-pc-linux-gnu/bin/../lib/gcc/nios2-elf/4.7.3/../../../../../H-i686-pc-linux-gnu/nios2-elf/lib/mno-hw-mul/libsmallc.a(lib_a-strlen.o)
 .debug_frame   0x0000090c       0x30 /home/icrs/altera/13.1/nios2eds/bin/gnu/H-i686-pc-linux-gnu/bin/../lib/gcc/nios2-elf/4.7.3/../../../../../H-i686-pc-linux-gnu/nios2-elf/lib/mno-hw-mul/libsmallc.a(lib_a-__atexit.o)
 .debug_frame   0x0000093c       0x38 /home/icrs/altera/13.1/nios2eds/bin/gnu/H-i686-pc-linux-gnu/bin/../lib/gcc/nios2-elf/4.7.3/../../../../../H-i686-pc-linux-gnu/nios2-elf/lib/mno-hw-mul/libsmallc.a(lib_a-__call_atexit.o)
 .debug_frame   0x00000974       0x70 /home/icrs/altera/13.1/nios2eds/bin/gnu/H-i686-pc-linux-gnu/bin/../lib/gcc/nios2-elf/4.7.3/mno-hw-mul/libgcc.a(lib2-divmod.o)
 .debug_frame   0x000009e4       0x2c ../ServoDrive_bsp//libhal_bsp.a(alt_exit.o)

.debug_str      0x00000000     0x15ed
 *(.debug_str)
 .debug_str     0x00000000      0x140 obj/default/Servo.o
                                0x184 (size before relaxing)
 .debug_str     0x00000140       0xee /home/icrs/altera/13.1/nios2eds/bin/gnu/H-i686-pc-linux-gnu/bin/../lib/gcc/nios2-elf/4.7.3/mno-hw-mul/libgcc.a(_fixunssfsi.o)
                                0x177 (size before relaxing)
 .debug_str     0x0000022e      0x172 /home/icrs/altera/13.1/nios2eds/bin/gnu/H-i686-pc-linux-gnu/bin/../lib/gcc/nios2-elf/4.7.3/mno-hw-mul/libgcc.a(_addsub_sf.o)
                                0x2b2 (size before relaxing)
 .debug_str     0x000003a0       0x2a /home/icrs/altera/13.1/nios2eds/bin/gnu/H-i686-pc-linux-gnu/bin/../lib/gcc/nios2-elf/4.7.3/mno-hw-mul/libgcc.a(_mul_sf.o)
                                0x269 (size before relaxing)
 .debug_str     0x000003ca       0x20 /home/icrs/altera/13.1/nios2eds/bin/gnu/H-i686-pc-linux-gnu/bin/../lib/gcc/nios2-elf/4.7.3/mno-hw-mul/libgcc.a(_gt_sf.o)
                                0x241 (size before relaxing)
 .debug_str     0x000003ea        0x8 /home/icrs/altera/13.1/nios2eds/bin/gnu/H-i686-pc-linux-gnu/bin/../lib/gcc/nios2-elf/4.7.3/mno-hw-mul/libgcc.a(_ge_sf.o)
                                0x241 (size before relaxing)
 .debug_str     0x000003f2       0x27 /home/icrs/altera/13.1/nios2eds/bin/gnu/H-i686-pc-linux-gnu/bin/../lib/gcc/nios2-elf/4.7.3/mno-hw-mul/libgcc.a(_si_to_sf.o)
                                0x21d (size before relaxing)
 .debug_str     0x00000419        0xa /home/icrs/altera/13.1/nios2eds/bin/gnu/H-i686-pc-linux-gnu/bin/../lib/gcc/nios2-elf/4.7.3/mno-hw-mul/libgcc.a(_sf_to_si.o)
                                0x239 (size before relaxing)
 .debug_str     0x00000000      0x1d0 /home/icrs/altera/13.1/nios2eds/bin/gnu/H-i686-pc-linux-gnu/bin/../lib/gcc/nios2-elf/4.7.3/mno-hw-mul/libgcc.a(_thenan_sf.o)
 .debug_str     0x00000423       0x60 /home/icrs/altera/13.1/nios2eds/bin/gnu/H-i686-pc-linux-gnu/bin/../lib/gcc/nios2-elf/4.7.3/mno-hw-mul/libgcc.a(_mul_df.o)
                                0x28a (size before relaxing)
 .debug_str     0x00000483        0xc /home/icrs/altera/13.1/nios2eds/bin/gnu/H-i686-pc-linux-gnu/bin/../lib/gcc/nios2-elf/4.7.3/mno-hw-mul/libgcc.a(_si_to_df.o)
                                0x21d (size before relaxing)
 .debug_str     0x0000048f       0x1e /home/icrs/altera/13.1/nios2eds/bin/gnu/H-i686-pc-linux-gnu/bin/../lib/gcc/nios2-elf/4.7.3/mno-hw-mul/libgcc.a(_df_to_sf.o)
                                0x240 (size before relaxing)
 .debug_str     0x00000000      0x1d0 /home/icrs/altera/13.1/nios2eds/bin/gnu/H-i686-pc-linux-gnu/bin/../lib/gcc/nios2-elf/4.7.3/mno-hw-mul/libgcc.a(_thenan_df.o)
 .debug_str     0x000004ad       0x42 /home/icrs/altera/13.1/nios2eds/bin/gnu/H-i686-pc-linux-gnu/bin/../lib/gcc/nios2-elf/4.7.3/mno-hw-mul/libgcc.a(_muldi3.o)
                                0x1b1 (size before relaxing)
 .debug_str     0x000004ef       0x17 /home/icrs/altera/13.1/nios2eds/bin/gnu/H-i686-pc-linux-gnu/bin/../lib/gcc/nios2-elf/4.7.3/mno-hw-mul/libgcc.a(_clzsi2.o)
                                0x18c (size before relaxing)
 .debug_str     0x00000506        0x7 /home/icrs/altera/13.1/nios2eds/bin/gnu/H-i686-pc-linux-gnu/bin/../lib/gcc/nios2-elf/4.7.3/mno-hw-mul/libgcc.a(_pack_sf.o)
                                0x22d (size before relaxing)
 .debug_str     0x00000000      0x20f /home/icrs/altera/13.1/nios2eds/bin/gnu/H-i686-pc-linux-gnu/bin/../lib/gcc/nios2-elf/4.7.3/mno-hw-mul/libgcc.a(_unpack_sf.o)
 .debug_str     0x00000000      0x1f3 /home/icrs/altera/13.1/nios2eds/bin/gnu/H-i686-pc-linux-gnu/bin/../lib/gcc/nios2-elf/4.7.3/mno-hw-mul/libgcc.a(_fpcmp_parts_sf.o)
 .debug_str     0x00000000        0x7 /home/icrs/altera/13.1/nios2eds/bin/gnu/H-i686-pc-linux-gnu/bin/../lib/gcc/nios2-elf/4.7.3/mno-hw-mul/libgcc.a(_make_sf.o)
                                0x1f8 (size before relaxing)
 .debug_str     0x00000000      0x233 /home/icrs/altera/13.1/nios2eds/bin/gnu/H-i686-pc-linux-gnu/bin/../lib/gcc/nios2-elf/4.7.3/mno-hw-mul/libgcc.a(_pack_df.o)
 .debug_str     0x00000000      0x215 /home/icrs/altera/13.1/nios2eds/bin/gnu/H-i686-pc-linux-gnu/bin/../lib/gcc/nios2-elf/4.7.3/mno-hw-mul/libgcc.a(_unpack_df.o)
 .debug_str     0x0000050d       0x40 /home/icrs/altera/13.1/nios2eds/bin/gnu/H-i686-pc-linux-gnu/bin/../lib/gcc/nios2-elf/4.7.3/mno-hw-mul/libgcc.a(lib2-mul.o)
                                0x12b (size before relaxing)
 .debug_str     0x0000054d       0x23 /home/icrs/altera/13.1/nios2eds/bin/gnu/H-i686-pc-linux-gnu/bin/../lib/gcc/nios2-elf/4.7.3/mno-hw-mul/libgcc.a(_lshrdi3.o)
                                0x1a3 (size before relaxing)
 .debug_str     0x00000570        0xa /home/icrs/altera/13.1/nios2eds/bin/gnu/H-i686-pc-linux-gnu/bin/../lib/gcc/nios2-elf/4.7.3/mno-hw-mul/libgcc.a(_ashldi3.o)
                                0x1a3 (size before relaxing)
 .debug_str     0x00000000      0x16f /home/icrs/altera/13.1/nios2eds/bin/gnu/H-i686-pc-linux-gnu/bin/../lib/gcc/nios2-elf/4.7.3/mno-hw-mul/libgcc.a(_clz.o)
 .debug_str     0x0000057a      0x11f ../ServoDrive_bsp//libhal_bsp.a(alt_load.o)
                                0x1bd (size before relaxing)
 .debug_str     0x00000699       0x91 ../ServoDrive_bsp//libhal_bsp.a(alt_main.o)
                                0x171 (size before relaxing)
 .debug_str     0x0000072a       0x27 ../ServoDrive_bsp//libhal_bsp.a(alt_usleep.o)
                                 0xf3 (size before relaxing)
 .debug_str     0x00000751      0x157 ../ServoDrive_bsp//libhal_bsp.a(alt_sys_init.o)
                                0x2a0 (size before relaxing)
 .debug_str     0x000008a8       0x77 ../ServoDrive_bsp//libhal_bsp.a(altera_avalon_jtag_uart_fd.o)
                                0x280 (size before relaxing)
 .debug_str     0x0000091f       0x48 ../ServoDrive_bsp//libhal_bsp.a(altera_avalon_jtag_uart_read.o)
                                0x1eb (size before relaxing)
 .debug_str     0x00000967       0x4a ../ServoDrive_bsp//libhal_bsp.a(altera_avalon_jtag_uart_write.o)
                                0x1e1 (size before relaxing)
 .debug_str     0x000009b1       0x42 ../ServoDrive_bsp//libhal_bsp.a(alt_busy_sleep.o)
                                0x116 (size before relaxing)
 .debug_str     0x000009f3       0x44 ../ServoDrive_bsp//libhal_bsp.a(alt_close.o)
                                0x1b6 (size before relaxing)
 .debug_str     0x00000a37       0x34 ../ServoDrive_bsp//libhal_bsp.a(alt_dcache_flush_all.o)
                                0x100 (size before relaxing)
 .debug_str     0x00000a6b      0x120 ../ServoDrive_bsp//libhal_bsp.a(alt_dev.o)
                                0x2b0 (size before relaxing)
 .debug_str     0x00000b8b       0x4b ../ServoDrive_bsp//libhal_bsp.a(alt_dev_llist_insert.o)
                                0x177 (size before relaxing)
 .debug_str     0x00000bd6       0x48 ../ServoDrive_bsp//libhal_bsp.a(alt_do_ctors.o)
                                 0x87 (size before relaxing)
 .debug_str     0x00000c1e       0x4c ../ServoDrive_bsp//libhal_bsp.a(alt_do_dtors.o)
                                 0x86 (size before relaxing)
 .debug_str     0x00000c6a       0x14 ../ServoDrive_bsp//libhal_bsp.a(alt_errno.o)
                                 0xf0 (size before relaxing)
 .debug_str     0x00000c7e       0x34 ../ServoDrive_bsp//libhal_bsp.a(alt_icache_flush_all.o)
                                0x100 (size before relaxing)
 .debug_str     0x00000cb2       0x56 ../ServoDrive_bsp//libhal_bsp.a(alt_io_redirect.o)
                                0x2c1 (size before relaxing)
 .debug_str     0x00000d08       0x36 ../ServoDrive_bsp//libhal_bsp.a(alt_open.o)
                                0x1f6 (size before relaxing)
 .debug_str     0x00000d3e       0x28 ../ServoDrive_bsp//libhal_bsp.a(alt_release_fd.o)
                                0x18a (size before relaxing)
 .debug_str     0x00000d66       0x3b ../ServoDrive_bsp//libhal_bsp.a(altera_nios2_qsys_irq.o)
                                0x130 (size before relaxing)
 .debug_str     0x00000da1       0x24 ../ServoDrive_bsp//libhal_bsp.a(alt_find_dev.o)
                                0x197 (size before relaxing)