Archive member included to satisfy reference by file (symbol)

c:/altera/14.1/nios2eds/bin/gnu/h-x86_64-mingw32/bin/../lib/gcc/nios2-elf/4.8.3/mhw-mulx\libgcc.a(lib2-divmod.o)
                              obj/default/Servo.o (__modsi3)
../ServoDrive_bsp/\libhal_bsp.a(alt_load.o)
                              ../ServoDrive_bsp//obj/HAL/src/crt0.o (alt_load)
../ServoDrive_bsp/\libhal_bsp.a(alt_main.o)
                              ../ServoDrive_bsp//obj/HAL/src/crt0.o (alt_main)
../ServoDrive_bsp/\libhal_bsp.a(alt_sys_init.o)
                              ../ServoDrive_bsp/\libhal_bsp.a(alt_main.o) (alt_irq_init)
../ServoDrive_bsp/\libhal_bsp.a(altera_avalon_jtag_uart_fd.o)
                              ../ServoDrive_bsp/\libhal_bsp.a(alt_sys_init.o) (altera_avalon_jtag_uart_read_fd)
../ServoDrive_bsp/\libhal_bsp.a(altera_avalon_jtag_uart_read.o)
                              ../ServoDrive_bsp/\libhal_bsp.a(altera_avalon_jtag_uart_fd.o) (altera_avalon_jtag_uart_read)
../ServoDrive_bsp/\libhal_bsp.a(altera_avalon_jtag_uart_write.o)
                              ../ServoDrive_bsp/\libhal_bsp.a(altera_avalon_jtag_uart_fd.o) (altera_avalon_jtag_uart_write)
../ServoDrive_bsp/\libhal_bsp.a(alt_close.o)
                              ../ServoDrive_bsp/\libhal_bsp.a(alt_main.o) (close)
../ServoDrive_bsp/\libhal_bsp.a(alt_dcache_flush_all.o)
                              ../ServoDrive_bsp/\libhal_bsp.a(alt_load.o) (alt_dcache_flush_all)
../ServoDrive_bsp/\libhal_bsp.a(alt_dev.o)
                              ../ServoDrive_bsp/\libhal_bsp.a(alt_sys_init.o) (alt_dev_list)
../ServoDrive_bsp/\libhal_bsp.a(alt_dev_llist_insert.o)
                              ../ServoDrive_bsp/\libhal_bsp.a(alt_sys_init.o) (alt_dev_llist_insert)
../ServoDrive_bsp/\libhal_bsp.a(alt_do_ctors.o)
                              ../ServoDrive_bsp/\libhal_bsp.a(alt_main.o) (_do_ctors)
../ServoDrive_bsp/\libhal_bsp.a(alt_do_dtors.o)
                              ../ServoDrive_bsp/\libhal_bsp.a(alt_main.o) (_do_dtors)
../ServoDrive_bsp/\libhal_bsp.a(alt_errno.o)
                              ../ServoDrive_bsp/\libhal_bsp.a(alt_close.o) (alt_errno)
../ServoDrive_bsp/\libhal_bsp.a(alt_icache_flush_all.o)
                              ../ServoDrive_bsp/\libhal_bsp.a(alt_load.o) (alt_icache_flush_all)
../ServoDrive_bsp/\libhal_bsp.a(alt_io_redirect.o)
                              ../ServoDrive_bsp/\libhal_bsp.a(alt_main.o) (alt_io_redirect)
../ServoDrive_bsp/\libhal_bsp.a(alt_open.o)
                              ../ServoDrive_bsp/\libhal_bsp.a(alt_io_redirect.o) (open)
../ServoDrive_bsp/\libhal_bsp.a(alt_release_fd.o)
                              ../ServoDrive_bsp/\libhal_bsp.a(alt_close.o) (alt_release_fd)
../ServoDrive_bsp/\libhal_bsp.a(altera_nios2_gen2_irq.o)
                              ../ServoDrive_bsp/\libhal_bsp.a(alt_sys_init.o) (altera_nios2_gen2_irq_init)
../ServoDrive_bsp/\libhal_bsp.a(alt_find_dev.o)
                              ../ServoDrive_bsp/\libhal_bsp.a(alt_open.o) (alt_find_dev)
../ServoDrive_bsp/\libhal_bsp.a(alt_find_file.o)
                              ../ServoDrive_bsp/\libhal_bsp.a(alt_open.o) (alt_find_file)
../ServoDrive_bsp/\libhal_bsp.a(alt_get_fd.o)
                              ../ServoDrive_bsp/\libhal_bsp.a(alt_open.o) (alt_get_fd)
../ServoDrive_bsp/\libhal_bsp.a(alt_icache_flush.o)
                              ../ServoDrive_bsp/\libhal_bsp.a(alt_icache_flush_all.o) (alt_icache_flush)
c:/altera/14.1/nios2eds/bin/gnu/h-x86_64-mingw32/bin/../lib/gcc/nios2-elf/4.8.3/../../../../../H-x86_64-mingw32/nios2-elf/lib/mhw-mulx\libc.a(lib_a-atexit.o)
                              ../ServoDrive_bsp/\libhal_bsp.a(alt_main.o) (atexit)
c:/altera/14.1/nios2eds/bin/gnu/h-x86_64-mingw32/bin/../lib/gcc/nios2-elf/4.8.3/../../../../../H-x86_64-mingw32/nios2-elf/lib/mhw-mulx\libc.a(lib_a-exit.o)
                              ../ServoDrive_bsp/\libhal_bsp.a(alt_main.o) (exit)
c:/altera/14.1/nios2eds/bin/gnu/h-x86_64-mingw32/bin/../lib/gcc/nios2-elf/4.8.3/../../../../../H-x86_64-mingw32/nios2-elf/lib/mhw-mulx\libc.a(lib_a-impure.o)
                              c:/altera/14.1/nios2eds/bin/gnu/h-x86_64-mingw32/bin/../lib/gcc/nios2-elf/4.8.3/../../../../../H-x86_64-mingw32/nios2-elf/lib/mhw-mulx\libc.a(lib_a-exit.o) (_global_impure_ptr)
c:/altera/14.1/nios2eds/bin/gnu/h-x86_64-mingw32/bin/../lib/gcc/nios2-elf/4.8.3/../../../../../H-x86_64-mingw32/nios2-elf/lib/mhw-mulx\libc.a(lib_a-int_errno.o)
                              ../ServoDrive_bsp/\libhal_bsp.a(alt_close.o) (errno)
c:/altera/14.1/nios2eds/bin/gnu/h-x86_64-mingw32/bin/../lib/gcc/nios2-elf/4.8.3/../../../../../H-x86_64-mingw32/nios2-elf/lib/mhw-mulx\libc.a(lib_a-memcmp.o)
                              ../ServoDrive_bsp/\libhal_bsp.a(alt_find_dev.o) (memcmp)
c:/altera/14.1/nios2eds/bin/gnu/h-x86_64-mingw32/bin/../lib/gcc/nios2-elf/4.8.3/../../../../../H-x86_64-mingw32/nios2-elf/lib/mhw-mulx\libc.a(lib_a-strlen.o)
                              ../ServoDrive_bsp/\libhal_bsp.a(alt_find_dev.o) (strlen)
c:/altera/14.1/nios2eds/bin/gnu/h-x86_64-mingw32/bin/../lib/gcc/nios2-elf/4.8.3/../../../../../H-x86_64-mingw32/nios2-elf/lib/mhw-mulx\libc.a(lib_a-__atexit.o)
                              c:/altera/14.1/nios2eds/bin/gnu/h-x86_64-mingw32/bin/../lib/gcc/nios2-elf/4.8.3/../../../../../H-x86_64-mingw32/nios2-elf/lib/mhw-mulx\libc.a(lib_a-atexit.o) (__register_exitproc)
c:/altera/14.1/nios2eds/bin/gnu/h-x86_64-mingw32/bin/../lib/gcc/nios2-elf/4.8.3/../../../../../H-x86_64-mingw32/nios2-elf/lib/mhw-mulx\libc.a(lib_a-__call_atexit.o)
                              c:/altera/14.1/nios2eds/bin/gnu/h-x86_64-mingw32/bin/../lib/gcc/nios2-elf/4.8.3/../../../../../H-x86_64-mingw32/nios2-elf/lib/mhw-mulx\libc.a(lib_a-exit.o) (__call_exitprocs)
../ServoDrive_bsp/\libhal_bsp.a(alt_exit.o)
                              c:/altera/14.1/nios2eds/bin/gnu/h-x86_64-mingw32/bin/../lib/gcc/nios2-elf/4.8.3/../../../../../H-x86_64-mingw32/nios2-elf/lib/mhw-mulx\libc.a(lib_a-exit.o) (_exit)

Allocating common symbols
Common symbol       size              file

errno               0x4               c:/altera/14.1/nios2eds/bin/gnu/h-x86_64-mingw32/bin/../lib/gcc/nios2-elf/4.8.3/../../../../../H-x86_64-mingw32/nios2-elf/lib/mhw-mulx\libc.a(lib_a-int_errno.o)

Memory Configuration

Name             Origin             Length             Attributes
reset            0x0000000000008000 0x0000000000000020
onchip_memory2_0 0x0000000000008020 0x00000000000047e0
*default*        0x0000000000000000 0xffffffffffffffff

Linker script and memory map

LOAD ../ServoDrive_bsp//obj/HAL/src/crt0.o
LOAD obj/default/Servo.o
LOAD obj/default/extramath/extramath.o
LOAD obj/default/extramath/sincostables.o
LOAD c:/altera/14.1/nios2eds/bin/gnu/h-x86_64-mingw32/bin/../lib/gcc/nios2-elf/4.8.3/../../../../../H-x86_64-mingw32/nios2-elf/lib/mhw-mulx\libstdc++.a
LOAD c:/altera/14.1/nios2eds/bin/gnu/h-x86_64-mingw32/bin/../lib/gcc/nios2-elf/4.8.3/../../../../../H-x86_64-mingw32/nios2-elf/lib/mhw-mulx\libm.a
LOAD c:/altera/14.1/nios2eds/bin/gnu/h-x86_64-mingw32/bin/../lib/gcc/nios2-elf/4.8.3/mhw-mulx\libgcc.a
START GROUP
LOAD c:/altera/14.1/nios2eds/bin/gnu/h-x86_64-mingw32/bin/../lib/gcc/nios2-elf/4.8.3/../../../../../H-x86_64-mingw32/nios2-elf/lib/mhw-mulx\libc.a
LOAD c:/altera/14.1/nios2eds/bin/gnu/h-x86_64-mingw32/bin/../lib/gcc/nios2-elf/4.8.3/mhw-mulx\libgcc.a
LOAD ../ServoDrive_bsp/\libhal_bsp.a
END GROUP
LOAD c:/altera/14.1/nios2eds/bin/gnu/h-x86_64-mingw32/bin/../lib/gcc/nios2-elf/4.8.3/mhw-mulx\libgcc.a
                0x0000000000008000                __alt_mem_onchip_memory2_0 = 0x8000

.entry          0x0000000000008000       0x20
 *(.entry)
 .entry         0x0000000000008000       0x20 ../ServoDrive_bsp//obj/HAL/src/crt0.o
                0x0000000000008000                __reset

.exceptions     0x0000000000008020        0x0
                0x0000000000008020                PROVIDE (__ram_exceptions_start, ABSOLUTE (.))
                0x0000000000008020                . = ALIGN (0x20)
 *(.irq)
 *(.exceptions.entry.label)
 *(.exceptions.entry.user)
 *(.exceptions.entry.ecc_fatal)
 *(.exceptions.entry)
 *(.exceptions.irqtest.user)
 *(.exceptions.irqtest)
 *(.exceptions.irqhandler.user)
 *(.exceptions.irqhandler)
 *(.exceptions.irqreturn.user)
 *(.exceptions.irqreturn)
 *(.exceptions.notirq.label)
 *(.exceptions.notirq.user)
 *(.exceptions.notirq)
 *(.exceptions.soft.user)
 *(.exceptions.soft)
 *(.exceptions.unknown.user)
 *(.exceptions.unknown)
 *(.exceptions.exit.label)
 *(.exceptions.exit.user)
 *(.exceptions.exit)
 *(.exceptions)
                0x0000000000008020                PROVIDE (__ram_exceptions_end, ABSOLUTE (.))
                0x0000000000008020                PROVIDE (__flash_exceptions_start, LOADADDR (.exceptions))

.text           0x0000000000008020     0x2ad4
                0x0000000000008020                PROVIDE (stext, ABSOLUTE (.))
 *(.interp)
 *(.hash)
 *(.dynsym)
 *(.dynstr)
 *(.gnu.version)
 *(.gnu.version_d)
 *(.gnu.version_r)
 *(.rel.init)
 *(.rela.init)
 *(.rel.text .rel.text.* .rel.gnu.linkonce.t.*)
 *(.rela.text .rela.text.* .rela.gnu.linkonce.t.*)
 *(.rel.fini)
 *(.rela.fini)
 *(.rel.rodata .rel.rodata.* .rel.gnu.linkonce.r.*)
 *(.rela.rodata .rela.rodata.* .rela.gnu.linkonce.r.*)
 *(.rel.data .rel.data.* .rel.gnu.linkonce.d.*)
 *(.rela.data .rela.data.* .rela.gnu.linkonce.d.*)
 *(.rel.tdata .rel.tdata.* .rel.gnu.linkonce.td.*)
 *(.rela.tdata .rela.tdata.* .rela.gnu.linkonce.td.*)
 *(.rel.tbss .rel.tbss.* .rel.gnu.linkonce.tb.*)
 *(.rela.tbss .rela.tbss.* .rela.gnu.linkonce.tb.*)
 *(.rel.ctors)
 *(.rela.ctors)
 *(.rel.dtors)
 *(.rela.dtors)
 *(.rel.got)
 *(.rela.got)
 *(.rel.sdata .rel.sdata.* .rel.gnu.linkonce.s.*)
 *(.rela.sdata .rela.sdata.* .rela.gnu.linkonce.s.*)
 *(.rel.sbss .rel.sbss.* .rel.gnu.linkonce.sb.*)
 *(.rela.sbss .rela.sbss.* .rela.gnu.linkonce.sb.*)
 *(.rel.sdata2 .rel.sdata2.* .rel.gnu.linkonce.s2.*)
 *(.rela.sdata2 .rela.sdata2.* .rela.gnu.linkonce.s2.*)
 *(.rel.sbss2 .rel.sbss2.* .rel.gnu.linkonce.sb2.*)
 *(.rela.sbss2 .rela.sbss2.* .rela.gnu.linkonce.sb2.*)
 *(.rel.bss .rel.bss.* .rel.gnu.linkonce.b.*)
 *(.rela.bss .rela.bss.* .rela.gnu.linkonce.b.*)
 *(.rel.plt)
 *(.rela.plt)
 *(.rel.dyn)
 *(.init)
 *(.plt)
 *(.text .stub .text.* .gnu.linkonce.t.*)
 .text          0x0000000000008020       0x4c ../ServoDrive_bsp//obj/HAL/src/crt0.o
                0x0000000000008020                _start
 .text          0x000000000000806c     0x12a0 obj/default/Servo.o
                0x000000000000806c                SVM
                0x0000000000008810                control_current
                0x0000000000008a94                blocking_polar_control_current
                0x0000000000008b88                main
 .text          0x000000000000930c      0x3ec obj/default/extramath/extramath.o
                0x000000000000930c                fast_atan2
                0x000000000000944c                fast_cossin
                0x0000000000009658                Q_rsqrt
 .text          0x00000000000096f8        0x0 obj/default/extramath/sincostables.o
 .text          0x00000000000096f8      0x114 c:/altera/14.1/nios2eds/bin/gnu/h-x86_64-mingw32/bin/../lib/gcc/nios2-elf/4.8.3/mhw-mulx\libgcc.a(lib2-divmod.o)
                0x0000000000009768                __divsi3
                0x00000000000097b0                __modsi3
                0x00000000000097fc                __udivsi3
                0x0000000000009804                __umodsi3
 .text          0x000000000000980c       0xe4 ../ServoDrive_bsp/\libhal_bsp.a(alt_load.o)
                0x0000000000009870                alt_load
 .text          0x00000000000098f0       0x78 ../ServoDrive_bsp/\libhal_bsp.a(alt_main.o)
                0x00000000000098f0                alt_main
 .text          0x0000000000009968       0xa0 ../ServoDrive_bsp/\libhal_bsp.a(alt_sys_init.o)
                0x00000000000099a0                alt_irq_init
                0x00000000000099d4                alt_sys_init
 .text          0x0000000000009a08       0xc0 ../ServoDrive_bsp/\libhal_bsp.a(altera_avalon_jtag_uart_fd.o)
                0x0000000000009a08                altera_avalon_jtag_uart_read_fd
                0x0000000000009a68                altera_avalon_jtag_uart_write_fd
 .text          0x0000000000009ac8       0xe4 ../ServoDrive_bsp/\libhal_bsp.a(altera_avalon_jtag_uart_read.o)
                0x0000000000009ac8                altera_avalon_jtag_uart_read
 .text          0x0000000000009bac       0x94 ../ServoDrive_bsp/\libhal_bsp.a(altera_avalon_jtag_uart_write.o)
                0x0000000000009bac                altera_avalon_jtag_uart_write
 .text          0x0000000000009c40      0x118 ../ServoDrive_bsp/\libhal_bsp.a(alt_close.o)
                0x0000000000009c90                close
 .text          0x0000000000009d58       0x44 ../ServoDrive_bsp/\libhal_bsp.a(alt_dcache_flush_all.o)
                0x0000000000009d58                alt_dcache_flush_all
 .text          0x0000000000009d9c       0x2c ../ServoDrive_bsp/\libhal_bsp.a(alt_dev.o)
 .text          0x0000000000009dc8       0xf0 ../ServoDrive_bsp/\libhal_bsp.a(alt_dev_llist_insert.o)
                0x0000000000009e18                alt_dev_llist_insert
 .text          0x0000000000009eb8       0x5c ../ServoDrive_bsp/\libhal_bsp.a(alt_do_ctors.o)
                0x0000000000009eb8                _do_ctors
 .text          0x0000000000009f14       0x5c ../ServoDrive_bsp/\libhal_bsp.a(alt_do_dtors.o)
                0x0000000000009f14                _do_dtors
 .text          0x0000000000009f70        0x0 ../ServoDrive_bsp/\libhal_bsp.a(alt_errno.o)
 .text          0x0000000000009f70       0x30 ../ServoDrive_bsp/\libhal_bsp.a(alt_icache_flush_all.o)
                0x0000000000009f70                alt_icache_flush_all
 .text          0x0000000000009fa0      0x138 ../ServoDrive_bsp/\libhal_bsp.a(alt_io_redirect.o)
                0x000000000000a060                alt_io_redirect
 .text          0x000000000000a0d8      0x270 ../ServoDrive_bsp/\libhal_bsp.a(alt_open.o)
                0x000000000000a1f4                open
 .text          0x000000000000a348       0x60 ../ServoDrive_bsp/\libhal_bsp.a(alt_release_fd.o)
                0x000000000000a348                alt_release_fd
 .text          0x000000000000a3a8       0x20 ../ServoDrive_bsp/\libhal_bsp.a(altera_nios2_gen2_irq.o)
                0x000000000000a3a8                altera_nios2_gen2_irq_init
 .text          0x000000000000a3c8       0x90 ../ServoDrive_bsp/\libhal_bsp.a(alt_find_dev.o)
                0x000000000000a3c8                alt_find_dev
 .text          0x000000000000a458      0x114 ../ServoDrive_bsp/\libhal_bsp.a(alt_find_file.o)
                0x000000000000a458                alt_find_file
 .text          0x000000000000a56c       0xb4 ../ServoDrive_bsp/\libhal_bsp.a(alt_get_fd.o)
                0x000000000000a56c                alt_get_fd
 .text          0x000000000000a620       0x8c ../ServoDrive_bsp/\libhal_bsp.a(alt_icache_flush.o)
                0x000000000000a620                alt_icache_flush
 .text          0x000000000000a6ac       0x14 c:/altera/14.1/nios2eds/bin/gnu/h-x86_64-mingw32/bin/../lib/gcc/nios2-elf/4.8.3/../../../../../H-x86_64-mingw32/nios2-elf/lib/mhw-mulx\libc.a(lib_a-atexit.o)
                0x000000000000a6ac                atexit
 .text          0x000000000000a6c0       0x38 c:/altera/14.1/nios2eds/bin/gnu/h-x86_64-mingw32/bin/../lib/gcc/nios2-elf/4.8.3/../../../../../H-x86_64-mingw32/nios2-elf/lib/mhw-mulx\libc.a(lib_a-exit.o)
                0x000000000000a6c0                exit
 .text          0x000000000000a6f8        0x0 c:/altera/14.1/nios2eds/bin/gnu/h-x86_64-mingw32/bin/../lib/gcc/nios2-elf/4.8.3/../../../../../H-x86_64-mingw32/nios2-elf/lib/mhw-mulx\libc.a(lib_a-impure.o)
 .text          0x000000000000a6f8        0x0 c:/altera/14.1/nios2eds/bin/gnu/h-x86_64-mingw32/bin/../lib/gcc/nios2-elf/4.8.3/../../../../../H-x86_64-mingw32/nios2-elf/lib/mhw-mulx\libc.a(lib_a-int_errno.o)
 .text          0x000000000000a6f8       0x7c c:/altera/14.1/nios2eds/bin/gnu/h-x86_64-mingw32/bin/../lib/gcc/nios2-elf/4.8.3/../../../../../H-x86_64-mingw32/nios2-elf/lib/mhw-mulx\libc.a(lib_a-memcmp.o)
                0x000000000000a6f8                memcmp
 .text          0x000000000000a774       0x8c c:/altera/14.1/nios2eds/bin/gnu/h-x86_64-mingw32/bin/../lib/gcc/nios2-elf/4.8.3/../../../../../H-x86_64-mingw32/nios2-elf/lib/mhw-mulx\libc.a(lib_a-strlen.o)
                0x000000000000a774                strlen
 .text          0x000000000000a800      0x11c c:/altera/14.1/nios2eds/bin/gnu/h-x86_64-mingw32/bin/../lib/gcc/nios2-elf/4.8.3/../../../../../H-x86_64-mingw32/nios2-elf/lib/mhw-mulx\libc.a(lib_a-__atexit.o)
                0x000000000000a800                __register_exitproc
 .text          0x000000000000a91c      0x1a4 c:/altera/14.1/nios2eds/bin/gnu/h-x86_64-mingw32/bin/../lib/gcc/nios2-elf/4.8.3/../../../../../H-x86_64-mingw32/nios2-elf/lib/mhw-mulx\libc.a(lib_a-__call_atexit.o)
                0x000000000000a91c                __call_exitprocs
 .text          0x000000000000aac0       0x34 ../ServoDrive_bsp/\libhal_bsp.a(alt_exit.o)
                0x000000000000aac0                _exit
 *(.gnu.warning.*)
 *(.fini)
                0x000000000000aaf4                PROVIDE (__etext, ABSOLUTE (.))
                0x000000000000aaf4                PROVIDE (_etext, ABSOLUTE (.))
                0x000000000000aaf4                PROVIDE (etext, ABSOLUTE (.))
 *(.eh_frame_hdr)
                0x000000000000aaf4                . = ALIGN (0x4)
                0x000000000000aaf4                PROVIDE (__preinit_array_start, ABSOLUTE (.))
 *(.preinit_array)
                0x000000000000aaf4                PROVIDE (__preinit_array_end, ABSOLUTE (.))
                0x000000000000aaf4                PROVIDE (__init_array_start, ABSOLUTE (.))
 *(.init_array)
                0x000000000000aaf4                PROVIDE (__init_array_end, ABSOLUTE (.))
                0x000000000000aaf4                PROVIDE (__fini_array_start, ABSOLUTE (.))
 *(.fini_array)
                0x000000000000aaf4                PROVIDE (__fini_array_end, ABSOLUTE (.))
 *(.eh_frame)
 *(.gcc_except_table .gcc_except_table.*)
 *(.dynamic)
                0x000000000000aaf4                PROVIDE (__CTOR_LIST__, ABSOLUTE (.))
 *(.ctors)
 *(SORT(.ctors.*))
                0x000000000000aaf4                PROVIDE (__CTOR_END__, ABSOLUTE (.))
                0x000000000000aaf4                PROVIDE (__DTOR_LIST__, ABSOLUTE (.))
 *(.dtors)
 *(SORT(.dtors.*))
                0x000000000000aaf4                PROVIDE (__DTOR_END__, ABSOLUTE (.))
 *(.jcr)
                0x000000000000aaf4                . = ALIGN (0x4)

.rodata         0x000000000000aaf4      0x238
                0x000000000000aaf4                PROVIDE (__ram_rodata_start, ABSOLUTE (.))
                0x000000000000aaf4                . = ALIGN (0x4)
 *(.rodata .rodata.* .gnu.linkonce.r.*)
 .rodata        0x000000000000aaf4      0x200 obj/default/extramath/sincostables.o
                0x000000000000aaf4                cospi_table
                0x000000000000abf4                sinpi_table
 .rodata        0x000000000000acf4       0x14 ../ServoDrive_bsp/\libhal_bsp.a(alt_main.o)
 .rodata        0x000000000000ad08       0x14 ../ServoDrive_bsp/\libhal_bsp.a(alt_sys_init.o)
 .rodata        0x000000000000ad1c        0xc ../ServoDrive_bsp/\libhal_bsp.a(alt_dev.o)
 .rodata.str1.4
                0x000000000000ad28        0x4 c:/altera/14.1/nios2eds/bin/gnu/h-x86_64-mingw32/bin/../lib/gcc/nios2-elf/4.8.3/../../../../../H-x86_64-mingw32/nios2-elf/lib/mhw-mulx\libc.a(lib_a-impure.o)
 *(.rodata1)
                0x000000000000ad2c                . = ALIGN (0x4)
                0x000000000000ad2c                PROVIDE (__ram_rodata_end, ABSOLUTE (.))
                0x000000000000aaf4                PROVIDE (__flash_rodata_start, LOADADDR (.rodata))

.rwdata         0x000000000000ad2c      0x670 load address 0x000000000000b39c
                0x000000000000ad2c                PROVIDE (__ram_rwdata_start, ABSOLUTE (.))
                0x000000000000ad2c                . = ALIGN (0x4)
 *(.got.plt)
 *(.got)
 *(.data1)
 *(.data .data.* .gnu.linkonce.d.*)
 .data          0x000000000000ad2c        0x0 ../ServoDrive_bsp//obj/HAL/src/crt0.o
 .data          0x000000000000ad2c        0x0 obj/default/Servo.o
 .data          0x000000000000ad2c        0x0 obj/default/extramath/extramath.o
 .data          0x000000000000ad2c        0x0 obj/default/extramath/sincostables.o
 .data          0x000000000000ad2c        0x0 c:/altera/14.1/nios2eds/bin/gnu/h-x86_64-mingw32/bin/../lib/gcc/nios2-elf/4.8.3/mhw-mulx\libgcc.a(lib2-divmod.o)
 .data          0x000000000000ad2c        0x0 ../ServoDrive_bsp/\libhal_bsp.a(alt_load.o)
 .data          0x000000000000ad2c        0x0 ../ServoDrive_bsp/\libhal_bsp.a(alt_main.o)
 .data          0x000000000000ad2c       0x2c ../ServoDrive_bsp/\libhal_bsp.a(alt_sys_init.o)
 .data          0x000000000000ad58        0x0 ../ServoDrive_bsp/\libhal_bsp.a(altera_avalon_jtag_uart_fd.o)
 .data          0x000000000000ad58        0x0 ../ServoDrive_bsp/\libhal_bsp.a(altera_avalon_jtag_uart_read.o)
 .data          0x000000000000ad58        0x0 ../ServoDrive_bsp/\libhal_bsp.a(altera_avalon_jtag_uart_write.o)
 .data          0x000000000000ad58        0x0 ../ServoDrive_bsp/\libhal_bsp.a(alt_close.o)
 .data          0x000000000000ad58        0x0 ../ServoDrive_bsp/\libhal_bsp.a(alt_dcache_flush_all.o)
 .data          0x000000000000ad58      0x1a8 ../ServoDrive_bsp/\libhal_bsp.a(alt_dev.o)
                0x000000000000ad58                alt_dev_null
                0x000000000000ad80                alt_fd_list
 .data          0x000000000000af00        0x0 ../ServoDrive_bsp/\libhal_bsp.a(alt_dev_llist_insert.o)
 .data          0x000000000000af00        0x0 ../ServoDrive_bsp/\libhal_bsp.a(alt_do_ctors.o)
 .data          0x000000000000af00        0x0 ../ServoDrive_bsp/\libhal_bsp.a(alt_do_dtors.o)
 .data          0x000000000000af00        0x0 ../ServoDrive_bsp/\libhal_bsp.a(alt_errno.o)
 .data          0x000000000000af00        0x0 ../ServoDrive_bsp/\libhal_bsp.a(alt_icache_flush_all.o)
 .data          0x000000000000af00        0x0 ../ServoDrive_bsp/\libhal_bsp.a(alt_io_redirect.o)
 .data          0x000000000000af00        0x0 ../ServoDrive_bsp/\libhal_bsp.a(alt_open.o)
 .data          0x000000000000af00        0x0 ../ServoDrive_bsp/\libhal_bsp.a(alt_release_fd.o)
 .data          0x000000000000af00        0x0 ../ServoDrive_bsp/\libhal_bsp.a(altera_nios2_gen2_irq.o)
 .data          0x000000000000af00        0x0 ../ServoDrive_bsp/\libhal_bsp.a(alt_find_dev.o)
 .data          0x000000000000af00        0x0 ../ServoDrive_bsp/\libhal_bsp.a(alt_find_file.o)
 .data          0x000000000000af00        0x0 ../ServoDrive_bsp/\libhal_bsp.a(alt_get_fd.o)
 .data          0x000000000000af00        0x0 ../ServoDrive_bsp/\libhal_bsp.a(alt_icache_flush.o)
 .data          0x000000000000af00        0x0 c:/altera/14.1/nios2eds/bin/gnu/h-x86_64-mingw32/bin/../lib/gcc/nios2-elf/4.8.3/../../../../../H-x86_64-mingw32/nios2-elf/lib/mhw-mulx\libc.a(lib_a-atexit.o)
 .data          0x000000000000af00        0x0 c:/altera/14.1/nios2eds/bin/gnu/h-x86_64-mingw32/bin/../lib/gcc/nios2-elf/4.8.3/../../../../../H-x86_64-mingw32/nios2-elf/lib/mhw-mulx\libc.a(lib_a-exit.o)
 .data          0x000000000000af00      0x424 c:/altera/14.1/nios2eds/bin/gnu/h-x86_64-mingw32/bin/../lib/gcc/nios2-elf/4.8.3/../../../../../H-x86_64-mingw32/nios2-elf/lib/mhw-mulx\libc.a(lib_a-impure.o)
 .data          0x000000000000b324        0x0 c:/altera/14.1/nios2eds/bin/gnu/h-x86_64-mingw32/bin/../lib/gcc/nios2-elf/4.8.3/../../../../../H-x86_64-mingw32/nios2-elf/lib/mhw-mulx\libc.a(lib_a-int_errno.o)
 .data          0x000000000000b324        0x0 c:/altera/14.1/nios2eds/bin/gnu/h-x86_64-mingw32/bin/../lib/gcc/nios2-elf/4.8.3/../../../../../H-x86_64-mingw32/nios2-elf/lib/mhw-mulx\libc.a(lib_a-memcmp.o)
 .data          0x000000000000b324        0x0 c:/altera/14.1/nios2eds/bin/gnu/h-x86_64-mingw32/bin/../lib/gcc/nios2-elf/4.8.3/../../../../../H-x86_64-mingw32/nios2-elf/lib/mhw-mulx\libc.a(lib_a-strlen.o)
 .data          0x000000000000b324        0x0 c:/altera/14.1/nios2eds/bin/gnu/h-x86_64-mingw32/bin/../lib/gcc/nios2-elf/4.8.3/../../../../../H-x86_64-mingw32/nios2-elf/lib/mhw-mulx\libc.a(lib_a-__atexit.o)
 .data          0x000000000000b324        0x0 c:/altera/14.1/nios2eds/bin/gnu/h-x86_64-mingw32/bin/../lib/gcc/nios2-elf/4.8.3/../../../../../H-x86_64-mingw32/nios2-elf/lib/mhw-mulx\libc.a(lib_a-__call_atexit.o)
 .data          0x000000000000b324        0x0 ../ServoDrive_bsp/\libhal_bsp.a(alt_exit.o)
                0x0000000000013324                _gp = ABSOLUTE ((. + 0x8000))
                0x0000000000013324                PROVIDE (gp, _gp)
 *(.rwdata .rwdata.*)
 *(.sdata .sdata.* .gnu.linkonce.s.*)
 .sdata         0x000000000000b324       0x4c obj/default/Servo.o
 .sdata         0x000000000000b370        0xc obj/default/extramath/extramath.o
 .sdata         0x000000000000b37c       0x14 ../ServoDrive_bsp/\libhal_bsp.a(alt_dev.o)
                0x000000000000b37c                alt_fs_list
                0x000000000000b384                alt_dev_list
                0x000000000000b38c                alt_max_fd
 .sdata         0x000000000000b390        0x4 ../ServoDrive_bsp/\libhal_bsp.a(alt_errno.o)
                0x000000000000b390                alt_errno
 .sdata         0x000000000000b394        0x8 c:/altera/14.1/nios2eds/bin/gnu/h-x86_64-mingw32/bin/../lib/gcc/nios2-elf/4.8.3/../../../../../H-x86_64-mingw32/nios2-elf/lib/mhw-mulx\libc.a(lib_a-impure.o)
                0x000000000000b394                _global_impure_ptr
                0x000000000000b398                _impure_ptr
 *(.sdata2 .sdata2.* .gnu.linkonce.s2.*)
                0x000000000000b39c                . = ALIGN (0x4)
                0x000000000000b39c                _edata = ABSOLUTE (.)
                0x000000000000b39c                PROVIDE (edata, ABSOLUTE (.))
                0x000000000000b39c                PROVIDE (__ram_rwdata_end, ABSOLUTE (.))
                0x000000000000b39c                PROVIDE (__flash_rwdata_start, LOADADDR (.rwdata))

.bss            0x000000000000ba0c       0x2c
                0x000000000000ba0c                __bss_start = ABSOLUTE (.)
                0x000000000000ba0c                PROVIDE (__sbss_start, ABSOLUTE (.))
                0x000000000000ba0c                PROVIDE (___sbss_start, ABSOLUTE (.))
 *(.dynsbss)
 *(.sbss .sbss.* .gnu.linkonce.sb.*)
 .sbss          0x000000000000ba0c       0x1c obj/default/Servo.o
 .sbss          0x000000000000ba28        0xc ../ServoDrive_bsp/\libhal_bsp.a(alt_main.o)
                0x000000000000ba28                alt_argc
                0x000000000000ba2c                alt_argv
                0x000000000000ba30                alt_envp
 .sbss          0x000000000000ba34        0x4 c:/altera/14.1/nios2eds/bin/gnu/h-x86_64-mingw32/bin/../lib/gcc/nios2-elf/4.8.3/../../../../../H-x86_64-mingw32/nios2-elf/lib/mhw-mulx\libc.a(lib_a-int_errno.o)
                0x000000000000ba34                errno
 *(.sbss2 .sbss2.* .gnu.linkonce.sb2.*)
 *(.scommon)
                0x000000000000ba38                PROVIDE (__sbss_end, ABSOLUTE (.))
                0x000000000000ba38                PROVIDE (___sbss_end, ABSOLUTE (.))
 *(.dynbss)
 *(.bss .bss.* .gnu.linkonce.b.*)
 .bss           0x000000000000ba38        0x0 ../ServoDrive_bsp//obj/HAL/src/crt0.o
 .bss           0x000000000000ba38        0x0 obj/default/Servo.o
 .bss           0x000000000000ba38        0x0 obj/default/extramath/extramath.o
 .bss           0x000000000000ba38        0x0 obj/default/extramath/sincostables.o
 .bss           0x000000000000ba38        0x0 c:/altera/14.1/nios2eds/bin/gnu/h-x86_64-mingw32/bin/../lib/gcc/nios2-elf/4.8.3/mhw-mulx\libgcc.a(lib2-divmod.o)
 .bss           0x000000000000ba38        0x0 ../ServoDrive_bsp/\libhal_bsp.a(alt_load.o)
 .bss           0x000000000000ba38        0x0 ../ServoDrive_bsp/\libhal_bsp.a(alt_main.o)
 .bss           0x000000000000ba38        0x0 ../ServoDrive_bsp/\libhal_bsp.a(alt_sys_init.o)
 .bss           0x000000000000ba38        0x0 ../ServoDrive_bsp/\libhal_bsp.a(altera_avalon_jtag_uart_fd.o)
 .bss           0x000000000000ba38        0x0 ../ServoDrive_bsp/\libhal_bsp.a(altera_avalon_jtag_uart_read.o)
 .bss           0x000000000000ba38        0x0 ../ServoDrive_bsp/\libhal_bsp.a(altera_avalon_jtag_uart_write.o)
 .bss           0x000000000000ba38        0x0 ../ServoDrive_bsp/\libhal_bsp.a(alt_close.o)
 .bss           0x000000000000ba38        0x0 ../ServoDrive_bsp/\libhal_bsp.a(alt_dcache_flush_all.o)
 .bss           0x000000000000ba38        0x0 ../ServoDrive_bsp/\libhal_bsp.a(alt_dev.o)
 .bss           0x000000000000ba38        0x0 ../ServoDrive_bsp/\libhal_bsp.a(alt_dev_llist_insert.o)
 .bss           0x000000000000ba38        0x0 ../ServoDrive_bsp/\libhal_bsp.a(alt_do_ctors.o)
 .bss           0x000000000000ba38        0x0 ../ServoDrive_bsp/\libhal_bsp.a(alt_do_dtors.o)
 .bss           0x000000000000ba38        0x0 ../ServoDrive_bsp/\libhal_bsp.a(alt_errno.o)
 .bss           0x000000000000ba38        0x0 ../ServoDrive_bsp/\libhal_bsp.a(alt_icache_flush_all.o)
 .bss           0x000000000000ba38        0x0 ../ServoDrive_bsp/\libhal_bsp.a(alt_io_redirect.o)
 .bss           0x000000000000ba38        0x0 ../ServoDrive_bsp/\libhal_bsp.a(alt_open.o)
 .bss           0x000000000000ba38        0x0 ../ServoDrive_bsp/\libhal_bsp.a(alt_release_fd.o)
 .bss           0x000000000000ba38        0x0 ../ServoDrive_bsp/\libhal_bsp.a(altera_nios2_gen2_irq.o)
 .bss           0x000000000000ba38        0x0 ../ServoDrive_bsp/\libhal_bsp.a(alt_find_dev.o)
 .bss           0x000000000000ba38        0x0 ../ServoDrive_bsp/\libhal_bsp.a(alt_find_file.o)
 .bss           0x000000000000ba38        0x0 ../ServoDrive_bsp/\libhal_bsp.a(alt_get_fd.o)
 .bss           0x000000000000ba38        0x0 ../ServoDrive_bsp/\libhal_bsp.a(alt_icache_flush.o)
 .bss           0x000000000000ba38        0x0 c:/altera/14.1/nios2eds/bin/gnu/h-x86_64-mingw32/bin/../lib/gcc/nios2-elf/4.8.3/../../../../../H-x86_64-mingw32/nios2-elf/lib/mhw-mulx\libc.a(lib_a-atexit.o)
 .bss           0x000000000000ba38        0x0 c:/altera/14.1/nios2eds/bin/gnu/h-x86_64-mingw32/bin/../lib/gcc/nios2-elf/4.8.3/../../../../../H-x86_64-mingw32/nios2-elf/lib/mhw-mulx\libc.a(lib_a-exit.o)
 .bss           0x000000000000ba38        0x0 c:/altera/14.1/nios2eds/bin/gnu/h-x86_64-mingw32/bin/../lib/gcc/nios2-elf/4.8.3/../../../../../H-x86_64-mingw32/nios2-elf/lib/mhw-mulx\libc.a(lib_a-impure.o)
 .bss           0x000000000000ba38        0x0 c:/altera/14.1/nios2eds/bin/gnu/h-x86_64-mingw32/bin/../lib/gcc/nios2-elf/4.8.3/../../../../../H-x86_64-mingw32/nios2-elf/lib/mhw-mulx\libc.a(lib_a-int_errno.o)
 .bss           0x000000000000ba38        0x0 c:/altera/14.1/nios2eds/bin/gnu/h-x86_64-mingw32/bin/../lib/gcc/nios2-elf/4.8.3/../../../../../H-x86_64-mingw32/nios2-elf/lib/mhw-mulx\libc.a(lib_a-memcmp.o)
 .bss           0x000000000000ba38        0x0 c:/altera/14.1/nios2eds/bin/gnu/h-x86_64-mingw32/bin/../lib/gcc/nios2-elf/4.8.3/../../../../../H-x86_64-mingw32/nios2-elf/lib/mhw-mulx\libc.a(lib_a-strlen.o)
 .bss           0x000000000000ba38        0x0 c:/altera/14.1/nios2eds/bin/gnu/h-x86_64-mingw32/bin/../lib/gcc/nios2-elf/4.8.3/../../../../../H-x86_64-mingw32/nios2-elf/lib/mhw-mulx\libc.a(lib_a-__atexit.o)
 .bss           0x000000000000ba38        0x0 c:/altera/14.1/nios2eds/bin/gnu/h-x86_64-mingw32/bin/../lib/gcc/nios2-elf/4.8.3/../../../../../H-x86_64-mingw32/nios2-elf/lib/mhw-mulx\libc.a(lib_a-__call_atexit.o)
 .bss           0x000000000000ba38        0x0 ../ServoDrive_bsp/\libhal_bsp.a(alt_exit.o)
 *(COMMON)
                0x000000000000ba38                . = ALIGN (0x4)
                0x000000000000ba38                __bss_end = ABSOLUTE (.)

.onchip_memory2_0
                0x000000000000ba38        0x0
                0x000000000000ba38                PROVIDE (_alt_partition_onchip_memory2_0_start, ABSOLUTE (.))
 *(.onchip_memory2_0 .onchip_memory2_0. onchip_memory2_0.*)
                0x000000000000ba38                . = ALIGN (0x4)
                0x000000000000ba38                PROVIDE (_alt_partition_onchip_memory2_0_end, ABSOLUTE (.))
                0x000000000000ba38                _end = ABSOLUTE (.)
                0x000000000000ba38                end = ABSOLUTE (.)
                0x000000000000ba38                __alt_stack_base = ABSOLUTE (.)
                0x000000000000ba38                PROVIDE (_alt_partition_onchip_memory2_0_load_addr, LOADADDR (.onchip_memory2_0))

.stab
 *(.stab)

.stabstr
 *(.stabstr)

.stab.excl
 *(.stab.excl)

.stab.exclstr
 *(.stab.exclstr)

.stab.index
 *(.stab.index)

.stab.indexstr
 *(.stab.indexstr)

.comment        0x0000000000000000       0x39
 *(.comment)
 .comment       0x0000000000000000       0x39 obj/default/Servo.o
                                         0x3a (size before relaxing)
 .comment       0x0000000000000000       0x3a obj/default/extramath/extramath.o
 .comment       0x0000000000000000       0x3a obj/default/extramath/sincostables.o
 .comment       0x0000000000000000       0x3a c:/altera/14.1/nios2eds/bin/gnu/h-x86_64-mingw32/bin/../lib/gcc/nios2-elf/4.8.3/mhw-mulx\libgcc.a(lib2-divmod.o)
 .comment       0x0000000000000000       0x3a ../ServoDrive_bsp/\libhal_bsp.a(alt_load.o)
 .comment       0x0000000000000000       0x3a ../ServoDrive_bsp/\libhal_bsp.a(alt_main.o)
 .comment       0x0000000000000000       0x3a ../ServoDrive_bsp/\libhal_bsp.a(alt_sys_init.o)
 .comment       0x0000000000000000       0x3a ../ServoDrive_bsp/\libhal_bsp.a(altera_avalon_jtag_uart_fd.o)
 .comment       0x0000000000000000       0x3a ../ServoDrive_bsp/\libhal_bsp.a(altera_avalon_jtag_uart_read.o)
 .comment       0x0000000000000000       0x3a ../ServoDrive_bsp/\libhal_bsp.a(altera_avalon_jtag_uart_write.o)
 .comment       0x0000000000000000       0x3a ../ServoDrive_bsp/\libhal_bsp.a(alt_close.o)
 .comment       0x0000000000000000       0x3a ../ServoDrive_bsp/\libhal_bsp.a(alt_dcache_flush_all.o)
 .comment       0x0000000000000000       0x3a ../ServoDrive_bsp/\libhal_bsp.a(alt_dev.o)
 .comment       0x0000000000000000       0x3a ../ServoDrive_bsp/\libhal_bsp.a(alt_dev_llist_insert.o)
 .comment       0x0000000000000000       0x3a ../ServoDrive_bsp/\libhal_bsp.a(alt_do_ctors.o)
 .comment       0x0000000000000000       0x3a ../ServoDrive_bsp/\libhal_bsp.a(alt_do_dtors.o)
 .comment       0x0000000000000000       0x3a ../ServoDrive_bsp/\libhal_bsp.a(alt_errno.o)
 .comment       0x0000000000000000       0x3a ../ServoDrive_bsp/\libhal_bsp.a(alt_icache_flush_all.o)
 .comment       0x0000000000000000       0x3a ../ServoDrive_bsp/\libhal_bsp.a(alt_io_redirect.o)
 .comment       0x0000000000000000       0x3a ../ServoDrive_bsp/\libhal_bsp.a(alt_open.o)
 .comment       0x0000000000000000       0x3a ../ServoDrive_bsp/\libhal_bsp.a(alt_release_fd.o)
 .comment       0x0000000000000000       0x3a ../ServoDrive_bsp/\libhal_bsp.a(altera_nios2_gen2_irq.o)
 .comment       0x0000000000000000       0x3a ../ServoDrive_bsp/\libhal_bsp.a(alt_find_dev.o)
 .comment       0x0000000000000000       0x3a ../ServoDrive_bsp/\libhal_bsp.a(alt_find_file.o)
 .comment       0x0000000000000000       0x3a ../ServoDrive_bsp/\libhal_bsp.a(alt_get_fd.o)
 .comment       0x0000000000000000       0x3a ../ServoDrive_bsp/\libhal_bsp.a(alt_icache_flush.o)
 .comment       0x0000000000000000       0x3a c:/altera/14.1/nios2eds/bin/gnu/h-x86_64-mingw32/bin/../lib/gcc/nios2-elf/4.8.3/../../../../../H-x86_64-mingw32/nios2-elf/lib/mhw-mulx\libc.a(lib_a-atexit.o)
 .comment       0x0000000000000000       0x3a c:/altera/14.1/nios2eds/bin/gnu/h-x86_64-mingw32/bin/../lib/gcc/nios2-elf/4.8.3/../../../../../H-x86_64-mingw32/nios2-elf/lib/mhw-mulx\libc.a(lib_a-exit.o)
 .comment       0x0000000000000000       0x3a c:/altera/14.1/nios2eds/bin/gnu/h-x86_64-mingw32/bin/../lib/gcc/nios2-elf/4.8.3/../../../../../H-x86_64-mingw32/nios2-elf/lib/mhw-mulx\libc.a(lib_a-impure.o)
 .comment       0x0000000000000000       0x3a c:/altera/14.1/nios2eds/bin/gnu/h-x86_64-mingw32/bin/../lib/gcc/nios2-elf/4.8.3/../../../../../H-x86_64-mingw32/nios2-elf/lib/mhw-mulx\libc.a(lib_a-int_errno.o)
 .comment       0x0000000000000000       0x3a c:/altera/14.1/nios2eds/bin/gnu/h-x86_64-mingw32/bin/../lib/gcc/nios2-elf/4.8.3/../../../../../H-x86_64-mingw32/nios2-elf/lib/mhw-mulx\libc.a(lib_a-memcmp.o)
 .comment       0x0000000000000000       0x3a c:/altera/14.1/nios2eds/bin/gnu/h-x86_64-mingw32/bin/../lib/gcc/nios2-elf/4.8.3/../../../../../H-x86_64-mingw32/nios2-elf/lib/mhw-mulx\libc.a(lib_a-strlen.o)
 .comment       0x0000000000000000       0x3a c:/altera/14.1/nios2eds/bin/gnu/h-x86_64-mingw32/bin/../lib/gcc/nios2-elf/4.8.3/../../../../../H-x86_64-mingw32/nios2-elf/lib/mhw-mulx\libc.a(lib_a-__atexit.o)
 .comment       0x0000000000000000       0x3a c:/altera/14.1/nios2eds/bin/gnu/h-x86_64-mingw32/bin/../lib/gcc/nios2-elf/4.8.3/../../../../../H-x86_64-mingw32/nios2-elf/lib/mhw-mulx\libc.a(lib_a-__call_atexit.o)
 .comment       0x0000000000000000       0x3a ../ServoDrive_bsp/\libhal_bsp.a(alt_exit.o)

.debug
 *(.debug)

.line
 *(.line)

.debug_srcinfo
 *(.debug_srcinfo)

.debug_sfnames
 *(.debug_sfnames)

.debug_aranges  0x0000000000000000      0x468
 *(.debug_aranges)
 .debug_aranges
                0x0000000000000000       0x28 ../ServoDrive_bsp//obj/HAL/src/crt0.o
 .debug_aranges
                0x0000000000000028       0x20 obj/default/Servo.o
 .debug_aranges
                0x0000000000000048       0x20 obj/default/extramath/extramath.o
 .debug_aranges
                0x0000000000000068       0x18 obj/default/extramath/sincostables.o
 .debug_aranges
                0x0000000000000080       0x20 c:/altera/14.1/nios2eds/bin/gnu/h-x86_64-mingw32/bin/../lib/gcc/nios2-elf/4.8.3/mhw-mulx\libgcc.a(lib2-divmod.o)
 .debug_aranges
                0x00000000000000a0       0x20 ../ServoDrive_bsp/\libhal_bsp.a(alt_load.o)
 .debug_aranges
                0x00000000000000c0       0x20 ../ServoDrive_bsp/\libhal_bsp.a(alt_main.o)
 .debug_aranges
                0x00000000000000e0       0x20 ../ServoDrive_bsp/\libhal_bsp.a(alt_sys_init.o)
 .debug_aranges
                0x0000000000000100       0x20 ../ServoDrive_bsp/\libhal_bsp.a(altera_avalon_jtag_uart_fd.o)
 .debug_aranges
                0x0000000000000120       0x20 ../ServoDrive_bsp/\libhal_bsp.a(altera_avalon_jtag_uart_read.o)
 .debug_aranges
                0x0000000000000140       0x20 ../ServoDrive_bsp/\libhal_bsp.a(altera_avalon_jtag_uart_write.o)
 .debug_aranges
                0x0000000000000160       0x20 ../ServoDrive_bsp/\libhal_bsp.a(alt_close.o)
 .debug_aranges
                0x0000000000000180       0x20 ../ServoDrive_bsp/\libhal_bsp.a(alt_dcache_flush_all.o)
 .debug_aranges
                0x00000000000001a0       0x20 ../ServoDrive_bsp/\libhal_bsp.a(alt_dev.o)
 .debug_aranges
                0x00000000000001c0       0x20 ../ServoDrive_bsp/\libhal_bsp.a(alt_dev_llist_insert.o)
 .debug_aranges
                0x00000000000001e0       0x20 ../ServoDrive_bsp/\libhal_bsp.a(alt_do_ctors.o)
 .debug_aranges
                0x0000000000000200       0x20 ../ServoDrive_bsp/\libhal_bsp.a(alt_do_dtors.o)
 .debug_aranges
                0x0000000000000220       0x18 ../ServoDrive_bsp/\libhal_bsp.a(alt_errno.o)
 .debug_aranges
                0x0000000000000238       0x20 ../ServoDrive_bsp/\libhal_bsp.a(alt_icache_flush_all.o)
 .debug_aranges
                0x0000000000000258       0x20 ../ServoDrive_bsp/\libhal_bsp.a(alt_io_redirect.o)
 .debug_aranges
                0x0000000000000278       0x20 ../ServoDrive_bsp/\libhal_bsp.a(alt_open.o)
 .debug_aranges
                0x0000000000000298       0x20 ../ServoDrive_bsp/\libhal_bsp.a(alt_release_fd.o)
 .debug_aranges
                0x00000000000002b8       0x20 ../ServoDrive_bsp/\libhal_bsp.a(altera_nios2_gen2_irq.o)
 .debug_aranges
                0x00000000000002d8       0x20 ../ServoDrive_bsp/\libhal_bsp.a(alt_find_dev.o)
 .debug_aranges
                0x00000000000002f8       0x20 ../ServoDrive_bsp/\libhal_bsp.a(alt_find_file.o)
 .debug_aranges
                0x0000000000000318       0x20 ../ServoDrive_bsp/\libhal_bsp.a(alt_get_fd.o)
 .debug_aranges
                0x0000000000000338       0x20 ../ServoDrive_bsp/\libhal_bsp.a(alt_icache_flush.o)
 .debug_aranges
                0x0000000000000358       0x20 c:/altera/14.1/nios2eds/bin/gnu/h-x86_64-mingw32/bin/../lib/gcc/nios2-elf/4.8.3/../../../../../H-x86_64-mingw32/nios2-elf/lib/mhw-mulx\libc.a(lib_a-atexit.o)
 .debug_aranges
                0x0000000000000378       0x20 c:/altera/14.1/nios2eds/bin/gnu/h-x86_64-mingw32/bin/../lib/gcc/nios2-elf/4.8.3/../../../../../H-x86_64-mingw32/nios2-elf/lib/mhw-mulx\libc.a(lib_a-exit.o)
 .debug_aranges
                0x0000000000000398       0x18 c:/altera/14.1/nios2eds/bin/gnu/h-x86_64-mingw32/bin/../lib/gcc/nios2-elf/4.8.3/../../../../../H-x86_64-mingw32/nios2-elf/lib/mhw-mulx\libc.a(lib_a-impure.o)
 .debug_aranges
                0x00000000000003b0       0x18 c:/altera/14.1/nios2eds/bin/gnu/h-x86_64-mingw32/bin/../lib/gcc/nios2-elf/4.8.3/../../../../../H-x86_64-mingw32/nios2-elf/lib/mhw-mulx\libc.a(lib_a-int_errno.o)
 .debug_aranges
                0x00000000000003c8       0x20 c:/altera/14.1/nios2eds/bin/gnu/h-x86_64-mingw32/bin/../lib/gcc/nios2-elf/4.8.3/../../../../../H-x86_64-mingw32/nios2-elf/lib/mhw-mulx\libc.a(lib_a-memcmp.o)
 .debug_aranges
                0x00000000000003e8       0x20 c:/altera/14.1/nios2eds/bin/gnu/h-x86_64-mingw32/bin/../lib/gcc/nios2-elf/4.8.3/../../../../../H-x86_64-mingw32/nios2-elf/lib/mhw-mulx\libc.a(lib_a-strlen.o)
 .debug_aranges
                0x0000000000000408       0x20 c:/altera/14.1/nios2eds/bin/gnu/h-x86_64-mingw32/bin/../lib/gcc/nios2-elf/4.8.3/../../../../../H-x86_64-mingw32/nios2-elf/lib/mhw-mulx\libc.a(lib_a-__atexit.o)
 .debug_aranges
                0x0000000000000428       0x20 c:/altera/14.1/nios2eds/bin/gnu/h-x86_64-mingw32/bin/../lib/gcc/nios2-elf/4.8.3/../../../../../H-x86_64-mingw32/nios2-elf/lib/mhw-mulx\libc.a(lib_a-__call_atexit.o)
 .debug_aranges
                0x0000000000000448       0x20 ../ServoDrive_bsp/\libhal_bsp.a(alt_exit.o)

.debug_pubnames
 *(.debug_pubnames)

.debug_info     0x0000000000000000     0x6477
 *(.debug_info .gnu.linkonce.wi.*)
 .debug_info    0x0000000000000000       0x70 ../ServoDrive_bsp//obj/HAL/src/crt0.o
 .debug_info    0x0000000000000070      0x7ae obj/default/Servo.o
 .debug_info    0x000000000000081e      0x2dd obj/default/extramath/extramath.o
 .debug_info    0x0000000000000afb       0x68 obj/default/extramath/sincostables.o
 .debug_info    0x0000000000000b63      0x270 c:/altera/14.1/nios2eds/bin/gnu/h-x86_64-mingw32/bin/../lib/gcc/nios2-elf/4.8.3/mhw-mulx\libgcc.a(lib2-divmod.o)
 .debug_info    0x0000000000000dd3      0x13e ../ServoDrive_bsp/\libhal_bsp.a(alt_load.o)
 .debug_info    0x0000000000000f11      0x12a ../ServoDrive_bsp/\libhal_bsp.a(alt_main.o)
 .debug_info    0x000000000000103b      0x3c2 ../ServoDrive_bsp/\libhal_bsp.a(alt_sys_init.o)
 .debug_info    0x00000000000013fd      0x3a0 ../ServoDrive_bsp/\libhal_bsp.a(altera_avalon_jtag_uart_fd.o)
 .debug_info    0x000000000000179d      0x1af ../ServoDrive_bsp/\libhal_bsp.a(altera_avalon_jtag_uart_read.o)
 .debug_info    0x000000000000194c      0x18e ../ServoDrive_bsp/\libhal_bsp.a(altera_avalon_jtag_uart_write.o)
 .debug_info    0x0000000000001ada      0x31a ../ServoDrive_bsp/\libhal_bsp.a(alt_close.o)
 .debug_info    0x0000000000001df4       0x9e ../ServoDrive_bsp/\libhal_bsp.a(alt_dcache_flush_all.o)
 .debug_info    0x0000000000001e92      0x495 ../ServoDrive_bsp/\libhal_bsp.a(alt_dev.o)
 .debug_info    0x0000000000002327      0x1a2 ../ServoDrive_bsp/\libhal_bsp.a(alt_dev_llist_insert.o)
 .debug_info    0x00000000000024c9       0x83 ../ServoDrive_bsp/\libhal_bsp.a(alt_do_ctors.o)
 .debug_info    0x000000000000254c       0x83 ../ServoDrive_bsp/\libhal_bsp.a(alt_do_dtors.o)
 .debug_info    0x00000000000025cf       0x9f ../ServoDrive_bsp/\libhal_bsp.a(alt_errno.o)
 .debug_info    0x000000000000266e       0x8b ../ServoDrive_bsp/\libhal_bsp.a(alt_icache_flush_all.o)
 .debug_info    0x00000000000026f9      0x49e ../ServoDrive_bsp/\libhal_bsp.a(alt_io_redirect.o)
 .debug_info    0x0000000000002b97      0x3b4 ../ServoDrive_bsp/\libhal_bsp.a(alt_open.o)
 .debug_info    0x0000000000002f4b      0x2b0 ../ServoDrive_bsp/\libhal_bsp.a(alt_release_fd.o)
 .debug_info    0x00000000000031fb       0x8b ../ServoDrive_bsp/\libhal_bsp.a(altera_nios2_gen2_irq.o)
 .debug_info    0x0000000000003286      0x2e2 ../ServoDrive_bsp/\libhal_bsp.a(alt_find_dev.o)
 .debug_info    0x0000000000003568      0x2df ../ServoDrive_bsp/\libhal_bsp.a(alt_find_file.o)
 .debug_info    0x0000000000003847      0x309 ../ServoDrive_bsp/\libhal_bsp.a(alt_get_fd.o)
 .debug_info    0x0000000000003b50       0xd5 ../ServoDrive_bsp/\libhal_bsp.a(alt_icache_flush.o)
 .debug_info    0x0000000000003c25      0x10a c:/altera/14.1/nios2eds/bin/gnu/h-x86_64-mingw32/bin/../lib/gcc/nios2-elf/4.8.3/../../../../../H-x86_64-mingw32/nios2-elf/lib/mhw-mulx\libc.a(lib_a-atexit.o)
 .debug_info    0x0000000000003d2f      0x8df c:/altera/14.1/nios2eds/bin/gnu/h-x86_64-mingw32/bin/../lib/gcc/nios2-elf/4.8.3/../../../../../H-x86_64-mingw32/nios2-elf/lib/mhw-mulx\libc.a(lib_a-exit.o)
 .debug_info    0x000000000000460e      0x88f c:/altera/14.1/nios2eds/bin/gnu/h-x86_64-mingw32/bin/../lib/gcc/nios2-elf/4.8.3/../../../../../H-x86_64-mingw32/nios2-elf/lib/mhw-mulx\libc.a(lib_a-impure.o)
 .debug_info    0x0000000000004e9d       0x83 c:/altera/14.1/nios2eds/bin/gnu/h-x86_64-mingw32/bin/../lib/gcc/nios2-elf/4.8.3/../../../../../H-x86_64-mingw32/nios2-elf/lib/mhw-mulx\libc.a(lib_a-int_errno.o)
 .debug_info    0x0000000000004f20      0x113 c:/altera/14.1/nios2eds/bin/gnu/h-x86_64-mingw32/bin/../lib/gcc/nios2-elf/4.8.3/../../../../../H-x86_64-mingw32/nios2-elf/lib/mhw-mulx\libc.a(lib_a-memcmp.o)
 .debug_info    0x0000000000005033       0xdb c:/altera/14.1/nios2eds/bin/gnu/h-x86_64-mingw32/bin/../lib/gcc/nios2-elf/4.8.3/../../../../../H-x86_64-mingw32/nios2-elf/lib/mhw-mulx\libc.a(lib_a-strlen.o)
 .debug_info    0x000000000000510e      0x93b c:/altera/14.1/nios2eds/bin/gnu/h-x86_64-mingw32/bin/../lib/gcc/nios2-elf/4.8.3/../../../../../H-x86_64-mingw32/nios2-elf/lib/mhw-mulx\libc.a(lib_a-__atexit.o)
 .debug_info    0x0000000000005a49      0x949 c:/altera/14.1/nios2eds/bin/gnu/h-x86_64-mingw32/bin/../lib/gcc/nios2-elf/4.8.3/../../../../../H-x86_64-mingw32/nios2-elf/lib/mhw-mulx\libc.a(lib_a-__call_atexit.o)
 .debug_info    0x0000000000006392       0xe5 ../ServoDrive_bsp/\libhal_bsp.a(alt_exit.o)

.debug_abbrev   0x0000000000000000     0x1eef
 *(.debug_abbrev)
 .debug_abbrev  0x0000000000000000       0x12 ../ServoDrive_bsp//obj/HAL/src/crt0.o
 .debug_abbrev  0x0000000000000012      0x14d obj/default/Servo.o
 .debug_abbrev  0x000000000000015f       0xe3 obj/default/extramath/extramath.o
 .debug_abbrev  0x0000000000000242       0x45 obj/default/extramath/sincostables.o
 .debug_abbrev  0x0000000000000287       0xf6 c:/altera/14.1/nios2eds/bin/gnu/h-x86_64-mingw32/bin/../lib/gcc/nios2-elf/4.8.3/mhw-mulx\libgcc.a(lib2-divmod.o)
 .debug_abbrev  0x000000000000037d       0x9f ../ServoDrive_bsp/\libhal_bsp.a(alt_load.o)
 .debug_abbrev  0x000000000000041c       0xba ../ServoDrive_bsp/\libhal_bsp.a(alt_main.o)
 .debug_abbrev  0x00000000000004d6      0x155 ../ServoDrive_bsp/\libhal_bsp.a(alt_sys_init.o)
 .debug_abbrev  0x000000000000062b       0xf7 ../ServoDrive_bsp/\libhal_bsp.a(altera_avalon_jtag_uart_fd.o)
 .debug_abbrev  0x0000000000000722       0xd7 ../ServoDrive_bsp/\libhal_bsp.a(altera_avalon_jtag_uart_read.o)
 .debug_abbrev  0x00000000000007f9       0xd5 ../ServoDrive_bsp/\libhal_bsp.a(altera_avalon_jtag_uart_write.o)
 .debug_abbrev  0x00000000000008ce      0x11f ../ServoDrive_bsp/\libhal_bsp.a(alt_close.o)
 .debug_abbrev  0x00000000000009ed       0x5a ../ServoDrive_bsp/\libhal_bsp.a(alt_dcache_flush_all.o)
 .debug_abbrev  0x0000000000000a47       0xd9 ../ServoDrive_bsp/\libhal_bsp.a(alt_dev.o)
 .debug_abbrev  0x0000000000000b20      0x114 ../ServoDrive_bsp/\libhal_bsp.a(alt_dev_llist_insert.o)
 .debug_abbrev  0x0000000000000c34       0x79 ../ServoDrive_bsp/\libhal_bsp.a(alt_do_ctors.o)
 .debug_abbrev  0x0000000000000cad       0x79 ../ServoDrive_bsp/\libhal_bsp.a(alt_do_dtors.o)
 .debug_abbrev  0x0000000000000d26       0x5a ../ServoDrive_bsp/\libhal_bsp.a(alt_errno.o)
 .debug_abbrev  0x0000000000000d80       0x42 ../ServoDrive_bsp/\libhal_bsp.a(alt_icache_flush_all.o)
 .debug_abbrev  0x0000000000000dc2      0x114 ../ServoDrive_bsp/\libhal_bsp.a(alt_io_redirect.o)
 .debug_abbrev  0x0000000000000ed6      0x148 ../ServoDrive_bsp/\libhal_bsp.a(alt_open.o)
 .debug_abbrev  0x000000000000101e       0xde ../ServoDrive_bsp/\libhal_bsp.a(alt_release_fd.o)
 .debug_abbrev  0x00000000000010fc       0x42 ../ServoDrive_bsp/\libhal_bsp.a(altera_nios2_gen2_irq.o)
 .debug_abbrev  0x000000000000113e       0xf0 ../ServoDrive_bsp/\libhal_bsp.a(alt_find_dev.o)
 .debug_abbrev  0x000000000000122e       0xf0 ../ServoDrive_bsp/\libhal_bsp.a(alt_find_file.o)
 .debug_abbrev  0x000000000000131e      0x10d ../ServoDrive_bsp/\libhal_bsp.a(alt_get_fd.o)
 .debug_abbrev  0x000000000000142b       0x8c ../ServoDrive_bsp/\libhal_bsp.a(alt_icache_flush.o)
 .debug_abbrev  0x00000000000014b7       0xb8 c:/altera/14.1/nios2eds/bin/gnu/h-x86_64-mingw32/bin/../lib/gcc/nios2-elf/4.8.3/../../../../../H-x86_64-mingw32/nios2-elf/lib/mhw-mulx\libc.a(lib_a-atexit.o)
 .debug_abbrev  0x000000000000156f      0x1e6 c:/altera/14.1/nios2eds/bin/gnu/h-x86_64-mingw32/bin/../lib/gcc/nios2-elf/4.8.3/../../../../../H-x86_64-mingw32/nios2-elf/lib/mhw-mulx\libc.a(lib_a-exit.o)
 .debug_abbrev  0x0000000000001755      0x180 c:/altera/14.1/nios2eds/bin/gnu/h-x86_64-mingw32/bin/../lib/gcc/nios2-elf/4.8.3/../../../../../H-x86_64-mingw32/nios2-elf/lib/mhw-mulx\libc.a(lib_a-impure.o)
 .debug_abbrev  0x00000000000018d5       0x37 c:/altera/14.1/nios2eds/bin/gnu/h-x86_64-mingw32/bin/../lib/gcc/nios2-elf/4.8.3/../../../../../H-x86_64-mingw32/nios2-elf/lib/mhw-mulx\libc.a(lib_a-int_errno.o)
 .debug_abbrev  0x000000000000190c       0x7f c:/altera/14.1/nios2eds/bin/gnu/h-x86_64-mingw32/bin/../lib/gcc/nios2-elf/4.8.3/../../../../../H-x86_64-mingw32/nios2-elf/lib/mhw-mulx\libc.a(lib_a-memcmp.o)
 .debug_abbrev  0x000000000000198b       0x90 c:/altera/14.1/nios2eds/bin/gnu/h-x86_64-mingw32/bin/../lib/gcc/nios2-elf/4.8.3/../../../../../H-x86_64-mingw32/nios2-elf/lib/mhw-mulx\libc.a(lib_a-strlen.o)
 .debug_abbrev  0x0000000000001a1b      0x21e c:/altera/14.1/nios2eds/bin/gnu/h-x86_64-mingw32/bin/../lib/gcc/nios2-elf/4.8.3/../../../../../H-x86_64-mingw32/nios2-elf/lib/mhw-mulx\libc.a(lib_a-__atexit.o)
 .debug_abbrev  0x0000000000001c39      0x210 c:/altera/14.1/nios2eds/bin/gnu/h-x86_64-mingw32/bin/../lib/gcc/nios2-elf/4.8.3/../../../../../H-x86_64-mingw32/nios2-elf/lib/mhw-mulx\libc.a(lib_a-__call_atexit.o)
 .debug_abbrev  0x0000000000001e49       0xa6 ../ServoDrive_bsp/\libhal_bsp.a(alt_exit.o)

.debug_line     0x0000000000000000     0x2195
 *(.debug_line)
 .debug_line    0x0000000000000000       0x72 ../ServoDrive_bsp//obj/HAL/src/crt0.o
 .debug_line    0x0000000000000072      0x2ac obj/default/Servo.o
 .debug_line    0x000000000000031e       0xa2 obj/default/extramath/extramath.o
 .debug_line    0x00000000000003c0       0x39 obj/default/extramath/sincostables.o
 .debug_line    0x00000000000003f9       0xce c:/altera/14.1/nios2eds/bin/gnu/h-x86_64-mingw32/bin/../lib/gcc/nios2-elf/4.8.3/mhw-mulx\libgcc.a(lib2-divmod.o)
 .debug_line    0x00000000000004c7       0x91 ../ServoDrive_bsp/\libhal_bsp.a(alt_load.o)
 .debug_line    0x0000000000000558       0xa4 ../ServoDrive_bsp/\libhal_bsp.a(alt_main.o)
 .debug_line    0x00000000000005fc      0x127 ../ServoDrive_bsp/\libhal_bsp.a(alt_sys_init.o)
 .debug_line    0x0000000000000723      0x112 ../ServoDrive_bsp/\libhal_bsp.a(altera_avalon_jtag_uart_fd.o)
 .debug_line    0x0000000000000835      0x103 ../ServoDrive_bsp/\libhal_bsp.a(altera_avalon_jtag_uart_read.o)
 .debug_line    0x0000000000000938       0xf8 ../ServoDrive_bsp/\libhal_bsp.a(altera_avalon_jtag_uart_write.o)
 .debug_line    0x0000000000000a30      0x10a ../ServoDrive_bsp/\libhal_bsp.a(alt_close.o)
 .debug_line    0x0000000000000b3a       0x61 ../ServoDrive_bsp/\libhal_bsp.a(alt_dcache_flush_all.o)
 .debug_line    0x0000000000000b9b       0xc8 ../ServoDrive_bsp/\libhal_bsp.a(alt_dev.o)
 .debug_line    0x0000000000000c63       0xd0 ../ServoDrive_bsp/\libhal_bsp.a(alt_dev_llist_insert.o)
 .debug_line    0x0000000000000d33       0x59 ../ServoDrive_bsp/\libhal_bsp.a(alt_do_ctors.o)
 .debug_line    0x0000000000000d8c       0x59 ../ServoDrive_bsp/\libhal_bsp.a(alt_do_dtors.o)
 .debug_line    0x0000000000000de5       0x51 ../ServoDrive_bsp/\libhal_bsp.a(alt_errno.o)
 .debug_line    0x0000000000000e36       0x50 ../ServoDrive_bsp/\libhal_bsp.a(alt_icache_flush_all.o)
 .debug_line    0x0000000000000e86      0x103 ../ServoDrive_bsp/\libhal_bsp.a(alt_io_redirect.o)
 .debug_line    0x0000000000000f89      0x125 ../ServoDrive_bsp/\libhal_bsp.a(alt_open.o)
 .debug_line    0x00000000000010ae       0xae ../ServoDrive_bsp/\libhal_bsp.a(alt_release_fd.o)
 .debug_line    0x000000000000115c       0x51 ../ServoDrive_bsp/\libhal_bsp.a(altera_nios2_gen2_irq.o)
 .debug_line    0x00000000000011ad       0xb9 ../ServoDrive_bsp/\libhal_bsp.a(alt_find_dev.o)
 .debug_line    0x0000000000001266       0xd5 ../ServoDrive_bsp/\libhal_bsp.a(alt_find_file.o)
 .debug_line    0x000000000000133b       0xd1 ../ServoDrive_bsp/\libhal_bsp.a(alt_get_fd.o)
 .debug_line    0x000000000000140c       0x81 ../ServoDrive_bsp/\libhal_bsp.a(alt_icache_flush.o)
 .debug_line    0x000000000000148d       0xf2 c:/altera/14.1/nios2eds/bin/gnu/h-x86_64-mingw32/bin/../lib/gcc/nios2-elf/4.8.3/../../../../../H-x86_64-mingw32/nios2-elf/lib/mhw-mulx\libc.a(lib_a-atexit.o)
 .debug_line    0x000000000000157f      0x218 c:/altera/14.1/nios2eds/bin/gnu/h-x86_64-mingw32/bin/../lib/gcc/nios2-elf/4.8.3/../../../../../H-x86_64-mingw32/nios2-elf/lib/mhw-mulx\libc.a(lib_a-exit.o)
 .debug_line    0x0000000000001797      0x174 c:/altera/14.1/nios2eds/bin/gnu/h-x86_64-mingw32/bin/../lib/gcc/nios2-elf/4.8.3/../../../../../H-x86_64-mingw32/nios2-elf/lib/mhw-mulx\libc.a(lib_a-impure.o)
 .debug_line    0x000000000000190b       0x60 c:/altera/14.1/nios2eds/bin/gnu/h-x86_64-mingw32/bin/../lib/gcc/nios2-elf/4.8.3/../../../../../H-x86_64-mingw32/nios2-elf/lib/mhw-mulx\libc.a(lib_a-int_errno.o)
 .debug_line    0x000000000000196b      0x18e c:/altera/14.1/nios2eds/bin/gnu/h-x86_64-mingw32/bin/../lib/gcc/nios2-elf/4.8.3/../../../../../H-x86_64-mingw32/nios2-elf/lib/mhw-mulx\libc.a(lib_a-memcmp.o)
 .debug_line    0x0000000000001af9      0x18e c:/altera/14.1/nios2eds/bin/gnu/h-x86_64-mingw32/bin/../lib/gcc/nios2-elf/4.8.3/../../../../../H-x86_64-mingw32/nios2-elf/lib/mhw-mulx\libc.a(lib_a-strlen.o)
 .debug_line    0x0000000000001c87      0x23d c:/altera/14.1/nios2eds/bin/gnu/h-x86_64-mingw32/bin/../lib/gcc/nios2-elf/4.8.3/../../../../../H-x86_64-mingw32/nios2-elf/lib/mhw-mulx\libc.a(lib_a-__atexit.o)
 .debug_line    0x0000000000001ec4      0x260 c:/altera/14.1/nios2eds/bin/gnu/h-x86_64-mingw32/bin/../lib/gcc/nios2-elf/4.8.3/../../../../../H-x86_64-mingw32/nios2-elf/lib/mhw-mulx\libc.a(lib_a-__call_atexit.o)
 .debug_line    0x0000000000002124       0x71 ../ServoDrive_bsp/\libhal_bsp.a(alt_exit.o)

.debug_frame    0x0000000000000000      0x8b8
 *(.debug_frame)
 .debug_frame   0x0000000000000000       0xa4 obj/default/Servo.o
 .debug_frame   0x00000000000000a4       0x7c obj/default/extramath/extramath.o
 .debug_frame   0x0000000000000120       0x80 c:/altera/14.1/nios2eds/bin/gnu/h-x86_64-mingw32/bin/../lib/gcc/nios2-elf/4.8.3/mhw-mulx\libgcc.a(lib2-divmod.o)
 .debug_frame   0x00000000000001a0       0x5c ../ServoDrive_bsp/\libhal_bsp.a(alt_load.o)
 .debug_frame   0x00000000000001fc       0x2c ../ServoDrive_bsp/\libhal_bsp.a(alt_main.o)
 .debug_frame   0x0000000000000228       0x88 ../ServoDrive_bsp/\libhal_bsp.a(alt_sys_init.o)
 .debug_frame   0x00000000000002b0       0x60 ../ServoDrive_bsp/\libhal_bsp.a(altera_avalon_jtag_uart_fd.o)
 .debug_frame   0x0000000000000310       0x34 ../ServoDrive_bsp/\libhal_bsp.a(altera_avalon_jtag_uart_read.o)
 .debug_frame   0x0000000000000344       0x34 ../ServoDrive_bsp/\libhal_bsp.a(altera_avalon_jtag_uart_write.o)
 .debug_frame   0x0000000000000378       0x60 ../ServoDrive_bsp/\libhal_bsp.a(alt_close.o)
 .debug_frame   0x00000000000003d8       0x34 ../ServoDrive_bsp/\libhal_bsp.a(alt_dcache_flush_all.o)
 .debug_frame   0x000000000000040c       0x34 ../ServoDrive_bsp/\libhal_bsp.a(alt_dev.o)
 .debug_frame   0x0000000000000440       0x60 ../ServoDrive_bsp/\libhal_bsp.a(alt_dev_llist_insert.o)
 .debug_frame   0x00000000000004a0       0x38 ../ServoDrive_bsp/\libhal_bsp.a(alt_do_ctors.o)
 .debug_frame   0x00000000000004d8       0x38 ../ServoDrive_bsp/\libhal_bsp.a(alt_do_dtors.o)
 .debug_frame   0x0000000000000510       0x38 ../ServoDrive_bsp/\libhal_bsp.a(alt_icache_flush_all.o)
 .debug_frame   0x0000000000000548       0x60 ../ServoDrive_bsp/\libhal_bsp.a(alt_io_redirect.o)
 .debug_frame   0x00000000000005a8       0x84 ../ServoDrive_bsp/\libhal_bsp.a(alt_open.o)
 .debug_frame   0x000000000000062c       0x34 ../ServoDrive_bsp/\libhal_bsp.a(alt_release_fd.o)
 .debug_frame   0x0000000000000660       0x34 ../ServoDrive_bsp/\libhal_bsp.a(altera_nios2_gen2_irq.o)
 .debug_frame   0x0000000000000694       0x38 ../ServoDrive_bsp/\libhal_bsp.a(alt_find_dev.o)
 .debug_frame   0x00000000000006cc       0x38 ../ServoDrive_bsp/\libhal_bsp.a(alt_find_file.o)
 .debug_frame   0x0000000000000704       0x34 ../ServoDrive_bsp/\libhal_bsp.a(alt_get_fd.o)
 .debug_frame   0x0000000000000738       0x34 ../ServoDrive_bsp/\libhal_bsp.a(alt_icache_flush.o)
 .debug_frame   0x000000000000076c       0x20 c:/altera/14.1/nios2eds/bin/gnu/h-x86_64-mingw32/bin/../lib/gcc/nios2-elf/4.8.3/../../../../../H-x86_64-mingw32/nios2-elf/lib/mhw-mulx\libc.a(lib_a-atexit.o)
 .debug_frame   0x000000000000078c       0x28 c:/altera/14.1/nios2eds/bin/gnu/h-x86_64-mingw32/bin/../lib/gcc/nios2-elf/4.8.3/../../../../../H-x86_64-mingw32/nios2-elf/lib/mhw-mulx\libc.a(lib_a-exit.o)
 .debug_frame   0x00000000000007b4       0x20 c:/altera/14.1/nios2eds/bin/gnu/h-x86_64-mingw32/bin/../lib/gcc/nios2-elf/4.8.3/../../../../../H-x86_64-mingw32/nios2-elf/lib/mhw-mulx\libc.a(lib_a-memcmp.o)
 .debug_frame   0x00000000000007d4       0x20 c:/altera/14.1/nios2eds/bin/gnu/h-x86_64-mingw32/bin/../lib/gcc/nios2-elf/4.8.3/../../../../../H-x86_64-mingw32/nios2-elf/lib/mhw-mulx\libc.a(lib_a-strlen.o)
 .debug_frame   0x00000000000007f4       0x44 c:/altera/14.1/nios2eds/bin/gnu/h-x86_64-mingw32/bin/../lib/gcc/nios2-elf/4.8.3/../../../../../H-x86_64-mingw32/nios2-elf/lib/mhw-mulx\libc.a(lib_a-__atexit.o)
 .debug_frame   0x0000000000000838       0x54 c:/altera/14.1/nios2eds/bin/gnu/h-x86_64-mingw32/bin/../lib/gcc/nios2-elf/4.8.3/../../../../../H-x86_64-mingw32/nios2-elf/lib/mhw-mulx\libc.a(lib_a-__call_atexit.o)
 .debug_frame   0x000000000000088c       0x2c ../ServoDrive_bsp/\libhal_bsp.a(alt_exit.o)

.debug_str      0x0000000000000000     0x18a2
 *(.debug_str)
 .debug_str     0x0000000000000000      0x441 obj/default/Servo.o
                                        0x49a (size before relaxing)
 .debug_str     0x0000000000000441       0xaf obj/default/extramath/extramath.o
                                        0x332 (size before relaxing)
 .debug_str     0x00000000000004f0       0x19 obj/default/extramath/sincostables.o
                                        0x1f1 (size before relaxing)
 .debug_str     0x0000000000000509      0x195 c:/altera/14.1/nios2eds/bin/gnu/h-x86_64-mingw32/bin/../lib/gcc/nios2-elf/4.8.3/mhw-mulx\libgcc.a(lib2-divmod.o)
                                        0x1e0 (size before relaxing)
 .debug_str     0x000000000000069e      0x29d ../ServoDrive_bsp/\libhal_bsp.a(alt_load.o)
                                        0x32f (size before relaxing)
 .debug_str     0x000000000000093b       0x70 ../ServoDrive_bsp/\libhal_bsp.a(alt_main.o)
                                        0x2ba (size before relaxing)
 .debug_str     0x00000000000009ab      0x14c ../ServoDrive_bsp/\libhal_bsp.a(alt_sys_init.o)
                                        0x3f1 (size before relaxing)
 .debug_str     0x0000000000000af7       0x77 ../ServoDrive_bsp/\libhal_bsp.a(altera_avalon_jtag_uart_fd.o)
                                        0x3f2 (size before relaxing)
 .debug_str     0x0000000000000b6e       0x48 ../ServoDrive_bsp/\libhal_bsp.a(altera_avalon_jtag_uart_read.o)
                                        0x33c (size before relaxing)
 .debug_str     0x0000000000000bb6       0x4a ../ServoDrive_bsp/\libhal_bsp.a(altera_avalon_jtag_uart_write.o)
                                        0x332 (size before relaxing)
 .debug_str     0x0000000000000c00       0x44 ../ServoDrive_bsp/\libhal_bsp.a(alt_close.o)
                                        0x328 (size before relaxing)
 .debug_str     0x0000000000000c44       0x34 ../ServoDrive_bsp/\libhal_bsp.a(alt_dcache_flush_all.o)
                                        0x272 (size before relaxing)
 .debug_str     0x0000000000000c78      0x120 ../ServoDrive_bsp/\libhal_bsp.a(alt_dev.o)
                                        0x422 (size before relaxing)
 .debug_str     0x0000000000000d98       0x4b ../ServoDrive_bsp/\libhal_bsp.a(alt_dev_llist_insert.o)
                                        0x2e9 (size before relaxing)
 .debug_str     0x0000000000000de3       0x48 ../ServoDrive_bsp/\libhal_bsp.a(alt_do_ctors.o)
                                        0x1f9 (size before relaxing)
 .debug_str     0x0000000000000e2b       0x4c ../ServoDrive_bsp/\libhal_bsp.a(alt_do_dtors.o)
                                        0x1f8 (size before relaxing)
 .debug_str     0x0000000000000e77       0x14 ../ServoDrive_bsp/\libhal_bsp.a(alt_errno.o)
                                        0x262 (size before relaxing)
 .debug_str     0x0000000000000e8b       0x34 ../ServoDrive_bsp/\libhal_bsp.a(alt_icache_flush_all.o)
                                        0x272 (size before relaxing)
 .debug_str     0x0000000000000ebf       0x56 ../ServoDrive_bsp/\libhal_bsp.a(alt_io_redirect.o)
                                        0x433 (size before relaxing)
 .debug_str     0x0000000000000f15       0x36 ../ServoDrive_bsp/\libhal_bsp.a(alt_open.o)
                                        0x368 (size before relaxing)
 .debug_str     0x0000000000000f4b       0x28 ../ServoDrive_bsp/\libhal_bsp.a(alt_release_fd.o)
                                        0x2fc (size before relaxing)
 .debug_str     0x0000000000000f73       0x3b ../ServoDrive_bsp/\libhal_bsp.a(altera_nios2_gen2_irq.o)
                                        0x279 (size before relaxing)
 .debug_str     0x0000000000000fae       0x24 ../ServoDrive_bsp/\libhal_bsp.a(alt_find_dev.o)
                                        0x309 (size before relaxing)
 .debug_str     0x0000000000000fd2       0x26 ../ServoDrive_bsp/\libhal_bsp.a(alt_find_file.o)
                                        0x317 (size before relaxing)
 .debug_str     0x0000000000000ff8       0x30 ../ServoDrive_bsp/\libhal_bsp.a(alt_get_fd.o)
                                        0x339 (size before relaxing)
 .debug_str     0x0000000000001028       0x2c ../ServoDrive_bsp/\libhal_bsp.a(alt_icache_flush.o)
                                        0x278 (size before relaxing)
 .debug_str     0x0000000000001054      0x167 c:/altera/14.1/nios2eds/bin/gnu/h-x86_64-mingw32/bin/../lib/gcc/nios2-elf/4.8.3/../../../../../H-x86_64-mingw32/nios2-elf/lib/mhw-mulx\libc.a(lib_a-atexit.o)
                                        0x200 (size before relaxing)
 .debug_str     0x00000000000011bb      0x3c5 c:/altera/14.1/nios2eds/bin/gnu/h-x86_64-mingw32/bin/../lib/gcc/nios2-elf/4.8.3/../../../../../H-x86_64-mingw32/nios2-elf/lib/mhw-mulx\libc.a(lib_a-exit.o)
                                        0x596 (size before relaxing)
 .debug_str     0x0000000000001580       0xde c:/altera/14.1/nios2eds/bin/gnu/h-x86_64-mingw32/bin/../lib/gcc/nios2-elf/4.8.3/../../../../../H-x86_64-mingw32/nios2-elf/lib/mhw-mulx\libc.a(lib_a-impure.o)
                                        0x58d (size before relaxing)
 .debug_str     0x000000000000165e       0x40 c:/altera/14.1/nios2eds/bin/gnu/h-x86_64-mingw32/bin/../lib/gcc/nios2-elf/4.8.3/../../../../../H-x86_64-mingw32/nios2-elf/lib/mhw-mulx\libc.a(lib_a-int_errno.o)
                                        0x1bc (size before relaxing)
 .debug_str     0x000000000000169e       0xe2 c:/altera/14.1/nios2eds/bin/gnu/h-x86_64-mingw32/bin/../lib/gcc/nios2-elf/4.8.3/../../../../../H-x86_64-mingw32/nios2-elf/lib/mhw-mulx\libc.a(lib_a-memcmp.o)
                                        0x1c3 (size before relaxing)
 .debug_str     0x0000000000001780       0x52 c:/altera/14.1/nios2eds/bin/gnu/h-x86_64-mingw32/bin/../lib/gcc/nios2-elf/4.8.3/../../../../../H-x86_64-mingw32/nios2-elf/lib/mhw-mulx\libc.a(lib_a-strlen.o)
                                        0x1d6 (size before relaxing)
 .debug_str     0x00000000000017d2       0x4e c:/altera/14.1/nios2eds/bin/gnu/h-x86_64-mingw32/bin/../lib/gcc/nios2-elf/4.8.3/../../../../../H-x86_64-mingw32/nios2-elf/lib/mhw-mulx\libc.a(lib_a-__atexit.o)
                                        0x5e3 (size before relaxing)
 .debug_str     0x0000000000001820       0x58 c:/altera/14.1/nios2eds/bin/gnu/h-x86_64-mingw32/bin/../lib/gcc/nios2-elf/4.8.3/../../../../../H-x86_64-mingw32/nios2-elf/lib/mhw-mulx\libc.a(lib_a-__call_atexit.o)
                                        0x5ac (size before relaxing)
 .debug_str     0x0000000000001878       0x2a ../ServoDrive_bsp/\libhal_bsp.a(alt_exit.o)
                                        0x26e (size before relaxing)

.debug_loc      0x0000000000000000      0x7da
 *(.debug_loc)
 .debug_loc     0x0000000000000000      0x2d7 c:/altera/14.1/nios2eds/bin/gnu/h-x86_64-mingw32/bin/../lib/gcc/nios2-elf/4.8.3/mhw-mulx\libgcc.a(lib2-divmod.o)
 .debug_loc     0x00000000000002d7       0x2c c:/altera/14.1/nios2eds/bin/gnu/h-x86_64-mingw32/bin/../lib/gcc/nios2-elf/4.8.3/../../../../../H-x86_64-mingw32/nios2-elf/lib/mhw-mulx\libc.a(lib_a-atexit.o)
 .debug_loc     0x0000000000000303       0x1e c:/altera/14.1/nios2eds/bin/gnu/h-x86_64-mingw32/bin/../lib/gcc/nios2-elf/4.8.3/../../../../../H-x86_64-mingw32/nios2-elf/lib/mhw-mulx\libc.a(lib_a-exit.o)
 .debug_loc     0x0000000000000321      0x126 c:/altera/14.1/nios2eds/bin/gnu/h-x86_64-mingw32/bin/../lib/gcc/nios2-elf/4.8.3/../../../../../H-x86_64-mingw32/nios2-elf/lib/mhw-mulx\libc.a(lib_a-memcmp.o)
 .debug_loc     0x0000000000000447       0x47 c:/altera/14.1/nios2eds/bin/gnu/h-x86_64-mingw32/bin/../lib/gcc/nios2-elf/4.8.3/../../../../../H-x86_64-mingw32/nios2-elf/lib/mhw-mulx\libc.a(lib_a-strlen.o)
 .debug_loc     0x000000000000048e      0x174 c:/altera/14.1/nios2eds/bin/gnu/h-x86_64-mingw32/bin/../lib/gcc/nios2-elf/4.8.3/../../../../../H-x86_64-mingw32/nios2-elf/lib/mhw-mulx\libc.a(lib_a-__atexit.o)
 .debug_loc     0x0000000000000602      0x1d8 c:/altera/14.1/nios2eds/bin/gnu/h-x86_64-mingw32/bin/../lib/gcc/nios2-elf/4.8.3/../../../../../H-x86_64-mingw32/nios2-elf/lib/mhw-mulx\libc.a(lib_a-__call_atexit.o)

.debug_macinfo
 *(.debug_macinfo)

.debug_weaknames
 *(.debug_weaknames)

.debug_funcnames
 *(.debug_funcnames)

.debug_typenames
 *(.debug_typenames)

.debug_varnames
 *(.debug_varnames)

.debug_alt_sim_info
                0x0000000000000000       0x30
 *(.debug_alt_sim_info)
 .debug_alt_sim_info
                0x0000000000000000       0x30 ../ServoDrive_bsp//obj/HAL/src/crt0.o
                0x000000000000c800                __alt_data_end = 0xc800
                0x000000000000c800                PROVIDE (__alt_stack_pointer, __alt_data_end)
                0x000000000000ba38                PROVIDE (__alt_stack_limit, __alt_stack_base)
                0x000000000000ba38                PROVIDE (__alt_heap_start, end)
                0x000000000000c800                PROVIDE (__alt_heap_limit, 0xc800)
OUTPUT(ServoDrive.elf elf32-littlenios2)

.debug_ranges   0x0000000000000000       0x38
 .debug_ranges  0x0000000000000000       0x20 ../ServoDrive_bsp//obj/HAL/src/crt0.o
 .debug_ranges  0x0000000000000020       0x18 c:/altera/14.1/nios2eds/bin/gnu/h-x86_64-mingw32/bin/../lib/gcc/nios2-elf/4.8.3/../../../../../H-x86_64-mingw32/nios2-elf/lib/mhw-mulx\libc.a(lib_a-__call_atexit.o)
